[10:11:37] start mempool/FN-5 任务级与用户级内存隔离
[10:11:37] repo_root=/home/wangshouxin/native-rdma-web
[10:11:37] uds=/tmp/native_rdma-dp.sock ctrl_url=http://127.0.0.1:5000
[10:11:37] rpc RPC_ISO_DENY body_len=20
[10:11:37] rpc RPC_ISO_DENY resp_len=69 resp={"ok":true,"action":"deny","tenant_id":21697,"pool":"default/slab1k"}
[10:11:37] rpc RPC_ISO_DENY body_len=21
[10:11:37] rpc RPC_ISO_DENY resp_len=70 resp={"ok":true,"action":"deny","tenant_id":121697,"pool":"default/slab1k"}
[10:11:37] rpc RPC_KV_PUT body_len=62
[10:11:37] rpc RPC_KV_PUT resp_len=68 resp={"ok":false,"err":"tenant 21697 not allowed on pool default/slab1k"}
[10:11:37] rpc RPC_KV_PUT body_len=63
[10:11:37] rpc RPC_KV_PUT resp_len=69 resp={"ok":false,"err":"tenant 121697 not allowed on pool default/slab1k"}
[10:11:37] rpc RPC_ISO_ALLOW body_len=20
[10:11:37] rpc RPC_ISO_ALLOW resp_len=70 resp={"ok":true,"action":"allow","tenant_id":21697,"pool":"default/slab1k"}
[10:11:37] rpc RPC_ISO_LIST body_len=0
[10:11:37] rpc RPC_ISO_LIST resp_len=65 resp={"ok":true,"allowed":["21697|default/slab1k","0|default/slab1k"]}
[10:11:37] rpc RPC_KV_PUT body_len=65
[10:11:37] rpc RPC_KV_PUT resp_len=370 resp={"ok":true,"key":"fn_iso_shared_1780020697864_3197213","tenant_id":21697,"size":22,"offset":10481664,"repl_ns":42687,"degraded":false,"transport":"rdma","async_repl":false,"tcp_data_ready":true,"qos":{"priority":"hi","qp_idx":2,"hi_qp_start":0,"hi_qp_count":16,"lo_qp_start":16,"lo_qp_count":13},"route":{"primary":"192.168.0.214","replica":"","local_is_primary":false}}
[10:11:37] rpc RPC_KV_GET body_len=42
[10:11:37] rpc RPC_KV_GET resp_len=66 resp={"ok":true,"hit":"local","size":22,"val":"tenant-a-private-value"}
[10:11:37] rpc RPC_KV_GET body_len=43
[10:11:37] rpc RPC_KV_GET resp_len=69 resp={"ok":false,"err":"tenant 121697 not allowed on pool default/slab1k"}
[10:11:37] rpc RPC_ISO_ALLOW body_len=21
[10:11:37] rpc RPC_ISO_ALLOW resp_len=71 resp={"ok":true,"action":"allow","tenant_id":121697,"pool":"default/slab1k"}
[10:11:37] rpc RPC_KV_GET body_len=43
[10:11:37] rpc RPC_KV_GET resp_len=30 resp={"ok":false,"err":"not found"}
[10:11:37] rpc RPC_KV_PUT body_len=66
[10:11:37] rpc RPC_KV_PUT resp_len=383 resp={"ok":true,"key":"fn_iso_shared_1780020697864_3197213","tenant_id":121697,"size":22,"offset":11530240,"repl_ns":23279,"degraded":false,"transport":"rdma","async_repl":false,"tcp_data_ready":true,"qos":{"priority":"hi","qp_idx":3,"hi_qp_start":0,"hi_qp_count":16,"lo_qp_start":16,"lo_qp_count":13},"route":{"primary":"192.168.0.218","replica":"192.168.0.214","local_is_primary":true}}
[10:11:37] rpc RPC_KV_GET body_len=43
[10:11:37] rpc RPC_KV_GET resp_len=66 resp={"ok":true,"hit":"local","size":22,"val":"tenant-b-private-value"}
[10:11:37] rpc RPC_KV_GET body_len=42
[10:11:37] rpc RPC_KV_GET resp_len=66 resp={"ok":true,"hit":"local","size":22,"val":"tenant-a-private-value"}
[10:11:37] rpc RPC_ISO_DENY body_len=20
[10:11:37] rpc RPC_ISO_DENY resp_len=69 resp={"ok":true,"action":"deny","tenant_id":21697,"pool":"default/slab1k"}
[10:11:37] rpc RPC_KV_GET body_len=42
[10:11:37] rpc RPC_KV_GET resp_len=68 resp={"ok":false,"err":"tenant 21697 not allowed on pool default/slab1k"}
[10:11:37] rpc RPC_KV_PUT body_len=68
[10:11:37] rpc RPC_KV_PUT resp_len=68 resp={"ok":false,"err":"tenant 21697 not allowed on pool default/slab1k"}
[10:11:37] rpc RPC_KV_GET body_len=43
[10:11:37] rpc RPC_KV_GET resp_len=66 resp={"ok":true,"hit":"local","size":22,"val":"tenant-b-private-value"}
[10:11:37] rpc RPC_ISO_DENY body_len=21
[10:11:37] rpc RPC_ISO_DENY resp_len=70 resp={"ok":true,"action":"deny","tenant_id":121697,"pool":"default/slab1k"}
[10:11:37] rpc RPC_KV_PUT body_len=69
[10:11:37] rpc RPC_KV_PUT resp_len=69 resp={"ok":false,"err":"tenant 121697 not allowed on pool default/slab1k"}
[10:11:37] rpc RPC_ISO_LIST body_len=0
[10:11:37] rpc RPC_ISO_LIST resp_len=42 resp={"ok":true,"allowed":["0|default/slab1k"]}
[10:11:37] result=PASS completion=完成
