Command: bash /home/wangshouxin/native-rdma-web/functions/rdma/FN-1/run.sh

[function-dashboard] restart stack before function
[function-dashboard] restart command: bash /home/wangshouxin/native-rdma-web/native_rdma/start.sh

[start] repo=/home/wangshouxin/native-rdma-web
[start] build=/home/wangshouxin/native-rdma-web/native_rdma/build-current
[start] peer=xfusion4:/home/wangshouxin/native-rdma-web
[start] build local
-- ==== native_rdma build config ====
--   Build type   : Release
--   C++ std      : 17
--   io_uring     : ON
--   zstd         : ON
--   lz4          : ON
--   cuda/gdr     : OFF
--   tests        : ON
-- ==================================
-- Configuring done
-- Generating done
-- Build files have been written to: /home/wangshouxin/native-rdma-web/native_rdma/build-current
ninja: no work to do.
[start] check peer ssh
[start] sync repo to peer
sending incremental file list
docs/question&answer.md

sent 200,631 bytes  received 461 bytes  402,184.00 bytes/sec
total size is 142,468,260  speedup is 708.47
[start] build peer
-- ==== native_rdma build config ====
--   Build type   : Release
--   C++ std      : 17
--   io_uring     : ON
--   zstd         : ON
--   lz4          : ON
--   cuda/gdr     : OFF
--   tests        : ON
-- ==================================
-- Configuring done
-- Generating done
-- Build files have been written to: /home/wangshouxin/native-rdma-web/native_rdma/build-current
ninja: no work to do.
[start] clean cold-tier leftovers
[start] stop old local stack
[demo_down] 精确匹配 native_rdma_dp ...
[demo_down] 已清理
[start] stop old peer stack
[demo_down] 精确匹配 native_rdma_dp ...
[demo_down] 已清理
[start] start peer role B
[36m[demo_up][0m ROLE=B  SELF=192.168.0.214  PEER=192.168.0.218  FLASK_PORT=5001
[36m[demo_up][0m SLAB_SLOT_SIZE=4096  SLAB_TOTAL_BYTES=4294967296
[36m[demo_up][0m NR_GDR_ENABLE=0  NR_CUDA_DEVICE=0  NR_GDR_BYTES=67108864
[36m[demo_up][0m 清理残留进程 / IPC
[36m[demo_up][0m 启动 native_rdma_dp (role=B)
[36m[demo_up][0m   DP pid=1147625
[36m[demo_up][0m role=B 是 OOB listener，等 TCP:18515 进入 LISTEN（最多 20s）
[32m[  OK  ][0m Data Plane (B) 已监听 TCP:18515，等待 A 端 connect 即可完成握手
[32m[  OK  ][0m 跳过 Flask 重启 (NR_SKIP_FLASK=1)，保留现有控制面
[start] start local role A
[36m[demo_up][0m ROLE=A  SELF=192.168.0.218  PEER=192.168.0.214  FLASK_PORT=5000
[36m[demo_up][0m SLAB_SLOT_SIZE=4096  SLAB_TOTAL_BYTES=4294967296
[36m[demo_up][0m NR_GDR_ENABLE=0  NR_CUDA_DEVICE=0  NR_GDR_BYTES=67108864
[36m[demo_up][0m 清理残留进程 / IPC
[36m[demo_up][0m 启动 native_rdma_dp (role=A)
[36m[demo_up][0m   DP pid=1960285
[36m[demo_up][0m role=A 等 UDS 就绪（最多 15s，要求对端 B 已在 listen）
[32m[  OK  ][0m Data Plane (A) 握手完成 (uds=/tmp/native_rdma-dp.sock)
[32m[  OK  ][0m 跳过 Flask 重启 (NR_SKIP_FLASK=1)，保留现有控制面

[function-dashboard] restart exit=0

[function-dashboard] wait 5.0s for heartbeat stabilization

rdma/FN-1 PASS - RDMA 与 TCP/IP 统一通信层
- 最近一次数据面启动日志包含 RDMA QP、TcpFallback 和 OOB exchange 证据: /home/wangshouxin/native-rdma-web/native_rdma/logs/dp_A.log
- peer_alive=True peer_num_qp=32 peer_slab_rkey=71936
- TCP 协议切换闭环成功: RPC_KV_PUT transport=tcp -> RPC_TCP_GET_PEER size=19
- RDMA/TCP 复制时延对比: RDMA avg=28.057us p95=26.734us; TCP avg=215.084us p95=260.891us; samples=8
summary: /home/wangshouxin/native-rdma-web/functions/rdma/FN-1/history/web_20260507_220608_fn_rdma_FN1_20260507_220608_608a23df/summary.md
log: /home/wangshouxin/native-rdma-web/functions/rdma/FN-1/history/web_20260507_220608_fn_rdma_FN1_20260507_220608_608a23df/logs/run_20260507_220608.log

[function-dashboard] restore stack after function
[start] repo=/home/wangshouxin/native-rdma-web
[start] build=/home/wangshouxin/native-rdma-web/native_rdma/build-current
[start] peer=xfusion4:/home/wangshouxin/native-rdma-web
[start] build local
-- ==== native_rdma build config ====
--   Build type   : Release
--   C++ std      : 17
--   io_uring     : ON
--   zstd         : ON
--   lz4          : ON
--   cuda/gdr     : OFF
--   tests        : ON
-- ==================================
-- Configuring done
-- Generating done
-- Build files have been written to: /home/wangshouxin/native-rdma-web/native_rdma/build-current
ninja: no work to do.
[start] check peer ssh
[start] sync repo to peer
sending incremental file list

sent 199,358 bytes  received 418 bytes  399,552.00 bytes/sec
total size is 142,468,260  speedup is 713.14
[start] build peer
-- ==== native_rdma build config ====
--   Build type   : Release
--   C++ std      : 17
--   io_uring     : ON
--   zstd         : ON
--   lz4          : ON
--   cuda/gdr     : OFF
--   tests        : ON
-- ==================================
-- Configuring done
-- Generating done
-- Build files have been written to: /home/wangshouxin/native-rdma-web/native_rdma/build-current
ninja: no work to do.
[start] clean cold-tier leftovers
[start] stop old local stack
[demo_down] 精确匹配 native_rdma_dp ...
[demo_down] 已清理
[start] stop old peer stack
[demo_down] 精确匹配 native_rdma_dp ...
[demo_down] 已清理
[start] start peer role B
[36m[demo_up][0m ROLE=B  SELF=192.168.0.214  PEER=192.168.0.218  FLASK_PORT=5001
[36m[demo_up][0m SLAB_SLOT_SIZE=4096  SLAB_TOTAL_BYTES=4294967296
[36m[demo_up][0m NR_GDR_ENABLE=0  NR_CUDA_DEVICE=0  NR_GDR_BYTES=67108864
[36m[demo_up][0m 清理残留进程 / IPC
[36m[demo_up][0m 启动 native_rdma_dp (role=B)
[36m[demo_up][0m   DP pid=1148169
[36m[demo_up][0m role=B 是 OOB listener，等 TCP:18515 进入 LISTEN（最多 20s）
[32m[  OK  ][0m Data Plane (B) 已监听 TCP:18515，等待 A 端 connect 即可完成握手
[32m[  OK  ][0m 跳过 Flask 重启 (NR_SKIP_FLASK=1)，保留现有控制面
[start] start local role A
[36m[demo_up][0m ROLE=A  SELF=192.168.0.218  PEER=192.168.0.214  FLASK_PORT=5000
[36m[demo_up][0m SLAB_SLOT_SIZE=4096  SLAB_TOTAL_BYTES=4294967296
[36m[demo_up][0m NR_GDR_ENABLE=0  NR_CUDA_DEVICE=0  NR_GDR_BYTES=67108864
[36m[demo_up][0m 清理残留进程 / IPC
[36m[demo_up][0m 启动 native_rdma_dp (role=A)
[36m[demo_up][0m   DP pid=1960845
[36m[demo_up][0m role=A 等 UDS 就绪（最多 15s，要求对端 B 已在 listen）
[32m[  OK  ][0m Data Plane (A) 握手完成 (uds=/tmp/native_rdma-dp.sock)
[32m[  OK  ][0m 跳过 Flask 重启 (NR_SKIP_FLASK=1)，保留现有控制面

[function-dashboard] restore exit=0
