[01:26:05] start mempool/FN-5 任务级与用户级内存隔离
[01:26:05] repo_root=/home/wangshouxin/native-rdma-web
[01:26:05] uds=/tmp/native_rdma-dp.sock ctrl_url=http://127.0.0.1:5000
[01:26:05] rpc RPC_ISO_DENY body_len=20
[01:26:05] rpc RPC_ISO_DENY resp_len=69 resp={"ok":true,"action":"deny","tenant_id":16565,"pool":"default/slab1k"}
[01:26:05] rpc RPC_ISO_DENY body_len=21
[01:26:05] rpc RPC_ISO_DENY resp_len=70 resp={"ok":true,"action":"deny","tenant_id":116565,"pool":"default/slab1k"}
[01:26:05] rpc RPC_KV_PUT body_len=62
[01:26:05] rpc RPC_KV_PUT resp_len=68 resp={"ok":false,"err":"tenant 16565 not allowed on pool default/slab1k"}
[01:26:05] rpc RPC_KV_PUT body_len=63
[01:26:05] rpc RPC_KV_PUT resp_len=69 resp={"ok":false,"err":"tenant 116565 not allowed on pool default/slab1k"}
[01:26:05] rpc RPC_ISO_ALLOW body_len=20
[01:26:05] rpc RPC_ISO_ALLOW resp_len=70 resp={"ok":true,"action":"allow","tenant_id":16565,"pool":"default/slab1k"}
[01:26:05] rpc RPC_ISO_LIST body_len=0
[01:26:05] rpc RPC_ISO_LIST resp_len=65 resp={"ok":true,"allowed":["16565|default/slab1k","0|default/slab1k"]}
[01:26:05] rpc RPC_KV_PUT body_len=65
[01:26:05] rpc RPC_KV_PUT resp_len=383 resp={"ok":true,"key":"fn_iso_shared_1777915565556_3058505","tenant_id":16565,"size":22,"offset":41971712,"repl_ns":22765,"degraded":false,"transport":"rdma","async_repl":false,"tcp_data_ready":true,"qos":{"priority":"hi","qp_idx":14,"hi_qp_start":0,"hi_qp_count":16,"lo_qp_start":16,"lo_qp_count":13},"route":{"primary":"192.168.0.218","replica":"192.168.0.214","local_is_primary":true}}
[01:26:05] rpc RPC_KV_GET body_len=42
[01:26:05] rpc RPC_KV_GET resp_len=66 resp={"ok":true,"hit":"local","size":22,"val":"tenant-a-private-value"}
[01:26:05] rpc RPC_KV_GET body_len=43
[01:26:05] rpc RPC_KV_GET resp_len=69 resp={"ok":false,"err":"tenant 116565 not allowed on pool default/slab1k"}
[01:26:05] rpc RPC_ISO_ALLOW body_len=21
[01:26:05] rpc RPC_ISO_ALLOW resp_len=71 resp={"ok":true,"action":"allow","tenant_id":116565,"pool":"default/slab1k"}
[01:26:05] rpc RPC_KV_GET body_len=43
[01:26:05] rpc RPC_KV_GET resp_len=30 resp={"ok":false,"err":"not found"}
[01:26:05] rpc RPC_KV_PUT body_len=66
[01:26:05] rpc RPC_KV_PUT resp_len=384 resp={"ok":true,"key":"fn_iso_shared_1777915565556_3058505","tenant_id":116565,"size":22,"offset":43020288,"repl_ns":20393,"degraded":false,"transport":"rdma","async_repl":false,"tcp_data_ready":true,"qos":{"priority":"hi","qp_idx":15,"hi_qp_start":0,"hi_qp_count":16,"lo_qp_start":16,"lo_qp_count":13},"route":{"primary":"192.168.0.218","replica":"192.168.0.214","local_is_primary":true}}
[01:26:05] rpc RPC_KV_GET body_len=43
[01:26:05] rpc RPC_KV_GET resp_len=66 resp={"ok":true,"hit":"local","size":22,"val":"tenant-b-private-value"}
[01:26:05] rpc RPC_KV_GET body_len=42
[01:26:05] rpc RPC_KV_GET resp_len=66 resp={"ok":true,"hit":"local","size":22,"val":"tenant-a-private-value"}
[01:26:05] rpc RPC_ISO_DENY body_len=20
[01:26:05] rpc RPC_ISO_DENY resp_len=69 resp={"ok":true,"action":"deny","tenant_id":16565,"pool":"default/slab1k"}
[01:26:05] rpc RPC_KV_GET body_len=42
[01:26:05] rpc RPC_KV_GET resp_len=68 resp={"ok":false,"err":"tenant 16565 not allowed on pool default/slab1k"}
[01:26:05] rpc RPC_KV_PUT body_len=68
[01:26:05] rpc RPC_KV_PUT resp_len=68 resp={"ok":false,"err":"tenant 16565 not allowed on pool default/slab1k"}
[01:26:05] rpc RPC_KV_GET body_len=43
[01:26:05] rpc RPC_KV_GET resp_len=66 resp={"ok":true,"hit":"local","size":22,"val":"tenant-b-private-value"}
[01:26:05] rpc RPC_ISO_DENY body_len=21
[01:26:05] rpc RPC_ISO_DENY resp_len=70 resp={"ok":true,"action":"deny","tenant_id":116565,"pool":"default/slab1k"}
[01:26:05] rpc RPC_KV_PUT body_len=69
[01:26:05] rpc RPC_KV_PUT resp_len=69 resp={"ok":false,"err":"tenant 116565 not allowed on pool default/slab1k"}
[01:26:05] rpc RPC_ISO_LIST body_len=0
[01:26:05] rpc RPC_ISO_LIST resp_len=42 resp={"ok":true,"allowed":["0|default/slab1k"]}
[01:26:05] result=PASS completion=完成
