[01:08:26] start storage/FN-5 IO 调度与优先级管理
[01:08:26] repo_root=/home/wangshouxin/native-rdma-web
[01:08:26] uds=/tmp/native_rdma-dp.sock ctrl_url=http://127.0.0.1:5000
[01:08:26] rpc RPC_CLUSTER_STATUS body_len=0
[01:08:26] rpc RPC_CLUSTER_STATUS resp_len=573 resp={"ok":true,"self":"A","peer_alive":true,"local_slab_base":139732842311680,"local_slab_len":4294967296,"local_slab_lkey":96256,"local_slab_rkey":96256,"peer_slab_base":140149538803712,"peer_slab_len":4294967296,"peer_slab_rkey":71936,"peer_num_qp":32,"local_gpu_enabled":false,"local_gpu_len":0,"local_gpu_lkey":0,"local_gpu_rkey":0,"peer_gpu_enabled":false,"peer_gpu_base":0,"peer_gpu_len":0,"peer_gpu_rkey":0,"degraded_puts":0,"degraded_bytes":0,"transport":"rdma","async_repl":false,"tcp_data_ready
[01:08:26] read data-plane log /home/wangshouxin/native-rdma-web/native_rdma/logs/dp_A.log bytes=4938073
[01:08:26] rpc RPC_IO_STATS body_len=0
[01:08:26] rpc RPC_IO_STATS resp_len=157 resp={"ok":true,"fg_read_ops":6,"fg_write_ops":6,"fg_read_bytes":124,"fg_write_bytes":124,"bg_read_ops":3,"bg_write_ops":3,"bg_read_bytes":57,"bg_write_bytes":68}
[01:08:26] rpc RPC_KV_PUT body_len=60
[01:08:26] rpc RPC_KV_PUT resp_len=366 resp={"ok":true,"key":"fn_io_fg_nvme_1779815306364_2665970","tenant_id":0,"size":24,"offset":29356032,"repl_ns":39981,"degraded":false,"transport":"rdma","async_repl":false,"tcp_data_ready":true,"qos":{"priority":"hi","qp_idx":2,"hi_qp_start":0,"hi_qp_count":16,"lo_qp_start":16,"lo_qp_count":13},"route":{"primary":"192.168.0.214","replica":"","local_is_primary":false}}
[01:08:26] rpc RPC_TIER_DEMOTE body_len=40
[01:08:26] rpc RPC_TIER_DEMOTE resp_len=67 resp={"ok":true,"key":"fn_io_fg_nvme_1779815306364_2665970","to":"nvme"}
[01:08:26] rpc RPC_KV_GET body_len=35
[01:08:26] rpc RPC_KV_GET resp_len=75 resp={"ok":true,"hit":"nvme_promote","size":24,"val":"foreground-nvme-io-probe"}
[01:08:26] rpc RPC_KV_PUT body_len=58
[01:08:26] rpc RPC_KV_PUT resp_len=365 resp={"ok":true,"key":"fn_io_bg_hdd_1779815306365_2665970","tenant_id":0,"size":23,"offset":31453184,"repl_ns":26794,"degraded":false,"transport":"rdma","async_repl":false,"tcp_data_ready":true,"qos":{"priority":"hi","qp_idx":3,"hi_qp_start":0,"hi_qp_count":16,"lo_qp_start":16,"lo_qp_count":13},"route":{"primary":"192.168.0.214","replica":"","local_is_primary":false}}
[01:08:26] rpc RPC_TIER_DEMOTE body_len=38
[01:08:26] rpc RPC_TIER_DEMOTE resp_len=65 resp={"ok":true,"key":"fn_io_bg_hdd_1779815306365_2665970","to":"hdd"}
[01:08:26] rpc RPC_KV_GET body_len=34
[01:08:26] rpc RPC_KV_GET resp_len=73 resp={"ok":true,"hit":"hdd_promote","size":23,"val":"background-hdd-io-probe"}
[01:08:26] rpc RPC_IO_STATS body_len=0
[01:08:26] rpc RPC_IO_STATS resp_len=157 resp={"ok":true,"fg_read_ops":7,"fg_write_ops":7,"fg_read_bytes":148,"fg_write_bytes":148,"bg_read_ops":4,"bg_write_ops":4,"bg_read_bytes":80,"bg_write_bytes":91}
[01:08:26] result=PASS completion=完成
