[23:30:53] start storage/FN-5 IO 调度与优先级管理
[23:30:53] repo_root=/home/wangshouxin/native-rdma-web
[23:30:53] uds=/tmp/native_rdma-dp.sock ctrl_url=http://127.0.0.1:5000
[23:30:53] rpc RPC_CLUSTER_STATUS body_len=0
[23:30:53] rpc RPC_CLUSTER_STATUS resp_len=573 resp={"ok":true,"self":"A","peer_alive":true,"local_slab_base":140331363024896,"local_slab_len":4294967296,"local_slab_lkey":96256,"local_slab_rkey":96256,"peer_slab_base":140252278923264,"peer_slab_len":4294967296,"peer_slab_rkey":71936,"peer_num_qp":32,"local_gpu_enabled":false,"local_gpu_len":0,"local_gpu_lkey":0,"local_gpu_rkey":0,"peer_gpu_enabled":false,"peer_gpu_base":0,"peer_gpu_len":0,"peer_gpu_rkey":0,"degraded_puts":0,"degraded_bytes":0,"transport":"rdma","async_repl":false,"tcp_data_ready
[23:30:53] read data-plane log /home/wangshouxin/native-rdma-web/native_rdma/logs/dp_A.log bytes=4748352
[23:30:53] rpc RPC_IO_STATS body_len=0
[23:30:53] rpc RPC_IO_STATS resp_len=170 resp={"ok":true,"fg_read_ops":141,"fg_write_ops":176,"fg_read_bytes":532812,"fg_write_bytes":676172,"bg_read_ops":48,"bg_write_ops":6,"bg_read_bytes":912,"bg_write_bytes":160}
[23:30:53] rpc RPC_KV_PUT body_len=60
[23:30:53] rpc RPC_KV_PUT resp_len=379 resp={"ok":true,"key":"fn_io_fg_nvme_1779809453576_2502170","tenant_id":0,"size":24,"offset":218996736,"repl_ns":28858,"degraded":false,"transport":"rdma","async_repl":false,"tcp_data_ready":true,"qos":{"priority":"hi","qp_idx":5,"hi_qp_start":0,"hi_qp_count":16,"lo_qp_start":16,"lo_qp_count":13},"route":{"primary":"192.168.0.218","replica":"192.168.0.214","local_is_primary":true}}
[23:30:53] rpc RPC_TIER_DEMOTE body_len=40
[23:30:53] rpc RPC_TIER_DEMOTE resp_len=67 resp={"ok":true,"key":"fn_io_fg_nvme_1779809453576_2502170","to":"nvme"}
[23:30:53] rpc RPC_KV_GET body_len=35
[23:30:53] rpc RPC_KV_GET resp_len=75 resp={"ok":true,"hit":"nvme_promote","size":24,"val":"foreground-nvme-io-probe"}
[23:30:53] rpc RPC_KV_PUT body_len=58
[23:30:53] rpc RPC_KV_PUT resp_len=365 resp={"ok":true,"key":"fn_io_bg_hdd_1779809453577_2502170","tenant_id":0,"size":23,"offset":221093888,"repl_ns":15990,"degraded":false,"transport":"rdma","async_repl":false,"tcp_data_ready":true,"qos":{"priority":"hi","qp_idx":6,"hi_qp_start":0,"hi_qp_count":16,"lo_qp_start":16,"lo_qp_count":13},"route":{"primary":"192.168.0.218","replica":"","local_is_primary":true}}
[23:30:53] rpc RPC_TIER_DEMOTE body_len=38
[23:30:53] rpc RPC_TIER_DEMOTE resp_len=65 resp={"ok":true,"key":"fn_io_bg_hdd_1779809453577_2502170","to":"hdd"}
[23:30:53] rpc RPC_KV_GET body_len=34
[23:30:53] rpc RPC_KV_GET resp_len=73 resp={"ok":true,"hit":"hdd_promote","size":23,"val":"background-hdd-io-probe"}
[23:30:53] rpc RPC_IO_STATS body_len=0
[23:30:53] rpc RPC_IO_STATS resp_len=170 resp={"ok":true,"fg_read_ops":142,"fg_write_ops":177,"fg_read_bytes":532836,"fg_write_bytes":676196,"bg_read_ops":49,"bg_write_ops":7,"bg_read_bytes":935,"bg_write_bytes":183}
[23:30:53] result=PASS completion=完成
