[06:37:09] start rdma/FN-2 聚合数据传输
[06:37:09] repo_root=/home/wangshouxin/native-rdma-web
[06:37:09] uds=/tmp/native_rdma-dp.sock ctrl_url=http://127.0.0.1:5000
[06:37:09] rpc RPC_CLUSTER_STATUS body_len=0
[06:37:09] rpc RPC_CLUSTER_STATUS resp_len=573 resp={"ok":true,"self":"A","peer_alive":true,"local_slab_base":140382420123648,"local_slab_len":4294967296,"local_slab_lkey":96256,"local_slab_rkey":96256,"peer_slab_base":140187342606336,"peer_slab_len":4294967296,"peer_slab_rkey":71936,"peer_num_qp":32,"local_gpu_enabled":false,"local_gpu_len":0,"local_gpu_lkey":0,"local_gpu_rkey":0,"peer_gpu_enabled":false,"peer_gpu_base":0,"peer_gpu_len":0,"peer_gpu_rkey":0,"degraded_puts":0,"degraded_bytes":0,"transport":"rdma","async_repl":false,"tcp_data_ready
[06:37:09] read data-plane log /home/wangshouxin/native-rdma-web/native_rdma/logs/dp_A.log bytes=1607307
[06:37:09] rpc RPC_KV_PUT_BATCH body_len=404
[06:37:09] rpc RPC_KV_PUT_BATCH resp_len=192 resp={"ok":true,"n":8,"ok_n":8,"peer_alive":true,"replicated_n":8,"degraded_n":0,"repl_failed_n":0,"degraded":false,"transport":"rdma","async_repl":false,"aggregation":"batch_rpc","repl_ns":108520}
[06:37:09] rpc RPC_TCP_GET_PEER body_len=31
[06:37:09] rpc RPC_TCP_GET_PEER resp_len=117 resp={"ok":true,"transport":"tcp","key":"fn_batch_1777934229593_205363_0","size":13,"tcp_ns":353567,"val":"batch-value-0"}
[06:37:09] rpc RPC_TCP_GET_PEER body_len=31
[06:37:09] rpc RPC_TCP_GET_PEER resp_len=117 resp={"ok":true,"transport":"tcp","key":"fn_batch_1777934229593_205363_1","size":13,"tcp_ns":253057,"val":"batch-value-1"}
[06:37:09] rpc RPC_TCP_GET_PEER body_len=31
[06:37:09] rpc RPC_TCP_GET_PEER resp_len=117 resp={"ok":true,"transport":"tcp","key":"fn_batch_1777934229593_205363_2","size":13,"tcp_ns":206461,"val":"batch-value-2"}
[06:37:09] rpc RPC_TCP_GET_PEER body_len=31
[06:37:09] rpc RPC_TCP_GET_PEER resp_len=117 resp={"ok":true,"transport":"tcp","key":"fn_batch_1777934229593_205363_3","size":13,"tcp_ns":193732,"val":"batch-value-3"}
[06:37:09] rpc RPC_TCP_GET_PEER body_len=31
[06:37:09] rpc RPC_TCP_GET_PEER resp_len=117 resp={"ok":true,"transport":"tcp","key":"fn_batch_1777934229593_205363_4","size":13,"tcp_ns":195899,"val":"batch-value-4"}
[06:37:09] rpc RPC_TCP_GET_PEER body_len=31
[06:37:09] rpc RPC_TCP_GET_PEER resp_len=117 resp={"ok":true,"transport":"tcp","key":"fn_batch_1777934229593_205363_5","size":13,"tcp_ns":212181,"val":"batch-value-5"}
[06:37:09] rpc RPC_TCP_GET_PEER body_len=31
[06:37:09] rpc RPC_TCP_GET_PEER resp_len=117 resp={"ok":true,"transport":"tcp","key":"fn_batch_1777934229593_205363_6","size":13,"tcp_ns":240189,"val":"batch-value-6"}
[06:37:09] rpc RPC_TCP_GET_PEER body_len=31
[06:37:09] rpc RPC_TCP_GET_PEER resp_len=117 resp={"ok":true,"transport":"tcp","key":"fn_batch_1777934229593_205363_7","size":13,"tcp_ns":213368,"val":"batch-value-7"}
[06:37:09] result=PASS completion=完成
