[restart] env: {'SLAB_SLOT_SIZE': '4096', 'SLAB_TOTAL_BYTES': '4294967296', 'NR_ASYNC_REPL': '0', 'NR_TRANSPORT': 'rdma', 'NR_GDR_ENABLE': '0', 'NR_SKIP_FLASK': '1'}
[restart] exit=0
 已清理
[start] stop old peer stack
[demo_down] 精确匹配 native_rdma_dp ...
[demo_down] 已清理
[start] start peer role B
[36m[demo_up][0m ROLE=B  SELF=192.168.0.214  PEER=192.168.0.218  FLASK_PORT=5001
[36m[demo_up][0m SLAB_SLOT_SIZE=4096  SLAB_TOTAL_BYTES=4294967296
[36m[demo_up][0m NR_GDR_ENABLE=0  NR_CUDA_DEVICE=0  NR_GDR_BYTES=67108864
[36m[demo_up][0m 清理残留进程 / IPC
[36m[demo_up][0m 启动 native_rdma_dp (role=B)
[36m[demo_up][0m   DP pid=4172074
[36m[demo_up][0m role=B 是 OOB listener，等 TCP:18515 进入 LISTEN（最多 20s）
[32m[  OK  ][0m Data Plane (B) 已监听 TCP:18515，等待 A 端 connect 即可完成握手
[32m[  OK  ][0m 跳过 Flask 重启 (NR_SKIP_FLASK=1)，保留现有控制面
[start] start local role A
[36m[demo_up][0m ROLE=A  SELF=192.168.0.218  PEER=192.168.0.214  FLASK_PORT=5000
[36m[demo_up][0m SLAB_SLOT_SIZE=4096  SLAB_TOTAL_BYTES=4294967296
[36m[demo_up][0m NR_GDR_ENABLE=0  NR_CUDA_DEVICE=0  NR_GDR_BYTES=67108864
[36m[demo_up][0m 清理残留进程 / IPC
[36m[demo_up][0m 启动 native_rdma_dp (role=A)
[36m[demo_up][0m   DP pid=306130
[36m[demo_up][0m role=A 等 UDS 就绪（最多 15s，要求对端 B 已在 listen）
[32m[  OK  ][0m Data Plane (A) 握手完成 (uds=/tmp/native_rdma-dp.sock)
[32m[  OK  ][0m 跳过 Flask 重启 (NR_SKIP_FLASK=1)，保留现有控制面


[cluster-ready] {"ok": true, "self": "A", "peer_alive": true, "local_slab_base": 140026827517952, "local_slab_len": 4294967296, "local_slab_lkey": 96256, "local_slab_rkey": 96256, "peer_slab_base": 139676983832576, "peer_slab_len": 4294967296, "peer_slab_rkey": 71936, "peer_num_qp": 32, "local_gpu_enabled": false, "local_gpu_len": 0, "local_gpu_lkey": 0, "local_gpu_rkey": 0, "peer_gpu_enabled": false, "peer_gpu_base": 0, "peer_gpu_len": 0, "peer_gpu_rkey": 0, "degraded_puts": 0, "degraded_bytes": 0, "transport": "rdma", "async_repl": false, "tcp_data_ready": true, "tcp_data_port": 18516, "tcp_puts_received": 0, "tcp_gets_received": 0}

[warmup-A] $ /home/wangshouxin/native-rdma-web/native_rdma/build-current/bin/nr_bench --uds=/tmp/native_rdma-dp.sock --op=put --batch=100 --count=50 --val-size=1024 --keyspace=1000 --require-peer=1
exit=0
[nr_bench] uds=/tmp/native_rdma-dp.sock op=put threads=8 duration=10s val_size=1024 keyspace=1000 prio=default require_peer=true batch=100

==== nr_bench result ====
  elapsed       : 0.01 s
  elapsed_ms    : 7.73
  threads       : 8
  op            : put
  ops ok/fail   : 5000 / 0
  ops degraded  : 0 (rejected)
  ops/s         : 646533
  req_bytes     : 5189650 (671.06 MB/s)
  resp_bytes    : 9851 (1.27 MB/s)
  latency us    : avg=1.35  p50=1.24  p90=1.69  p99=3.09  p99.9=3.09  max=3.09


[warmup-B] $ /home/wangshouxin/native-rdma-web/native_rdma/build-current/bin/nr_bench --uds=/tmp/native_rdma-dp.sock --op=put --batch=1000 --count=30 --val-size=1024 --keyspace=1000 --require-peer=1
exit=0
[nr_bench] uds=/tmp/native_rdma-dp.sock op=put threads=8 duration=10s val_size=1024 keyspace=1000 prio=default require_peer=true batch=1000

==== nr_bench result ====
  elapsed       : 0.03 s
  elapsed_ms    : 29.77
  threads       : 8
  op            : put
  ops ok/fail   : 30000 / 0
  ops degraded  : 0 (rejected)
  ops/s         : 1007798
  req_bytes     : 31136820 (1045.99 MB/s)
  resp_bytes    : 6030 (0.20 MB/s)
  latency us    : avg=0.81  p50=0.78  p90=0.82  p99=1.36  p99.9=1.36  max=1.36


[scenario-A-1] $ /home/wangshouxin/native-rdma-web/native_rdma/build-current/bin/nr_bench --uds=/tmp/native_rdma-dp.sock --op=put --batch=100 --count=1000 --val-size=1024 --keyspace=1000 --require-peer=1
exit=0
[nr_bench] uds=/tmp/native_rdma-dp.sock op=put threads=8 duration=10s val_size=1024 keyspace=1000 prio=default require_peer=true batch=100

==== nr_bench result ====
  elapsed       : 0.12 s
  elapsed_ms    : 121.59
  threads       : 8
  op            : put
  ops ok/fail   : 100000 / 0
  ops degraded  : 0 (rejected)
  ops/s         : 822445
  req_bytes     : 103793000 (853.64 MB/s)
  resp_bytes    : 197000 (1.62 MB/s)
  latency us    : avg=1.06  p50=1.05  p90=1.11  p99=1.18  p99.9=1.41  max=1.41


[scenario-A-2] $ /home/wangshouxin/native-rdma-web/native_rdma/build-current/bin/nr_bench --uds=/tmp/native_rdma-dp.sock --op=put --batch=100 --count=1000 --val-size=1024 --keyspace=1000 --require-peer=1
exit=0
[nr_bench] uds=/tmp/native_rdma-dp.sock op=put threads=8 duration=10s val_size=1024 keyspace=1000 prio=default require_peer=true batch=100

==== nr_bench result ====
  elapsed       : 0.12 s
  elapsed_ms    : 120.66
  threads       : 8
  op            : put
  ops ok/fail   : 100000 / 0
  ops degraded  : 0 (rejected)
  ops/s         : 828778
  req_bytes     : 103793000 (860.21 MB/s)
  resp_bytes    : 197000 (1.63 MB/s)
  latency us    : avg=1.05  p50=1.04  p90=1.10  p99=1.18  p99.9=2.97  max=2.97


[scenario-A-3] $ /home/wangshouxin/native-rdma-web/native_rdma/build-current/bin/nr_bench --uds=/tmp/native_rdma-dp.sock --op=put --batch=100 --count=1000 --val-size=1024 --keyspace=1000 --require-peer=1
exit=0
[nr_bench] uds=/tmp/native_rdma-dp.sock op=put threads=8 duration=10s val_size=1024 keyspace=1000 prio=default require_peer=true batch=100

==== nr_bench result ====
  elapsed       : 0.12 s
  elapsed_ms    : 119.48
  threads       : 8
  op            : put
  ops ok/fail   : 100000 / 0
  ops degraded  : 0 (rejected)
  ops/s         : 836955
  req_bytes     : 103793000 (868.70 MB/s)
  resp_bytes    : 197000 (1.65 MB/s)
  latency us    : avg=1.03  p50=1.03  p90=1.09  p99=1.15  p99.9=2.77  max=2.77


[scenario-B-1] $ /home/wangshouxin/native-rdma-web/native_rdma/build-current/bin/nr_bench --uds=/tmp/native_rdma-dp.sock --op=put --batch=1000 --count=100 --val-size=1024 --keyspace=1000 --require-peer=1
exit=0
[nr_bench] uds=/tmp/native_rdma-dp.sock op=put threads=8 duration=10s val_size=1024 keyspace=1000 prio=default require_peer=true batch=1000

==== nr_bench result ====
  elapsed       : 0.11 s
  elapsed_ms    : 108.68
  threads       : 8
  op            : put
  ops ok/fail   : 100000 / 0
  ops degraded  : 0 (rejected)
  ops/s         : 920104
  req_bytes     : 103789400 (954.97 MB/s)
  resp_bytes    : 20100 (0.18 MB/s)
  latency us    : avg=0.92  p50=0.93  p90=0.96  p99=1.55  p99.9=1.55  max=1.55


[scenario-B-2] $ /home/wangshouxin/native-rdma-web/native_rdma/build-current/bin/nr_bench --uds=/tmp/native_rdma-dp.sock --op=put --batch=1000 --count=100 --val-size=1024 --keyspace=1000 --require-peer=1
exit=0
[nr_bench] uds=/tmp/native_rdma-dp.sock op=put threads=8 duration=10s val_size=1024 keyspace=1000 prio=default require_peer=true batch=1000

==== nr_bench result ====
  elapsed       : 0.09 s
  elapsed_ms    : 86.94
  threads       : 8
  op            : put
  ops ok/fail   : 100000 / 0
  ops degraded  : 0 (rejected)
  ops/s         : 1150208
  req_bytes     : 103789400 (1193.79 MB/s)
  resp_bytes    : 20100 (0.23 MB/s)
  latency us    : avg=0.71  p50=0.70  p90=0.74  p99=1.14  p99.9=1.14  max=1.14


[scenario-B-3] $ /home/wangshouxin/native-rdma-web/native_rdma/build-current/bin/nr_bench --uds=/tmp/native_rdma-dp.sock --op=put --batch=1000 --count=100 --val-size=1024 --keyspace=1000 --require-peer=1
exit=0
[nr_bench] uds=/tmp/native_rdma-dp.sock op=put threads=8 duration=10s val_size=1024 keyspace=1000 prio=default require_peer=true batch=1000

==== nr_bench result ====
  elapsed       : 0.08 s
  elapsed_ms    : 84.60
  threads       : 8
  op            : put
  ops ok/fail   : 100000 / 0
  ops degraded  : 0 (rejected)
  ops/s         : 1181995
  req_bytes     : 103789400 (1226.79 MB/s)
  resp_bytes    : 20100 (0.24 MB/s)
  latency us    : avg=0.69  p50=0.68  p90=0.72  p99=0.85  p99.9=0.85  max=0.85



[restore functional data-plane defaults]

[restart] env: {'SLAB_SLOT_SIZE': '4096', 'SLAB_TOTAL_BYTES': '4294967296', 'NR_ASYNC_REPL': '0', 'NR_TRANSPORT': 'rdma', 'NR_GDR_ENABLE': '0', 'NR_SKIP_FLASK': '1'}
[restart] exit=0
 已清理
[start] stop old peer stack
[demo_down] 精确匹配 native_rdma_dp ...
[demo_down] 已清理
[start] start peer role B
[36m[demo_up][0m ROLE=B  SELF=192.168.0.214  PEER=192.168.0.218  FLASK_PORT=5001
[36m[demo_up][0m SLAB_SLOT_SIZE=4096  SLAB_TOTAL_BYTES=4294967296
[36m[demo_up][0m NR_GDR_ENABLE=0  NR_CUDA_DEVICE=0  NR_GDR_BYTES=67108864
[36m[demo_up][0m 清理残留进程 / IPC
[36m[demo_up][0m 启动 native_rdma_dp (role=B)
[36m[demo_up][0m   DP pid=4172506
[36m[demo_up][0m role=B 是 OOB listener，等 TCP:18515 进入 LISTEN（最多 20s）
[32m[  OK  ][0m Data Plane (B) 已监听 TCP:18515，等待 A 端 connect 即可完成握手
[32m[  OK  ][0m 跳过 Flask 重启 (NR_SKIP_FLASK=1)，保留现有控制面
[start] start local role A
[36m[demo_up][0m ROLE=A  SELF=192.168.0.218  PEER=192.168.0.214  FLASK_PORT=5000
[36m[demo_up][0m SLAB_SLOT_SIZE=4096  SLAB_TOTAL_BYTES=4294967296
[36m[demo_up][0m NR_GDR_ENABLE=0  NR_CUDA_DEVICE=0  NR_GDR_BYTES=67108864
[36m[demo_up][0m 清理残留进程 / IPC
[36m[demo_up][0m 启动 native_rdma_dp (role=A)
[36m[demo_up][0m   DP pid=306651
[36m[demo_up][0m role=A 等 UDS 就绪（最多 15s，要求对端 B 已在 listen）
[32m[  OK  ][0m Data Plane (A) 握手完成 (uds=/tmp/native_rdma-dp.sock)
[32m[  OK  ][0m 跳过 Flask 重启 (NR_SKIP_FLASK=1)，保留现有控制面

