[warmup] $ /home/wangshouxin/native-rdma-web/native_rdma/build-current/bin/nr_bench --uds=/tmp/native_rdma-dp.sock --op=put --threads=8 --val-size=1024 --duration=3
exit=0
[nr_bench] uds=/tmp/native_rdma-dp.sock op=put threads=8 duration=3s val_size=1024 keyspace=10000 prio=default require_peer=false batch=1

==== nr_bench result ====
  elapsed       : 3.00 s
  elapsed_ms    : 3000.49
  threads       : 8
  op            : put
  ops ok/fail   : 1196455 / 0
  ops degraded  : 1196455
  ops/s         : 398753
  req_bytes     : 1236998665 (412.27 MB/s)
  resp_bytes    : 413801401 (137.91 MB/s)
  latency us    : avg=19.48  p50=17.88  p90=20.19  p99=26.30  p99.9=34.53  max=12287.86


[measured] $ /home/wangshouxin/native-rdma-web/native_rdma/build-current/bin/nr_bench --uds=/tmp/native_rdma-dp.sock --op=put --threads=8 --val-size=1024 --duration=10 --require-peer=1
exit=0
[nr_bench] uds=/tmp/native_rdma-dp.sock op=put threads=8 duration=10s val_size=1024 keyspace=10000 prio=default require_peer=true batch=1

==== nr_bench result ====
  elapsed       : 10.00 s
  elapsed_ms    : 10000.59
  threads       : 8
  op            : put
  ops ok/fail   : 0 / 496543
  ops degraded  : 3771 (rejected)
  ops/s         : 0
  req_bytes     : 0 (0.00 MB/s)
  resp_bytes    : 0 (0.00 MB/s)
  latency us    : avg=0.00  p50=0.00  p90=0.00  p99=0.00  p99.9=0.00  max=0.00

