[guard] label=start-data-plane
[guard] timeout_s=180
[guard] ssh_probe_host=xfusion4
[guard] command=bash -c cd '/home/wangshouxin/native-rdma-web/native_rdma' && bash start.sh
[ssh-probe] 2026-05-27T12:54:55+0800 start-data-plane-pre: PASS host=xfusion4 elapsed=0s output=xfusion4
[start] repo=/home/wangshouxin/native-rdma-web
[start] build=/home/wangshouxin/native-rdma-web/native_rdma/build-current
[start] peer=xfusion4:/home/wangshouxin/native-rdma-web
[start] build local
-- ==== native_rdma build config ====
--   Build type   : Release
--   C++ std      : 17
--   io_uring     : ON
--   zstd         : ON
--   lz4          : ON
--   cuda/gdr     : OFF
--   tests        : ON
-- ==================================
-- Configuring done
-- Generating done
-- Build files have been written to: /home/wangshouxin/native-rdma-web/native_rdma/build-current
ninja: no work to do.
[start] check peer ssh
[ssh-probe] 2026-05-27T12:54:55+0800 start-data-plane-during-1: PASS host=xfusion4 elapsed=0s output=xfusion4
[start] sync repo to peer
sending incremental file list
.ai/function_perf_pipeline/logs/round-03.stdout.log
performances/raw.json
performances/run_all.start.last.log
performances/summary.md
performances/PF-4/raw.json
performances/PF-4/run_all.last.log
performances/PF-4/summary.md
performances/PF-4/logs/
performances/PF-4/logs/perf_04_batch_latency_20260527_125426.json
performances/PF-4/logs/run.log

sent 223,449 bytes  received 8,029 bytes  154,318.67 bytes/sec
total size is 165,695,036  speedup is 715.81
[start] build peer
-- ==== native_rdma build config ====
--   Build type   : Release
--   C++ std      : 17
--   io_uring     : ON
--   zstd         : ON
--   lz4          : ON
--   cuda/gdr     : OFF
--   tests        : ON
-- ==================================
-- Configuring done
-- Generating done
-- Build files have been written to: /home/wangshouxin/native-rdma-web/native_rdma/build-current
ninja: no work to do.
[start] clean cold-tier leftovers
[start] stop old local stack
[demo_down] 精确匹配 native_rdma_dp ...
[demo_down] 已清理
[start] stop old peer stack
[demo_down] 精确匹配 native_rdma_dp ...
[demo_down] 已清理
[start] start peer role B
[36m[demo_up][0m ROLE=B  SELF=192.168.0.214  PEER=192.168.0.218  FLASK_PORT=5001
[36m[demo_up][0m SLAB_SLOT_SIZE=4096  SLAB_TOTAL_BYTES=4294967296
[36m[demo_up][0m NR_GDR_ENABLE=0  NR_CUDA_DEVICE=0  NR_GDR_BYTES=67108864
[36m[demo_up][0m 清理残留进程 / IPC
[36m[demo_up][0m 启动 native_rdma_dp (role=B)
[36m[demo_up][0m   DP pid=2585589
[36m[demo_up][0m role=B 是 OOB listener，等 TCP:18515 进入 LISTEN（最多 20s）
[32m[  OK  ][0m Data Plane (B) 已监听 TCP:18515，等待 A 端 connect 即可完成握手
[36m[demo_up][0m 启动 Flask (port=5001, role=B)
[36m[demo_up][0m   peer url = http://192.168.0.218:5000 （将作为反向代理目标注入 Flask）
[36m[demo_up][0m   Flask pid=2585628  dash_dir=/home/wangshouxin/native-rdma-web/dashboard
[32m[  OK  ][0m Flask 就绪 (http://127.0.0.1:5001/)

[32m═══════════════════════════════════════════════════════════════[0m
  [32m演示栈启动完成 (role=B, self=192.168.0.214)[0m
[32m═══════════════════════════════════════════════════════════════[0m

  ➤ 本端 Flask:   http://192.168.0.214:5001/
  ➤ Dashboard:    http://192.168.0.214:5001/
                  （前端只连本端 Flask；对端数据自动走 /api/peer/ 反向代理，无需配置 ?b= 参数）

  ➤ 健康检查:
      curl -s http://192.168.0.214:5001/api/demo3/cluster | python3 -m json.tool
      curl -s http://192.168.0.214:5001/api/peer/demo3/cluster | python3 -m json.tool

  ➤ 停止本端栈:
      bash scripts/demo_down.sh

  ➤ 日志:
      tail -f logs/dp_B.log
      tail -f logs/cp_B.stdout.log

[ssh-probe] 2026-05-27T12:55:00+0800 start-data-plane-during-2: PASS host=xfusion4 elapsed=1s output=xfusion4
[start] start local role A
[36m[demo_up][0m ROLE=A  SELF=192.168.0.218  PEER=192.168.0.214  FLASK_PORT=5000
[36m[demo_up][0m SLAB_SLOT_SIZE=4096  SLAB_TOTAL_BYTES=4294967296
[36m[demo_up][0m NR_GDR_ENABLE=0  NR_CUDA_DEVICE=0  NR_GDR_BYTES=67108864
[36m[demo_up][0m 清理残留进程 / IPC
[36m[demo_up][0m 启动 native_rdma_dp (role=A)
[36m[demo_up][0m   DP pid=3718553
[36m[demo_up][0m role=A 等 UDS 就绪（最多 15s，要求对端 B 已在 listen）
[ssh-probe] 2026-05-27T12:55:06+0800 start-data-plane-during-3: PASS host=xfusion4 elapsed=0s output=xfusion4
[32m[  OK  ][0m Data Plane (A) 握手完成 (uds=/tmp/native_rdma-dp.sock)
[36m[demo_up][0m 启动 Flask (port=5000, role=A)
[36m[demo_up][0m   peer url = http://192.168.0.214:5001 （将作为反向代理目标注入 Flask）
[36m[demo_up][0m   Flask pid=3718695  dash_dir=/home/wangshouxin/native-rdma-web/dashboard
[32m[  OK  ][0m Flask 就绪 (http://127.0.0.1:5000/)

[32m═══════════════════════════════════════════════════════════════[0m
  [32m演示栈启动完成 (role=A, self=192.168.0.218)[0m
[32m═══════════════════════════════════════════════════════════════[0m

  ➤ 本端 Flask:   http://192.168.0.218:5000/
  ➤ Dashboard:    http://192.168.0.218:5000/
                  （前端只连本端 Flask；对端数据自动走 /api/peer/ 反向代理，无需配置 ?b= 参数）

  ➤ 健康检查:
      curl -s http://192.168.0.218:5000/api/demo3/cluster | python3 -m json.tool
      curl -s http://192.168.0.218:5000/api/peer/demo3/cluster | python3 -m json.tool

  ➤ 停止本端栈:
      bash scripts/demo_down.sh

  ➤ 日志:
      tail -f logs/dp_A.log
      tail -f logs/cp_A.stdout.log

[ssh-probe] 2026-05-27T12:55:08+0800 start-data-plane-post: PASS host=xfusion4 elapsed=0s output=xfusion4
[guard] elapsed_s=13
[guard] command_rc=0
[guard] ssh_probe_during=3 failures=0
[guard] ssh_probe_post_rc=0
