Command: bash /home/wangshouxin/native-rdma-web/functions/rdma/FN-4/run.sh
Exit Code: 0

[functions/run_all] restart stack before function
Command: bash /home/wangshouxin/native-rdma-web/native_rdma/start.sh
Exit Code: 0

[start] repo=/home/wangshouxin/native-rdma-web
[start] build=/home/wangshouxin/native-rdma-web/native_rdma/build-current
[start] peer=xfusion4:/home/wangshouxin/native-rdma-web
[start] build local
-- ==== native_rdma build config ====
--   Build type   : Release
--   C++ std      : 17
--   io_uring     : ON
--   zstd         : ON
--   lz4          : ON
--   cuda/gdr     : OFF
--   tests        : ON
-- ==================================
-- Configuring done
-- Generating done
-- Build files have been written to: /home/wangshouxin/native-rdma-web/native_rdma/build-current
ninja: no work to do.
[start] check peer ssh
[start] sync repo to peer
sending incremental file list
functions/logs/run_all_20260527_200424.stdio.log
functions/rdma/FN-1/run_all.last.log
functions/rdma/FN-2/raw.json
functions/rdma/FN-2/run_all.last.log
functions/rdma/FN-2/summary.md
functions/rdma/FN-2/logs/
functions/rdma/FN-2/logs/run_20260527_200501.json
functions/rdma/FN-2/logs/run_20260527_200501.log
functions/rdma/FN-2/logs/run_20260527_200501.stdio.log
functions/rdma/FN-3/raw.json
functions/rdma/FN-3/run_all.last.log
functions/rdma/FN-3/summary.md
functions/rdma/FN-3/logs/
functions/rdma/FN-3/logs/run_20260527_200501.json
functions/rdma/FN-3/logs/run_20260527_200501.log
functions/rdma/FN-3/logs/run_20260527_200501.stdio.log

sent 234,313 bytes  received 999 bytes  470,624.00 bytes/sec
total size is 171,364,396  speedup is 728.24
[start] build peer
-- ==== native_rdma build config ====
--   Build type   : Release
--   C++ std      : 17
--   io_uring     : ON
--   zstd         : ON
--   lz4          : ON
--   cuda/gdr     : ON
--   tests        : ON
-- ==================================
-- Configuring done
-- Generating done
-- Build files have been written to: /home/wangshouxin/native-rdma-web/native_rdma/build-current
[1/3] Linking CXX static library data_plane/libnr_gpu.a
[2/3] Building CXX object data_plane/CMakeFiles/native_rdma_dp.dir/main.cpp.o
[3/3] Linking CXX executable bin/native_rdma_dp
[start] clean cold-tier leftovers
[start] stop old local stack
[demo_down] 精确匹配 native_rdma_dp ...
[demo_down] 已清理
[start] stop old peer stack
[demo_down] 精确匹配 native_rdma_dp ...
[demo_down] 已清理
[start] start peer role B
[36m[demo_up][0m ROLE=B  SELF=192.168.0.214  PEER=192.168.0.218  FLASK_PORT=5001
[36m[demo_up][0m SLAB_SLOT_SIZE=4096  SLAB_TOTAL_BYTES=4294967296
[36m[demo_up][0m NR_GDR_ENABLE=1  NR_CUDA_DEVICE=0  NR_GDR_BYTES=67108864
[36m[demo_up][0m 清理残留进程 / IPC
[36m[demo_up][0m 启动 native_rdma_dp (role=B)
[36m[demo_up][0m   DP pid=2699486
[36m[demo_up][0m role=B 是 OOB listener，等 TCP:18515 进入 LISTEN（最多 20s）
[32m[  OK  ][0m Data Plane (B) 已监听 TCP:18515，等待 A 端 connect 即可完成握手
[32m[  OK  ][0m 跳过 Flask 重启 (NR_SKIP_FLASK=1)，保留现有控制面
[start] start local role A
[36m[demo_up][0m ROLE=A  SELF=192.168.0.218  PEER=192.168.0.214  FLASK_PORT=5000
[36m[demo_up][0m SLAB_SLOT_SIZE=4096  SLAB_TOTAL_BYTES=4294967296
[36m[demo_up][0m NR_GDR_ENABLE=1  NR_CUDA_DEVICE=0  NR_GDR_BYTES=67108864
[36m[demo_up][0m 清理残留进程 / IPC
[36m[demo_up][0m 启动 native_rdma_dp (role=A)
[36m[demo_up][0m   DP pid=173979
[36m[demo_up][0m role=A 等 UDS 就绪（最多 15s，要求对端 B 已在 listen）
[32m[  OK  ][0m Data Plane (A) 握手完成 (uds=/tmp/native_rdma-dp.sock)
[32m[  OK  ][0m 跳过 Flask 重启 (NR_SKIP_FLASK=1)，保留现有控制面

[functions/run_all] wait 5.0s for heartbeat stabilization
## STDOUT
rdma/FN-4 PASS - CPU 与 GPU 高速直通访问
- xfusion4 证明 NVIDIA GPU、CUDA、nvidia_peermem/nv_peer_mem 与 mlx5_0 RDMA 设备可用
- RPC_GDR_STATUS peer GPU MR 有效: base=139706729758720 len=67108864 rkey=87040
- A->B RPC_GDR_WRITE 写入 GPU MR 4096B，write_ns=92099，degraded=false
- xfusion4 CUDA kernel 校验 GPU buffer 通过，checksum=522240 validate_ns=256963
- A 侧 RPC_GDR_READBACK 读回校验通过，read_ns=20356 checksum=522240
summary: /home/wangshouxin/native-rdma-web/functions/rdma/FN-4/summary.md
log: /home/wangshouxin/native-rdma-web/functions/rdma/FN-4/logs/run_20260527_200526.log


## STDERR


[functions/run_all] restore stack after function
Command: bash /home/wangshouxin/native-rdma-web/native_rdma/start.sh
Exit Code: 0

[start] repo=/home/wangshouxin/native-rdma-web
[start] build=/home/wangshouxin/native-rdma-web/native_rdma/build-current
[start] peer=xfusion4:/home/wangshouxin/native-rdma-web
[start] build local
-- ==== native_rdma build config ====
--   Build type   : Release
--   C++ std      : 17
--   io_uring     : ON
--   zstd         : ON
--   lz4          : ON
--   cuda/gdr     : OFF
--   tests        : ON
-- ==================================
-- Configuring done
-- Generating done
-- Build files have been written to: /home/wangshouxin/native-rdma-web/native_rdma/build-current
ninja: no work to do.
[start] check peer ssh
[start] sync repo to peer
sending incremental file list
functions/rdma/FN-4/raw.json
functions/rdma/FN-4/summary.md
functions/rdma/FN-4/logs/
functions/rdma/FN-4/logs/run_20260527_200526.json
functions/rdma/FN-4/logs/run_20260527_200526.log
functions/rdma/FN-4/logs/run_20260527_200526.stdio.log

sent 229,264 bytes  received 621 bytes  459,770.00 bytes/sec
total size is 171,377,936  speedup is 745.49
[start] build peer
-- ==== native_rdma build config ====
--   Build type   : Release
--   C++ std      : 17
--   io_uring     : ON
--   zstd         : ON
--   lz4          : ON
--   cuda/gdr     : OFF
--   tests        : ON
-- ==================================
-- Configuring done
-- Generating done
-- Build files have been written to: /home/wangshouxin/native-rdma-web/native_rdma/build-current
[1/3] Linking CXX static library data_plane/libnr_gpu.a
[2/3] Building CXX object data_plane/CMakeFiles/native_rdma_dp.dir/main.cpp.o
[3/3] Linking CXX executable bin/native_rdma_dp
[start] clean cold-tier leftovers
[start] stop old local stack
[demo_down] 精确匹配 native_rdma_dp ...
[demo_down] 已清理
[start] stop old peer stack
[demo_down] 精确匹配 native_rdma_dp ...
[demo_down] 已清理
[start] start peer role B
[36m[demo_up][0m ROLE=B  SELF=192.168.0.214  PEER=192.168.0.218  FLASK_PORT=5001
[36m[demo_up][0m SLAB_SLOT_SIZE=4096  SLAB_TOTAL_BYTES=4294967296
[36m[demo_up][0m NR_GDR_ENABLE=0  NR_CUDA_DEVICE=0  NR_GDR_BYTES=67108864
[36m[demo_up][0m 清理残留进程 / IPC
[36m[demo_up][0m 启动 native_rdma_dp (role=B)
[36m[demo_up][0m   DP pid=2700208
[36m[demo_up][0m role=B 是 OOB listener，等 TCP:18515 进入 LISTEN（最多 20s）
[32m[  OK  ][0m Data Plane (B) 已监听 TCP:18515，等待 A 端 connect 即可完成握手
[32m[  OK  ][0m 跳过 Flask 重启 (NR_SKIP_FLASK=1)，保留现有控制面
[start] start local role A
[36m[demo_up][0m ROLE=A  SELF=192.168.0.218  PEER=192.168.0.214  FLASK_PORT=5000
[36m[demo_up][0m SLAB_SLOT_SIZE=4096  SLAB_TOTAL_BYTES=4294967296
[36m[demo_up][0m NR_GDR_ENABLE=0  NR_CUDA_DEVICE=0  NR_GDR_BYTES=67108864
[36m[demo_up][0m 清理残留进程 / IPC
[36m[demo_up][0m 启动 native_rdma_dp (role=A)
[36m[demo_up][0m   DP pid=174557
[36m[demo_up][0m role=A 等 UDS 就绪（最多 15s，要求对端 B 已在 listen）
[32m[  OK  ][0m Data Plane (A) 握手完成 (uds=/tmp/native_rdma-dp.sock)
[32m[  OK  ][0m 跳过 Flask 重启 (NR_SKIP_FLASK=1)，保留现有控制面


[functions/run_all] wait for restored peer readiness
peer_ready=true transport=rdma peer_num_qp=32 tcp_data_ready=True
