[09:43:23] start storage/FN-2 多层感知、冷热分离与调度
[09:43:23] repo_root=/home/wangshouxin/native-rdma-web
[09:43:23] uds=/tmp/native_rdma-dp.sock ctrl_url=http://127.0.0.1:5000
[09:43:23] rpc RPC_ADMIN_FLUSH body_len=0
[09:43:23] rpc RPC_ADMIN_FLUSH resp_len=30 resp={"ok":true,"freed_slabs":9506}
[09:43:23] rpc RPC_KV_PUT body_len=66
[09:43:23] rpc RPC_KV_PUT resp_len=375 resp={"ok":true,"key":"fn_storage_tier_manual_1780019003997_3152826","tenant_id":0,"size":21,"offset":41074688,"repl_ns":32102,"degraded":false,"transport":"rdma","async_repl":false,"tcp_data_ready":true,"qos":{"priority":"hi","qp_idx":15,"hi_qp_start":0,"hi_qp_count":16,"lo_qp_start":16,"lo_qp_count":13},"route":{"primary":"192.168.0.218","replica":"","local_is_primary":true}}
[09:43:23] rpc RPC_TIER_DEMOTE body_len=49
[09:43:23] rpc RPC_TIER_DEMOTE resp_len=76 resp={"ok":true,"key":"fn_storage_tier_manual_1780019003997_3152826","to":"nvme"}
[09:43:23] rpc RPC_KV_GET body_len=44
[09:43:23] rpc RPC_KV_GET resp_len=72 resp={"ok":true,"hit":"nvme_promote","size":21,"val":"tiering_probe_payload"}
[09:43:23] rpc RPC_KV_PUT body_len=68
[09:43:23] rpc RPC_KV_PUT resp_len=373 resp={"ok":true,"key":"fn_storage_tier_cold_1780019003998_3152826","tenant_id":0,"size":25,"offset":26140672,"repl_ns":19644,"degraded":false,"transport":"rdma","async_repl":false,"tcp_data_ready":true,"qos":{"priority":"hi","qp_idx":0,"hi_qp_start":0,"hi_qp_count":16,"lo_qp_start":16,"lo_qp_count":13},"route":{"primary":"192.168.0.214","replica":"","local_is_primary":false}}
[09:43:23] rpc RPC_KV_PUT body_len=66
[09:43:23] rpc RPC_KV_PUT resp_len=384 resp={"ok":true,"key":"fn_storage_tier_hot_1780019003998_3152826","tenant_id":0,"size":24,"offset":14729216,"repl_ns":18478,"degraded":false,"transport":"rdma","async_repl":false,"tcp_data_ready":true,"qos":{"priority":"hi","qp_idx":1,"hi_qp_start":0,"hi_qp_count":16,"lo_qp_start":16,"lo_qp_count":13},"route":{"primary":"192.168.0.218","replica":"192.168.0.214","local_is_primary":true}}
[09:43:23] rpc RPC_KV_GET body_len=41
[09:43:23] rpc RPC_KV_GET resp_len=68 resp={"ok":true,"hit":"local","size":24,"val":"auto-hot-tiering-payload"}
[09:43:23] rpc RPC_TIER_STATS body_len=0
[09:43:23] rpc RPC_TIER_STATS resp_len=314 resp={"ok":true,"dram":3,"nvme":0,"hdd":0,"demoted_d_n":1,"demoted_n_h":0,"events":[{"ts_ns":9649058187519754,"key":"fn_storage_tier_manual_1780019003997_3152826","from":"nvme","to":"dram","bytes":21},{"ts_ns":9649058187419042,"key":"fn_storage_tier_manual_1780019003997_3152826","from":"dram","to":"nvme","bytes":21}]}
[09:43:24] rpc RPC_KV_GET body_len=41
[09:43:24] rpc RPC_KV_GET resp_len=68 resp={"ok":true,"hit":"local","size":24,"val":"auto-hot-tiering-payload"}
[09:43:24] rpc RPC_TIER_STATS body_len=0
[09:43:24] rpc RPC_TIER_STATS resp_len=314 resp={"ok":true,"dram":3,"nvme":0,"hdd":0,"demoted_d_n":1,"demoted_n_h":0,"events":[{"ts_ns":9649058187519754,"key":"fn_storage_tier_manual_1780019003997_3152826","from":"nvme","to":"dram","bytes":21},{"ts_ns":9649058187419042,"key":"fn_storage_tier_manual_1780019003997_3152826","from":"dram","to":"nvme","bytes":21}]}
[09:43:25] rpc RPC_KV_GET body_len=41
[09:43:25] rpc RPC_KV_GET resp_len=68 resp={"ok":true,"hit":"local","size":24,"val":"auto-hot-tiering-payload"}
[09:43:25] rpc RPC_TIER_STATS body_len=0
[09:43:25] rpc RPC_TIER_STATS resp_len=314 resp={"ok":true,"dram":3,"nvme":0,"hdd":0,"demoted_d_n":1,"demoted_n_h":0,"events":[{"ts_ns":9649058187519754,"key":"fn_storage_tier_manual_1780019003997_3152826","from":"nvme","to":"dram","bytes":21},{"ts_ns":9649058187419042,"key":"fn_storage_tier_manual_1780019003997_3152826","from":"dram","to":"nvme","bytes":21}]}
[09:43:27] rpc RPC_KV_GET body_len=41
[09:43:27] rpc RPC_KV_GET resp_len=68 resp={"ok":true,"hit":"local","size":24,"val":"auto-hot-tiering-payload"}
[09:43:27] rpc RPC_TIER_STATS body_len=0
[09:43:27] rpc RPC_TIER_STATS resp_len=314 resp={"ok":true,"dram":3,"nvme":0,"hdd":0,"demoted_d_n":1,"demoted_n_h":0,"events":[{"ts_ns":9649058187519754,"key":"fn_storage_tier_manual_1780019003997_3152826","from":"nvme","to":"dram","bytes":21},{"ts_ns":9649058187419042,"key":"fn_storage_tier_manual_1780019003997_3152826","from":"dram","to":"nvme","bytes":21}]}
[09:43:28] rpc RPC_KV_GET body_len=41
[09:43:28] rpc RPC_KV_GET resp_len=68 resp={"ok":true,"hit":"local","size":24,"val":"auto-hot-tiering-payload"}
[09:43:28] rpc RPC_TIER_STATS body_len=0
[09:43:28] rpc RPC_TIER_STATS resp_len=429 resp={"ok":true,"dram":2,"nvme":1,"hdd":0,"demoted_d_n":2,"demoted_n_h":0,"events":[{"ts_ns":9649061331983184,"key":"fn_storage_tier_cold_1780019003998_3152826","from":"dram","to":"nvme","bytes":25},{"ts_ns":9649058187519754,"key":"fn_storage_tier_manual_1780019003997_3152826","from":"nvme","to":"dram","bytes":21},{"ts_ns":9649058187419042,"key":"fn_storage_tier_manual_1780019003997_3152826","from":"dram","to":"nvme","bytes":21}]}
[09:43:28] rpc RPC_TIER_STATS body_len=0
[09:43:28] rpc RPC_TIER_STATS resp_len=429 resp={"ok":true,"dram":2,"nvme":1,"hdd":0,"demoted_d_n":2,"demoted_n_h":0,"events":[{"ts_ns":9649061331983184,"key":"fn_storage_tier_cold_1780019003998_3152826","from":"dram","to":"nvme","bytes":25},{"ts_ns":9649058187519754,"key":"fn_storage_tier_manual_1780019003997_3152826","from":"nvme","to":"dram","bytes":21},{"ts_ns":9649058187419042,"key":"fn_storage_tier_manual_1780019003997_3152826","from":"dram","to":"nvme","bytes":21}]}
[09:43:28] rpc RPC_KV_GET body_len=42
[09:43:28] rpc RPC_KV_GET resp_len=76 resp={"ok":true,"hit":"nvme_promote","size":25,"val":"auto-cold-tiering-payload"}
[09:43:28] rpc RPC_KV_GET body_len=41
[09:43:28] rpc RPC_KV_GET resp_len=68 resp={"ok":true,"hit":"local","size":24,"val":"auto-hot-tiering-payload"}
[09:43:28] result=PASS completion=完成
