============================================================
Sub-test B: large-object bandwidth utilization
============================================================

[restart] env: {'SLAB_SLOT_SIZE': '1048576', 'SLAB_TOTAL_BYTES': '4294967296', 'NR_ASYNC_REPL': '1'}

[restart] exit=0
LF=192.168.0.218  PEER=192.168.0.214  FLASK_PORT=5000
[36m[demo_up][0m SLAB_SLOT_SIZE=1048576  SLAB_TOTAL_BYTES=4294967296
[36m[demo_up][0m NR_GDR_ENABLE=0  NR_CUDA_DEVICE=0  NR_GDR_BYTES=67108864
[36m[demo_up][0m 清理残留进程 / IPC
[36m[demo_up][0m 启动 native_rdma_dp (role=A)
[36m[demo_up][0m   DP pid=3435204
[36m[demo_up][0m role=A 等 UDS 就绪（最多 15s，要求对端 B 已在 listen）
[32m[  OK  ][0m Data Plane (A) 握手完成 (uds=/tmp/native_rdma-dp.sock)
[32m[  OK  ][0m 跳过 Flask 重启 (NR_SKIP_FLASK=1)，保留现有控制面


[warmup-bw] $ /home/wangshouxin/native-rdma-web/native_rdma/build-current/bin/nr_bench --uds=/tmp/native_rdma-dp.sock --op=put --threads=4 --val-size=1048576 --duration=5 --keyspace=512 --shared-keyspace=1 --batch=1
exit=0
[nr_bench] uds=/tmp/native_rdma-dp.sock op=put threads=4 duration=5s val_size=1048576 keyspace=512(shared) prio=default require_peer=false batch=1 max_iops=0

==== nr_bench result ====
  elapsed       : 5.00 s
  elapsed_ms    : 5000.86
  threads       : 4
  op            : put
  ops ok/fail   : 34875 / 0
  ops degraded  : 5916
  ops/s         : 6974
  req_bytes     : 36569324575 (7312.61 MB/s)
  resp_bytes    : 12067076 (2.41 MB/s)
  latency us    : avg=515.75  p50=463.84  p90=647.76  p99=1070.91  p99.9=2975.15  max=21808.07


[measured-bw threads=2] $ /home/wangshouxin/native-rdma-web/native_rdma/build-current/bin/nr_bench --uds=/tmp/native_rdma-dp.sock --op=put --threads=2 --val-size=1048576 --duration=15 --keyspace=512 --shared-keyspace=1 --require-peer=1 --batch=1
exit=0
[nr_bench] uds=/tmp/native_rdma-dp.sock op=put threads=2 duration=15s val_size=1048576 keyspace=512(shared) prio=default require_peer=true batch=1 max_iops=0

==== nr_bench result ====
  elapsed       : 15.00 s
  elapsed_ms    : 15000.69
  threads       : 2
  op            : put
  ops ok/fail   : 56570 / 0
  ops degraded  : 0 (rejected)
  ops/s         : 3771
  req_bytes     : 59318328117 (3954.37 MB/s)
  resp_bytes    : 19592862 (1.31 MB/s)
  latency us    : avg=477.79  p50=445.91  p90=542.45  p99=953.79  p99.9=2357.78  max=32797.11

network_samples={"samples": [{"ts_ns": 9477173598672307, "bw_tx_gbps": 58.17499648}, {"ts_ns": 9477173798785091, "bw_tx_gbps": 55.86812927999999}, {"ts_ns": 9477173998931865, "bw_tx_gbps": 32.58974208}, {"ts_ns": 9477174199061557, "bw_tx_gbps": 30.299151283582088}, {"ts_ns": 9477174399209506, "bw_tx_gbps": 30.95396352}, {"ts_ns": 9477174599331749, "bw_tx_gbps": 29.86344448}, {"ts_ns": 9477174799459360, "bw_tx_gbps": 29.234298879999997}, {"ts_ns": 9477174999616557, "bw_tx_gbps": 30.45064704}, {"ts_ns": 9477175199758174, "bw_tx_gbps": 31.41533696}, {"ts_ns": 9477175399863538, "bw_tx_gbps": 29.31818496}, {"ts_ns": 9477175599957603, "bw_tx_gbps": 28.26960896}, {"ts_ns": 9477175800113408, "bw_tx_gbps": 30.799963701492533}, {"ts_ns": 9477176000276558, "bw_tx_gbps": 31.121735679999997}, {"ts_ns": 9477176200383119, "bw_tx_gbps": 32.0864256}, {"ts_ns": 9477176401516001, "bw_tx_gbps": 29.714870129353233}, {"ts_ns": 9477176601661257, "bw_tx_gbps": 31.58310912}, {"ts_ns": 9477176801777364, "bw_tx_gbps": 33.093058559999996}, {"ts_ns": 9477177001905567, "bw_tx_gbps": 33.093058559999996}, {"ts_ns": 9477177202055200, "bw_tx_gbps": 29.17232334328358}, {"ts_ns": 9477177402191273, "bw_tx_gbps": 30.28287488}, {"ts_ns": 9477177602313814, "bw_tx_gbps": 30.45064704}, {"ts_ns": 9477177802463548, "bw_tx_gbps": 32.42196992}, {"ts_ns": 9477178002577016, "bw_tx_gbps": 31.8767104}, {"ts_ns": 9477178203830179, "bw_tx_gbps": 31.008635542288555}, {"ts_ns": 9477178403939894, "bw_tx_gbps": 31.373393919999998}, {"ts_ns": 9477178604028042, "bw_tx_gbps": 33.00917248}, {"ts_ns": 9477178804148678, "bw_tx_gbps": 33.47096326368159}, {"ts_ns": 9477179004291520, "bw_tx_gbps": 34.22552064}, {"ts_ns": 9477179204430924, "bw_tx_gbps": 34.43523584}, {"ts_ns": 9477179404528370, "bw_tx_gbps": 33.218887679999995}, {"ts_ns": 9477179604643680, "bw_tx_gbps": 30.87007744}, {"ts_ns": 9477179804763091, "bw_tx_gbps": 32.296140799999996}, {"ts_ns": 9477180004861713, "bw_tx_gbps": 31.373393919999998}, {"ts_ns": 9477180205012035, "bw_tx_gbps": 34.26746368}, {"ts_ns": 9477180405127213, "bw_tx_gbps": 34.18044752238806}, {"ts_ns": 9477180605266711, "bw_tx_gbps": 34.561064959999996}, {"ts_ns": 9477180805383253, "bw_tx_gbps": 33.72220416}, {"ts_ns": 9477181005657051, "bw_tx_gbps": 32.380026879999996}, {"ts_ns": 9477181205760002, "bw_tx_gbps": 32.9252864}, {"ts_ns": 9477181405844345, "bw_tx_gbps": 33.38665984}, {"ts_ns": 9477181605983052, "bw_tx_gbps": 33.63831808}, {"ts_ns": 9477181806105715, "bw_tx_gbps": 33.554432}, {"ts_ns": 9477182006241963, "bw_tx_gbps": 33.931919359999995}, {"ts_ns": 9477182206384731, "bw_tx_gbps": 33.68026112}, {"ts_ns": 9477182406538215, "bw_tx_gbps": 33.973862399999994}, {"ts_ns": 9477182606691041, "bw_tx_gbps": 31.247564799999996}, {"ts_ns": 9477182806884978, "bw_tx_gbps": 31.6669952}, {"ts_ns": 9477183006971823, "bw_tx_gbps": 31.33145088}, {"ts_ns": 9477183207113245, "bw_tx_gbps": 28.75497966169154}, {"ts_ns": 9477183407328312, "bw_tx_gbps": 26.71771648}, {"ts_ns": 9477183607417756, "bw_tx_gbps": 28.437381119999998}, {"ts_ns": 9477183807521103, "bw_tx_gbps": 30.70230528}, {"ts_ns": 9477184007663662, "bw_tx_gbps": 30.87007744}, {"ts_ns": 9477184207781016, "bw_tx_gbps": 30.786191359999997}, {"ts_ns": 9477184407980069, "bw_tx_gbps": 32.21225472}, {"ts_ns": 9477184608121316, "bw_tx_gbps": 30.549557492537314}, {"ts_ns": 9477184808249664, "bw_tx_gbps": 32.12836864}, {"ts_ns": 9477185008373052, "bw_tx_gbps": 33.3447168}, {"ts_ns": 9477185208473972, "bw_tx_gbps": 28.479324159999997}, {"ts_ns": 9477185408557814, "bw_tx_gbps": 32.63168512}, {"ts_ns": 9477185608721351, "bw_tx_gbps": 31.541166079999996}, {"ts_ns": 9477185808848893, "bw_tx_gbps": 32.96722944}, {"ts_ns": 9477186209180279, "bw_tx_gbps": 30.716494965174128}, {"ts_ns": 9477186409296506, "bw_tx_gbps": 31.62505216}, {"ts_ns": 9477186609445478, "bw_tx_gbps": 30.366760959999997}, {"ts_ns": 9477186809607566, "bw_tx_gbps": 30.49259008}, {"ts_ns": 9477187009734618, "bw_tx_gbps": 32.380026879999996}, {"ts_ns": 9477187209848902, "bw_tx_gbps": 33.42860287999999}, {"ts_ns": 9477187409997731, "bw_tx_gbps": 32.88334336}, {"ts_ns": 9477187610115784, "bw_tx_gbps": 29.881807601990047}, {"ts_ns": 9477187810236491, "bw_tx_gbps": 32.547799039999994}, {"ts_ns": 9477188010377013, "bw_tx_gbps": 33.00917248}, {"ts_ns": 9477188210598666, "bw_tx_gbps": 30.618419199999998}, {"ts_ns": 9477188410716550, "bw_tx_gbps": 28.940697599999996}, {"ts_ns": 9477188610814285, "bw_tx_gbps": 31.6669952}, {"ts_ns": 9477188810937727, "bw_tx_gbps": 27.13714688}], "positive_samples": 76, "network_tx_gbps_avg": 32.25896700983504, "network_tx_gbps_peak": 58.17499648}

[measured-bw threads=3] $ /home/wangshouxin/native-rdma-web/native_rdma/build-current/bin/nr_bench --uds=/tmp/native_rdma-dp.sock --op=put --threads=3 --val-size=1048576 --duration=15 --keyspace=512 --shared-keyspace=1 --require-peer=1 --batch=1
exit=0
[nr_bench] uds=/tmp/native_rdma-dp.sock op=put threads=3 duration=15s val_size=1048576 keyspace=512(shared) prio=default require_peer=true batch=1 max_iops=0

==== nr_bench result ====
  elapsed       : 15.00 s
  elapsed_ms    : 15000.72
  threads       : 3
  op            : put
  ops ok/fail   : 83519 / 0
  ops degraded  : 0 (rejected)
  ops/s         : 5568
  req_bytes     : 87576585574 (5838.16 MB/s)
  resp_bytes    : 28926505 (1.93 MB/s)
  latency us    : avg=484.02  p50=431.26  p90=615.52  p99=917.18  p99.9=2788.30  max=33610.70

network_samples={"samples": [{"ts_ns": 9477188810937727, "bw_tx_gbps": 27.13714688}, {"ts_ns": 9477189011058663, "bw_tx_gbps": 43.19507104477612}, {"ts_ns": 9477189211173747, "bw_tx_gbps": 43.66270464}, {"ts_ns": 9477189411374450, "bw_tx_gbps": 44.83710976}, {"ts_ns": 9477189611486830, "bw_tx_gbps": 42.11081216}, {"ts_ns": 9477189811605748, "bw_tx_gbps": 44.166021119999996}, {"ts_ns": 9477190011724902, "bw_tx_gbps": 46.137344}, {"ts_ns": 9477190211897152, "bw_tx_gbps": 41.60749568}, {"ts_ns": 9477190412021361, "bw_tx_gbps": 46.09540096}, {"ts_ns": 9477190612167316, "bw_tx_gbps": 48.91267948258706}, {"ts_ns": 9477190812280464, "bw_tx_gbps": 45.88568576}, {"ts_ns": 9477191012440255, "bw_tx_gbps": 46.76648959999999}, {"ts_ns": 9477191212926398, "bw_tx_gbps": 46.51483136}, {"ts_ns": 9477191413030878, "bw_tx_gbps": 44.2499072}, {"ts_ns": 9477191613176894, "bw_tx_gbps": 44.154961512437815}, {"ts_ns": 9477191813297952, "bw_tx_gbps": 45.759856639999995}, {"ts_ns": 9477192013385746, "bw_tx_gbps": 46.682603519999994}, {"ts_ns": 9477192213454725, "bw_tx_gbps": 48.15060992}, {"ts_ns": 9477192413607528, "bw_tx_gbps": 47.982837759999995}, {"ts_ns": 9477192613691097, "bw_tx_gbps": 49.74444543999999}, {"ts_ns": 9477192813802831, "bw_tx_gbps": 50.37359104}, {"ts_ns": 9477193013931401, "bw_tx_gbps": 47.43757824}, {"ts_ns": 9477193214036899, "bw_tx_gbps": 47.68923648}, {"ts_ns": 9477193414174621, "bw_tx_gbps": 45.323523820895524}, {"ts_ns": 9477193614324524, "bw_tx_gbps": 45.004881919999995}, {"ts_ns": 9477193814465064, "bw_tx_gbps": 45.25654015999999}, {"ts_ns": 9477194014607058, "bw_tx_gbps": 44.50156544}, {"ts_ns": 9477194214726624, "bw_tx_gbps": 48.108666879999994}, {"ts_ns": 9477194414846691, "bw_tx_gbps": 51.08662272}, {"ts_ns": 9477194614940180, "bw_tx_gbps": 47.64729344}, {"ts_ns": 9477194815091681, "bw_tx_gbps": 45.82433623880596}, {"ts_ns": 9477195015245023, "bw_tx_gbps": 47.143976959999996}, {"ts_ns": 9477195215391031, "bw_tx_gbps": 52.13519872}, {"ts_ns": 9477195415468268, "bw_tx_gbps": 45.63402752}, {"ts_ns": 9477195615606527, "bw_tx_gbps": 47.102033920000004}, {"ts_ns": 9477195815732376, "bw_tx_gbps": 47.56340736}, {"ts_ns": 9477196015860643, "bw_tx_gbps": 47.60535039999999}, {"ts_ns": 9477196215993047, "bw_tx_gbps": 46.556774399999995}, {"ts_ns": 9477196416129181, "bw_tx_gbps": 44.36363335323383}, {"ts_ns": 9477196616246558, "bw_tx_gbps": 47.102033920000004}, {"ts_ns": 9477196816374931, "bw_tx_gbps": 45.55014144}, {"ts_ns": 9477197016492367, "bw_tx_gbps": 42.82384384}, {"ts_ns": 9477197216665137, "bw_tx_gbps": 44.75322367999999}, {"ts_ns": 9477197416819598, "bw_tx_gbps": 43.24327424}, {"ts_ns": 9477197617074680, "bw_tx_gbps": 42.90293046766168}, {"ts_ns": 9477197817225845, "bw_tx_gbps": 42.23664128}, {"ts_ns": 9477198017313804, "bw_tx_gbps": 44.79516672}, {"ts_ns": 9477198217439045, "bw_tx_gbps": 43.15938816}, {"ts_ns": 9477198417564062, "bw_tx_gbps": 47.43757824}, {"ts_ns": 9477198617700764, "bw_tx_gbps": 43.95630592}, {"ts_ns": 9477198817801115, "bw_tx_gbps": 48.31838207999999}, {"ts_ns": 9477199017909178, "bw_tx_gbps": 54.106521599999994}, {"ts_ns": 9477199218006779, "bw_tx_gbps": 49.534730239999995}, {"ts_ns": 9477199418119662, "bw_tx_gbps": 50.03950742288557}, {"ts_ns": 9477199618239488, "bw_tx_gbps": 50.7510784}, {"ts_ns": 9477199818373068, "bw_tx_gbps": 48.8636416}, {"ts_ns": 9477200018504051, "bw_tx_gbps": 52.76434432}, {"ts_ns": 9477200218687525, "bw_tx_gbps": 50.37359104}, {"ts_ns": 9477200418820951, "bw_tx_gbps": 44.920995839999996}, {"ts_ns": 9477200618936679, "bw_tx_gbps": 48.73781248}, {"ts_ns": 9477200819068469, "bw_tx_gbps": 48.95441385074627}, {"ts_ns": 9477201019179756, "bw_tx_gbps": 47.22786304}, {"ts_ns": 9477201219281927, "bw_tx_gbps": 50.41553408}, {"ts_ns": 9477201419386205, "bw_tx_gbps": 47.269806079999995}, {"ts_ns": 9477201619568327, "bw_tx_gbps": 49.283072}, {"ts_ns": 9477201819744625, "bw_tx_gbps": 50.49942016}, {"ts_ns": 9477202019868565, "bw_tx_gbps": 46.30511616}, {"ts_ns": 9477202220158542, "bw_tx_gbps": 46.49208612935323}, {"ts_ns": 9477202420261419, "bw_tx_gbps": 46.51483136}, {"ts_ns": 9477202620356538, "bw_tx_gbps": 45.21459712}, {"ts_ns": 9477202820549341, "bw_tx_gbps": 40.26531839999999}, {"ts_ns": 9477203020653498, "bw_tx_gbps": 44.291850239999995}, {"ts_ns": 9477203220759426, "bw_tx_gbps": 48.57004032}, {"ts_ns": 9477203420888600, "bw_tx_gbps": 46.430945279999996}, {"ts_ns": 9477203620963901, "bw_tx_gbps": 47.06009088}, {"ts_ns": 9477203821063852, "bw_tx_gbps": 46.36688302487562}], "positive_samples": 76, "network_tx_gbps_avg": 46.41638492774024, "network_tx_gbps_peak": 54.106521599999994}

[measured-bw threads=4] $ /home/wangshouxin/native-rdma-web/native_rdma/build-current/bin/nr_bench --uds=/tmp/native_rdma-dp.sock --op=put --threads=4 --val-size=1048576 --duration=15 --keyspace=512 --shared-keyspace=1 --require-peer=1 --batch=1
exit=0
[nr_bench] uds=/tmp/native_rdma-dp.sock op=put threads=4 duration=15s val_size=1048576 keyspace=512(shared) prio=default require_peer=true batch=1 max_iops=0

==== nr_bench result ====
  elapsed       : 15.00 s
  elapsed_ms    : 15000.98
  threads       : 4
  op            : put
  ops ok/fail   : 103655 / 0
  ops degraded  : 0 (rejected)
  ops/s         : 6910
  req_bytes     : 108690848563 (7245.58 MB/s)
  resp_bytes    : 35901419 (2.39 MB/s)
  latency us    : avg=520.60  p50=474.69  p90=655.59  p99=1064.86  p99.9=2928.95  max=34882.44

network_samples={"samples": [{"ts_ns": 9477203821063852, "bw_tx_gbps": 46.36688302487562}, {"ts_ns": 9477204021180094, "bw_tx_gbps": 53.183774719999995}, {"ts_ns": 9477204221409530, "bw_tx_gbps": 56.832819199999996}, {"ts_ns": 9477204421494885, "bw_tx_gbps": 53.812920319999996}, {"ts_ns": 9477204621597557, "bw_tx_gbps": 60.817408}, {"ts_ns": 9477204821737488, "bw_tx_gbps": 59.68494592}, {"ts_ns": 9477205021882907, "bw_tx_gbps": 59.223572479999994}, {"ts_ns": 9477205222012452, "bw_tx_gbps": 60.14631935999999}, {"ts_ns": 9477205422157291, "bw_tx_gbps": 57.843834268656714}, {"ts_ns": 9477205622267997, "bw_tx_gbps": 58.13305344}, {"ts_ns": 9477205822461287, "bw_tx_gbps": 60.3979776}, {"ts_ns": 9477206022550792, "bw_tx_gbps": 57.92333824}, {"ts_ns": 9477206222680118, "bw_tx_gbps": 60.607692799999995}, {"ts_ns": 9477206422837822, "bw_tx_gbps": 55.574528}, {"ts_ns": 9477206622973943, "bw_tx_gbps": 55.74230015999999}, {"ts_ns": 9477206823118058, "bw_tx_gbps": 57.468224955223874}, {"ts_ns": 9477207023220560, "bw_tx_gbps": 58.342768639999996}, {"ts_ns": 9477207223325964, "bw_tx_gbps": 58.258882559999996}, {"ts_ns": 9477207423443328, "bw_tx_gbps": 59.64300287999999}, {"ts_ns": 9477207623558848, "bw_tx_gbps": 58.97191424}, {"ts_ns": 9477207823729971, "bw_tx_gbps": 60.31409152}, {"ts_ns": 9477208023916138, "bw_tx_gbps": 61.53043968}, {"ts_ns": 9477208224104098, "bw_tx_gbps": 59.59667773134328}, {"ts_ns": 9477208424252771, "bw_tx_gbps": 57.503907840000004}, {"ts_ns": 9477208624391302, "bw_tx_gbps": 58.80414208}, {"ts_ns": 9477208824516799, "bw_tx_gbps": 59.68494592}, {"ts_ns": 9477209024666518, "bw_tx_gbps": 53.477376}, {"ts_ns": 9477209224933383, "bw_tx_gbps": 56.958648319999995}, {"ts_ns": 9477209425040020, "bw_tx_gbps": 55.532584959999994}, {"ts_ns": 9477209625172460, "bw_tx_gbps": 57.7186311641791}, {"ts_ns": 9477209825365955, "bw_tx_gbps": 60.35603455999999}, {"ts_ns": 9477210025545340, "bw_tx_gbps": 55.28092672}, {"ts_ns": 9477210225697664, "bw_tx_gbps": 56.91670528}, {"ts_ns": 9477210425836297, "bw_tx_gbps": 56.74893312}, {"ts_ns": 9477210625980911, "bw_tx_gbps": 58.300825599999996}, {"ts_ns": 9477210826099342, "bw_tx_gbps": 56.13272517412935}, {"ts_ns": 9477211026246383, "bw_tx_gbps": 59.64300287999999}, {"ts_ns": 9477211226356535, "bw_tx_gbps": 58.67831296}, {"ts_ns": 9477211426454431, "bw_tx_gbps": 58.468597759999994}, {"ts_ns": 9477211626567199, "bw_tx_gbps": 57.042534399999994}, {"ts_ns": 9477211826717113, "bw_tx_gbps": 58.0911104}, {"ts_ns": 9477212026838360, "bw_tx_gbps": 59.097743359999996}, {"ts_ns": 9477212226997860, "bw_tx_gbps": 59.810775039999996}, {"ts_ns": 9477212427098542, "bw_tx_gbps": 58.761990368159196}, {"ts_ns": 9477212627238658, "bw_tx_gbps": 56.4133888}, {"ts_ns": 9477212827426477, "bw_tx_gbps": 53.980692479999995}, {"ts_ns": 9477213027583779, "bw_tx_gbps": 50.45747711999999}, {"ts_ns": 9477213227703172, "bw_tx_gbps": 53.854863359999996}, {"ts_ns": 9477213427826257, "bw_tx_gbps": 55.532584959999994}, {"ts_ns": 9477213627943104, "bw_tx_gbps": 54.819553279999994}, {"ts_ns": 9477213828092802, "bw_tx_gbps": 57.55169369154229}, {"ts_ns": 9477214028252445, "bw_tx_gbps": 55.95201536}, {"ts_ns": 9477214228384990, "bw_tx_gbps": 55.82618624}, {"ts_ns": 9477214428537607, "bw_tx_gbps": 55.15509759999999}, {"ts_ns": 9477214628719078, "bw_tx_gbps": 55.7842432}, {"ts_ns": 9477214828848150, "bw_tx_gbps": 56.79087616}, {"ts_ns": 9477215029043577, "bw_tx_gbps": 56.91670528}, {"ts_ns": 9477215229168679, "bw_tx_gbps": 57.7186311641791}, {"ts_ns": 9477215429255502, "bw_tx_gbps": 56.91670528}, {"ts_ns": 9477215629374681, "bw_tx_gbps": 58.929971200000004}, {"ts_ns": 9477215829502250, "bw_tx_gbps": 62.49512959999999}, {"ts_ns": 9477216029664378, "bw_tx_gbps": 60.14631935999999}, {"ts_ns": 9477216229857282, "bw_tx_gbps": 60.56574976}, {"ts_ns": 9477216430000369, "bw_tx_gbps": 60.649635839999995}, {"ts_ns": 9477216630132217, "bw_tx_gbps": 59.09586531343284}, {"ts_ns": 9477216830282911, "bw_tx_gbps": 58.17499648}, {"ts_ns": 9477217030399226, "bw_tx_gbps": 57.587793919999996}, {"ts_ns": 9477217230552047, "bw_tx_gbps": 59.64300287999999}, {"ts_ns": 9477217430808430, "bw_tx_gbps": 59.9785472}, {"ts_ns": 9477217630935160, "bw_tx_gbps": 51.92548352}, {"ts_ns": 9477217831124655, "bw_tx_gbps": 55.67364712437811}, {"ts_ns": 9477218031256348, "bw_tx_gbps": 57.797509119999994}, {"ts_ns": 9477218231471304, "bw_tx_gbps": 62.32735744}, {"ts_ns": 9477218431612811, "bw_tx_gbps": 63.92119295999999}, {"ts_ns": 9477218631740920, "bw_tx_gbps": 61.0271232}, {"ts_ns": 9477218831961344, "bw_tx_gbps": 60.649635839999995}], "positive_samples": 76, "network_tx_gbps_avg": 57.732730241843406, "network_tx_gbps_peak": 63.92119295999999}


============================================================
Sub-test A: 1KB ops throughput
============================================================

[restart] env: {'SLAB_SLOT_SIZE': '4096', 'SLAB_TOTAL_BYTES': '4294967296', 'NR_ASYNC_REPL': '1'}

[restart] exit=0
 SELF=192.168.0.218  PEER=192.168.0.214  FLASK_PORT=5000
[36m[demo_up][0m SLAB_SLOT_SIZE=4096  SLAB_TOTAL_BYTES=4294967296
[36m[demo_up][0m NR_GDR_ENABLE=0  NR_CUDA_DEVICE=0  NR_GDR_BYTES=67108864
[36m[demo_up][0m 清理残留进程 / IPC
[36m[demo_up][0m 启动 native_rdma_dp (role=A)
[36m[demo_up][0m   DP pid=3436873
[36m[demo_up][0m role=A 等 UDS 就绪（最多 15s，要求对端 B 已在 listen）
[32m[  OK  ][0m Data Plane (A) 握手完成 (uds=/tmp/native_rdma-dp.sock)
[32m[  OK  ][0m 跳过 Flask 重启 (NR_SKIP_FLASK=1)，保留现有控制面


[measured-ops] $ /home/wangshouxin/native-rdma-web/native_rdma/build-current/bin/nr_bench --uds=/tmp/native_rdma-dp.sock --op=put --threads=4 --val-size=1024 --duration=15 --require-peer=1 --batch=64
exit=0
[nr_bench] uds=/tmp/native_rdma-dp.sock op=put threads=4 duration=15s val_size=1024 keyspace=10000 prio=default require_peer=true batch=64 max_iops=0

==== nr_bench result ====
  elapsed       : 15.00 s
  elapsed_ms    : 15000.62
  threads       : 4
  op            : put
  ops ok/fail   : 25279296 / 0
  ops degraded  : 0 (rejected)
  ops/s         : 1685217
  req_bytes     : 26263960653 (1750.86 MB/s)
  resp_bytes    : 76238194 (5.08 MB/s)
  latency us    : avg=2.15  p50=1.90  p90=2.39  p99=4.06  p99.9=56.88  max=496.62



============================================================
Restore functional data-plane defaults
============================================================

[restart] env: {'SLAB_SLOT_SIZE': '4096', 'SLAB_TOTAL_BYTES': '4294967296', 'NR_ASYNC_REPL': '0'}

[restart] exit=0
 SELF=192.168.0.218  PEER=192.168.0.214  FLASK_PORT=5000
[36m[demo_up][0m SLAB_SLOT_SIZE=4096  SLAB_TOTAL_BYTES=4294967296
[36m[demo_up][0m NR_GDR_ENABLE=0  NR_CUDA_DEVICE=0  NR_GDR_BYTES=67108864
[36m[demo_up][0m 清理残留进程 / IPC
[36m[demo_up][0m 启动 native_rdma_dp (role=A)
[36m[demo_up][0m   DP pid=3437978
[36m[demo_up][0m role=A 等 UDS 就绪（最多 15s，要求对端 B 已在 listen）
[32m[  OK  ][0m Data Plane (A) 握手完成 (uds=/tmp/native_rdma-dp.sock)
[32m[  OK  ][0m 跳过 Flask 重启 (NR_SKIP_FLASK=1)，保留现有控制面

