============================================================
Sub-test B: large-object bandwidth utilization
============================================================

[restart] env: {'SLAB_SLOT_SIZE': '1048576', 'SLAB_TOTAL_BYTES': '4294967296', 'NR_ASYNC_REPL': '0'}

[restart] exit=0
LF=192.168.0.218  PEER=192.168.0.214  FLASK_PORT=5000
[36m[demo_up][0m SLAB_SLOT_SIZE=1048576  SLAB_TOTAL_BYTES=4294967296
[36m[demo_up][0m NR_GDR_ENABLE=0  NR_CUDA_DEVICE=0  NR_GDR_BYTES=67108864
[36m[demo_up][0m 清理残留进程 / IPC
[36m[demo_up][0m 启动 native_rdma_dp (role=A)
[36m[demo_up][0m   DP pid=3457742
[36m[demo_up][0m role=A 等 UDS 就绪（最多 15s，要求对端 B 已在 listen）
[32m[  OK  ][0m Data Plane (A) 握手完成 (uds=/tmp/native_rdma-dp.sock)
[32m[  OK  ][0m 跳过 Flask 重启 (NR_SKIP_FLASK=1)，保留现有控制面


[warmup-bw] $ /home/wangshouxin/native-rdma-web/native_rdma/build-current/bin/nr_bench --uds=/tmp/native_rdma-dp.sock --op=put --threads=4 --val-size=1048576 --duration=5 --keyspace=512 --shared-keyspace=1 --batch=1
exit=0
[nr_bench] uds=/tmp/native_rdma-dp.sock op=put threads=4 duration=5s val_size=1048576 keyspace=512(shared) prio=default require_peer=false batch=1

==== nr_bench result ====
  elapsed       : 5.00 s
  elapsed_ms    : 5000.99
  threads       : 4
  op            : put
  ops ok/fail   : 29457 / 0
  ops degraded  : 6340
  ops/s         : 5890
  req_bytes     : 30888103058 (6176.39 MB/s)
  resp_bytes    : 10265464 (2.05 MB/s)
  latency us    : avg=642.62  p50=653.22  p90=836.11  p99=948.89  p99.9=1065.29  max=13691.19


[measured-bw threads=2] $ /home/wangshouxin/native-rdma-web/native_rdma/build-current/bin/nr_bench --uds=/tmp/native_rdma-dp.sock --op=put --threads=2 --val-size=1048576 --duration=15 --keyspace=512 --shared-keyspace=1 --require-peer=1 --batch=1
exit=0
[nr_bench] uds=/tmp/native_rdma-dp.sock op=put threads=2 duration=15s val_size=1048576 keyspace=512(shared) prio=default require_peer=true batch=1

==== nr_bench result ====
  elapsed       : 15.00 s
  elapsed_ms    : 15000.81
  threads       : 2
  op            : put
  ops ok/fail   : 48505 / 0
  ops degraded  : 0 (rejected)
  ops/s         : 3233
  req_bytes     : 50861507937 (3390.58 MB/s)
  resp_bytes    : 16944832 (1.13 MB/s)
  latency us    : avg=581.76  p50=553.03  p90=660.03  p99=742.15  p99.9=819.59  max=28813.01

network_samples={"samples": [{"ts_ns": 7560591777949885, "bw_tx_gbps": 44.291850239999995}, {"ts_ns": 7560591978052501, "bw_tx_gbps": 33.512697631840794}, {"ts_ns": 7560592178176851, "bw_tx_gbps": 27.97600768}, {"ts_ns": 7560592378295115, "bw_tx_gbps": 25.75302656}, {"ts_ns": 7560592578403330, "bw_tx_gbps": 27.43074816}, {"ts_ns": 7560592778514465, "bw_tx_gbps": 28.017950719999998}, {"ts_ns": 7560592978636912, "bw_tx_gbps": 27.934064639999995}, {"ts_ns": 7560593178744087, "bw_tx_gbps": 27.59852032}, {"ts_ns": 7560593378864454, "bw_tx_gbps": 27.724349439999997}, {"ts_ns": 7560593579000712, "bw_tx_gbps": 27.85017856}, {"ts_ns": 7560593779138807, "bw_tx_gbps": 27.71162045771144}, {"ts_ns": 7560593979253844, "bw_tx_gbps": 28.017950719999998}, {"ts_ns": 7560594179363909, "bw_tx_gbps": 27.85017856}, {"ts_ns": 7560594379448911, "bw_tx_gbps": 26.927431679999998}, {"ts_ns": 7560594579571081, "bw_tx_gbps": 27.55657728}, {"ts_ns": 7560594779682222, "bw_tx_gbps": 23.697817599999997}, {"ts_ns": 7560594979765316, "bw_tx_gbps": 27.472691199999996}, {"ts_ns": 7560595179878462, "bw_tx_gbps": 27.934064639999995}, {"ts_ns": 7560595379991390, "bw_tx_gbps": 26.08857088}, {"ts_ns": 7560595580073920, "bw_tx_gbps": 27.58641735323383}, {"ts_ns": 7560595780195815, "bw_tx_gbps": 27.64046336}, {"ts_ns": 7560595980311549, "bw_tx_gbps": 27.55657728}, {"ts_ns": 7560596180431411, "bw_tx_gbps": 27.80823552}, {"ts_ns": 7560596380567361, "bw_tx_gbps": 27.64046336}, {"ts_ns": 7560596580723358, "bw_tx_gbps": 23.61393152}, {"ts_ns": 7560596780837376, "bw_tx_gbps": 27.55657728}, {"ts_ns": 7560596980968184, "bw_tx_gbps": 27.472691199999996}, {"ts_ns": 7560597181097458, "bw_tx_gbps": 27.62815172139303}, {"ts_ns": 7560597381220222, "bw_tx_gbps": 27.221032959999995}, {"ts_ns": 7560597581352803, "bw_tx_gbps": 27.6824064}, {"ts_ns": 7560597781485485, "bw_tx_gbps": 27.934064639999995}, {"ts_ns": 7560597981586226, "bw_tx_gbps": 27.38880512}, {"ts_ns": 7560598181702314, "bw_tx_gbps": 27.13714688}, {"ts_ns": 7560598381829720, "bw_tx_gbps": 27.8921216}, {"ts_ns": 7560598581930808, "bw_tx_gbps": 27.053260799999997}, {"ts_ns": 7560598782039018, "bw_tx_gbps": 27.377745512437812}, {"ts_ns": 7560598982213525, "bw_tx_gbps": 22.69118464}, {"ts_ns": 7560599182323530, "bw_tx_gbps": 27.43074816}, {"ts_ns": 7560599382460415, "bw_tx_gbps": 27.55657728}, {"ts_ns": 7560599582589979, "bw_tx_gbps": 26.96937472}, {"ts_ns": 7560599782711001, "bw_tx_gbps": 27.724349439999997}, {"ts_ns": 7560599982822663, "bw_tx_gbps": 27.51463424}, {"ts_ns": 7560600182956665, "bw_tx_gbps": 26.633830399999997}, {"ts_ns": 7560600383095597, "bw_tx_gbps": 26.79346435820895}, {"ts_ns": 7560600583228593, "bw_tx_gbps": 26.88548864}, {"ts_ns": 7560600783357494, "bw_tx_gbps": 27.262976}, {"ts_ns": 7560600983479049, "bw_tx_gbps": 27.6824064}, {"ts_ns": 7560601183602029, "bw_tx_gbps": 27.262976}, {"ts_ns": 7560601383732259, "bw_tx_gbps": 27.64046336}, {"ts_ns": 7560601583843164, "bw_tx_gbps": 26.88548864}, {"ts_ns": 7560601783966172, "bw_tx_gbps": 27.6824064}, {"ts_ns": 7560601984063855, "bw_tx_gbps": 27.377745512437812}, {"ts_ns": 7560602184163894, "bw_tx_gbps": 27.262976}, {"ts_ns": 7560602384272284, "bw_tx_gbps": 27.011317759999997}, {"ts_ns": 7560602584392574, "bw_tx_gbps": 27.55657728}, {"ts_ns": 7560602784496119, "bw_tx_gbps": 27.262976}, {"ts_ns": 7560602984634557, "bw_tx_gbps": 26.96937472}, {"ts_ns": 7560603184752974, "bw_tx_gbps": 24.24307712}, {"ts_ns": 7560603384829442, "bw_tx_gbps": 26.172456959999998}, {"ts_ns": 7560603584957972, "bw_tx_gbps": 25.96274176}, {"ts_ns": 7560603785070392, "bw_tx_gbps": 26.960401830845772}, {"ts_ns": 7560603985178431, "bw_tx_gbps": 26.8435456}, {"ts_ns": 7560604185289945, "bw_tx_gbps": 27.13714688}, {"ts_ns": 7560604385419498, "bw_tx_gbps": 27.13714688}, {"ts_ns": 7560604585530775, "bw_tx_gbps": 27.053260799999997}, {"ts_ns": 7560604785650417, "bw_tx_gbps": 27.766292479999997}, {"ts_ns": 7560604985764341, "bw_tx_gbps": 27.262976}, {"ts_ns": 7560605185867524, "bw_tx_gbps": 27.38880512}, {"ts_ns": 7560605385980654, "bw_tx_gbps": 27.053260799999997}, {"ts_ns": 7560605586103819, "bw_tx_gbps": 27.71162045771144}, {"ts_ns": 7560605786230383, "bw_tx_gbps": 26.549944319999998}, {"ts_ns": 7560605986365178, "bw_tx_gbps": 27.59852032}, {"ts_ns": 7560606186500589, "bw_tx_gbps": 27.97600768}, {"ts_ns": 7560606386643247, "bw_tx_gbps": 27.011317759999997}, {"ts_ns": 7560606586783543, "bw_tx_gbps": 27.09520384}, {"ts_ns": 7560606786919524, "bw_tx_gbps": 26.927431679999998}], "positive_samples": 76, "network_tx_gbps_avg": 27.440064259418698, "network_tx_gbps_peak": 44.291850239999995}

[measured-bw threads=3] $ /home/wangshouxin/native-rdma-web/native_rdma/build-current/bin/nr_bench --uds=/tmp/native_rdma-dp.sock --op=put --threads=3 --val-size=1048576 --duration=15 --keyspace=512 --shared-keyspace=1 --require-peer=1 --batch=1
exit=0
[nr_bench] uds=/tmp/native_rdma-dp.sock op=put threads=3 duration=15s val_size=1048576 keyspace=512(shared) prio=default require_peer=true batch=1

==== nr_bench result ====
  elapsed       : 15.00 s
  elapsed_ms    : 15000.52
  threads       : 3
  op            : put
  ops ok/fail   : 67112 / 0
  ops degraded  : 0 (rejected)
  ops/s         : 4474
  req_bytes     : 70372487836 (4691.34 MB/s)
  resp_bytes    : 23445216 (1.56 MB/s)
  latency us    : avg=632.72  p50=612.61  p90=753.24  p99=839.19  p99.9=941.20  max=28819.62

network_samples={"samples": [{"ts_ns": 7560606786919524, "bw_tx_gbps": 26.927431679999998}, {"ts_ns": 7560606987047605, "bw_tx_gbps": 27.836823562189053}, {"ts_ns": 7560607187228974, "bw_tx_gbps": 31.121735679999997}, {"ts_ns": 7560607387359395, "bw_tx_gbps": 36.65821696}, {"ts_ns": 7560607587527361, "bw_tx_gbps": 36.44850176}, {"ts_ns": 7560607787650310, "bw_tx_gbps": 37.16153344}, {"ts_ns": 7560607987775746, "bw_tx_gbps": 36.993761279999994}, {"ts_ns": 7560608187914569, "bw_tx_gbps": 36.825989119999996}, {"ts_ns": 7560608388044203, "bw_tx_gbps": 36.55930650746268}, {"ts_ns": 7560608588176229, "bw_tx_gbps": 37.9584512}, {"ts_ns": 7560608788306583, "bw_tx_gbps": 38.00039424}, {"ts_ns": 7560608988435994, "bw_tx_gbps": 37.79067904}, {"ts_ns": 7560609188578243, "bw_tx_gbps": 37.748735999999994}, {"ts_ns": 7560609388761631, "bw_tx_gbps": 37.37124864}, {"ts_ns": 7560609588902548, "bw_tx_gbps": 37.580963839999995}, {"ts_ns": 7560609789041945, "bw_tx_gbps": 37.97827502487562}, {"ts_ns": 7560609989174431, "bw_tx_gbps": 38.5875968}, {"ts_ns": 7560610189301512, "bw_tx_gbps": 37.539020799999996}, {"ts_ns": 7560610389425964, "bw_tx_gbps": 38.12622336}, {"ts_ns": 7560610589570196, "bw_tx_gbps": 37.748735999999994}, {"ts_ns": 7560610789707693, "bw_tx_gbps": 39.132856319999995}, {"ts_ns": 7560610989841815, "bw_tx_gbps": 38.88119808}, {"ts_ns": 7560611189977041, "bw_tx_gbps": 37.28736256}, {"ts_ns": 7560611390098389, "bw_tx_gbps": 38.22868123383084}, {"ts_ns": 7560611590252057, "bw_tx_gbps": 37.91650816}, {"ts_ns": 7560611790379023, "bw_tx_gbps": 33.30277376}, {"ts_ns": 7560611990494629, "bw_tx_gbps": 37.539020799999996}, {"ts_ns": 7560612190623436, "bw_tx_gbps": 37.41319168}, {"ts_ns": 7560612390750057, "bw_tx_gbps": 37.706792959999994}, {"ts_ns": 7560612590875658, "bw_tx_gbps": 37.20347648}, {"ts_ns": 7560612791019209, "bw_tx_gbps": 38.12622336}, {"ts_ns": 7560612991144628, "bw_tx_gbps": 37.39399387064676}, {"ts_ns": 7560613191266293, "bw_tx_gbps": 38.3778816}, {"ts_ns": 7560613391408395, "bw_tx_gbps": 36.95181824}, {"ts_ns": 7560613591557024, "bw_tx_gbps": 37.1195904}, {"ts_ns": 7560613791683954, "bw_tx_gbps": 38.54565376}, {"ts_ns": 7560613991804485, "bw_tx_gbps": 38.92314112}, {"ts_ns": 7560614191929954, "bw_tx_gbps": 39.048970239999996}, {"ts_ns": 7560614392043269, "bw_tx_gbps": 38.47908744278607}, {"ts_ns": 7560614592182946, "bw_tx_gbps": 38.21010944}, {"ts_ns": 7560614792313678, "bw_tx_gbps": 38.1681664}, {"ts_ns": 7560614992435512, "bw_tx_gbps": 37.41319168}, {"ts_ns": 7560615192569352, "bw_tx_gbps": 39.09091328}, {"ts_ns": 7560615392697466, "bw_tx_gbps": 38.50371072}, {"ts_ns": 7560615592822252, "bw_tx_gbps": 37.1195904}, {"ts_ns": 7560615792977412, "bw_tx_gbps": 39.048970239999996}, {"ts_ns": 7560615993122385, "bw_tx_gbps": 39.105102965174126}, {"ts_ns": 7560616193299366, "bw_tx_gbps": 37.1195904}, {"ts_ns": 7560616393439707, "bw_tx_gbps": 30.99590656}, {"ts_ns": 7560616593589767, "bw_tx_gbps": 39.132856319999995}, {"ts_ns": 7560616793720031, "bw_tx_gbps": 36.742103039999996}, {"ts_ns": 7560616993865073, "bw_tx_gbps": 39.25868544}, {"ts_ns": 7560617194044596, "bw_tx_gbps": 37.706792959999994}, {"ts_ns": 7560617394181831, "bw_tx_gbps": 39.23030606965174}, {"ts_ns": 7560617594327175, "bw_tx_gbps": 36.4904448}, {"ts_ns": 7560617794452234, "bw_tx_gbps": 36.53238784}, {"ts_ns": 7560617994599105, "bw_tx_gbps": 37.87456512}, {"ts_ns": 7560618194737139, "bw_tx_gbps": 37.1195904}, {"ts_ns": 7560618394887424, "bw_tx_gbps": 36.071014399999996}, {"ts_ns": 7560618595033173, "bw_tx_gbps": 37.83262208}, {"ts_ns": 7560618795179234, "bw_tx_gbps": 38.60429054726368}, {"ts_ns": 7560618995322191, "bw_tx_gbps": 39.132856319999995}, {"ts_ns": 7560619195473635, "bw_tx_gbps": 38.797312}, {"ts_ns": 7560619395603562, "bw_tx_gbps": 37.9584512}, {"ts_ns": 7560619595788535, "bw_tx_gbps": 38.04233728}, {"ts_ns": 7560619795922427, "bw_tx_gbps": 38.419824639999995}, {"ts_ns": 7560619996070410, "bw_tx_gbps": 38.562556179104476}, {"ts_ns": 7560620196230800, "bw_tx_gbps": 37.79067904}, {"ts_ns": 7560620396371546, "bw_tx_gbps": 32.84140032}, {"ts_ns": 7560620596513882, "bw_tx_gbps": 36.57433088}, {"ts_ns": 7560620796652574, "bw_tx_gbps": 38.252052479999996}, {"ts_ns": 7560620996789278, "bw_tx_gbps": 39.048970239999996}, {"ts_ns": 7560621196914482, "bw_tx_gbps": 37.9584512}, {"ts_ns": 7560621397035084, "bw_tx_gbps": 37.1195904}, {"ts_ns": 7560621597158612, "bw_tx_gbps": 37.01838455721393}, {"ts_ns": 7560621797274214, "bw_tx_gbps": 37.748735999999994}], "positive_samples": 76, "network_tx_gbps_avg": 37.27866698473949, "network_tx_gbps_peak": 39.25868544}

[measured-bw threads=4] $ /home/wangshouxin/native-rdma-web/native_rdma/build-current/bin/nr_bench --uds=/tmp/native_rdma-dp.sock --op=put --threads=4 --val-size=1048576 --duration=15 --keyspace=512 --shared-keyspace=1 --require-peer=1 --batch=1
exit=0
[nr_bench] uds=/tmp/native_rdma-dp.sock op=put threads=4 duration=15s val_size=1048576 keyspace=512(shared) prio=default require_peer=true batch=1

==== nr_bench result ====
  elapsed       : 15.00 s
  elapsed_ms    : 15000.83
  threads       : 4
  op            : put
  ops ok/fail   : 80173 / 0
  ops degraded  : 0 (rejected)
  ops/s         : 5345
  req_bytes     : 84068027569 (5604.22 MB/s)
  resp_bytes    : 28008407 (1.87 MB/s)
  latency us    : avg=710.46  p50=696.06  p90=851.87  p99=963.79  p99.9=1198.43  max=29706.03

network_samples={"samples": [{"ts_ns": 7560621797274214, "bw_tx_gbps": 37.748735999999994}, {"ts_ns": 7560621997399420, "bw_tx_gbps": 34.644951039999995}, {"ts_ns": 7560622197531981, "bw_tx_gbps": 46.38900224}, {"ts_ns": 7560622397683148, "bw_tx_gbps": 44.79516672}, {"ts_ns": 7560622597818805, "bw_tx_gbps": 45.42431232}, {"ts_ns": 7560622797961099, "bw_tx_gbps": 44.62739456}, {"ts_ns": 7560622998080664, "bw_tx_gbps": 46.03300807960199}, {"ts_ns": 7560623198190596, "bw_tx_gbps": 44.12407808}, {"ts_ns": 7560623398304775, "bw_tx_gbps": 45.59208448}, {"ts_ns": 7560623598417272, "bw_tx_gbps": 44.62739456}, {"ts_ns": 7560623798515580, "bw_tx_gbps": 43.74659072}, {"ts_ns": 7560623998666421, "bw_tx_gbps": 45.59208448}, {"ts_ns": 7560624198821796, "bw_tx_gbps": 44.207964159999996}, {"ts_ns": 7560624398980086, "bw_tx_gbps": 40.13948927999999}, {"ts_ns": 7560624599140875, "bw_tx_gbps": 42.652524258706464}, {"ts_ns": 7560624799285320, "bw_tx_gbps": 44.4596224}, {"ts_ns": 7560624999407181, "bw_tx_gbps": 43.28521728}, {"ts_ns": 7560625199529078, "bw_tx_gbps": 45.46625535999999}, {"ts_ns": 7560625399656818, "bw_tx_gbps": 46.3470592}, {"ts_ns": 7560625599801152, "bw_tx_gbps": 44.37573632}, {"ts_ns": 7560625799943116, "bw_tx_gbps": 46.72454656}, {"ts_ns": 7560626000072074, "bw_tx_gbps": 44.53057082587064}, {"ts_ns": 7560626200227245, "bw_tx_gbps": 45.130711039999994}, {"ts_ns": 7560626400369047, "bw_tx_gbps": 46.76648959999999}, {"ts_ns": 7560626600515453, "bw_tx_gbps": 45.59208448}, {"ts_ns": 7560626800655813, "bw_tx_gbps": 45.63402752}, {"ts_ns": 7560627000772268, "bw_tx_gbps": 46.137344}, {"ts_ns": 7560627200898532, "bw_tx_gbps": 45.96957183999999}, {"ts_ns": 7560627401011641, "bw_tx_gbps": 46.9762048}, {"ts_ns": 7560627601163910, "bw_tx_gbps": 45.24005508457711}, {"ts_ns": 7560627801288157, "bw_tx_gbps": 45.5081984}, {"ts_ns": 7560628001406043, "bw_tx_gbps": 44.333793279999995}, {"ts_ns": 7560628201524415, "bw_tx_gbps": 45.759856639999995}, {"ts_ns": 7560628401648014, "bw_tx_gbps": 44.12407808}, {"ts_ns": 7560628601788936, "bw_tx_gbps": 45.88568576}, {"ts_ns": 7560628801943617, "bw_tx_gbps": 45.717913599999996}, {"ts_ns": 7560629002095520, "bw_tx_gbps": 45.406992557213925}, {"ts_ns": 7560629202240683, "bw_tx_gbps": 44.79516672}, {"ts_ns": 7560629402387501, "bw_tx_gbps": 44.71128064}, {"ts_ns": 7560629602539419, "bw_tx_gbps": 42.739957759999996}, {"ts_ns": 7560629802680541, "bw_tx_gbps": 45.59208448}, {"ts_ns": 7560630002820317, "bw_tx_gbps": 46.30511616}, {"ts_ns": 7560630202983226, "bw_tx_gbps": 46.93426176}, {"ts_ns": 7560630403109655, "bw_tx_gbps": 45.82433623880596}, {"ts_ns": 7560630603242770, "bw_tx_gbps": 43.83047679999999}, {"ts_ns": 7560630803365191, "bw_tx_gbps": 45.717913599999996}, {"ts_ns": 7560631003472837, "bw_tx_gbps": 46.76648959999999}, {"ts_ns": 7560631203593596, "bw_tx_gbps": 44.50156544}, {"ts_ns": 7560631403711851, "bw_tx_gbps": 45.46625535999999}, {"ts_ns": 7560631603869906, "bw_tx_gbps": 45.42431232}, {"ts_ns": 7560631804021428, "bw_tx_gbps": 46.05345791999999}, {"ts_ns": 7560632004147091, "bw_tx_gbps": 47.03463291542288}, {"ts_ns": 7560632204278019, "bw_tx_gbps": 44.8790528}, {"ts_ns": 7560632404405075, "bw_tx_gbps": 44.4596224}, {"ts_ns": 7560632604540467, "bw_tx_gbps": 44.62739456}, {"ts_ns": 7560632804659900, "bw_tx_gbps": 41.81721088}, {"ts_ns": 7560633004775015, "bw_tx_gbps": 42.739957759999996}, {"ts_ns": 7560633204906150, "bw_tx_gbps": 44.4596224}, {"ts_ns": 7560633405054919, "bw_tx_gbps": 45.36525818905472}, {"ts_ns": 7560633605182811, "bw_tx_gbps": 45.17265408}, {"ts_ns": 7560633805319370, "bw_tx_gbps": 46.72454656}, {"ts_ns": 7560634005450128, "bw_tx_gbps": 47.898951679999996}, {"ts_ns": 7560634205618096, "bw_tx_gbps": 45.717913599999996}, {"ts_ns": 7560634405801910, "bw_tx_gbps": 43.91436288}, {"ts_ns": 7560634605956300, "bw_tx_gbps": 38.54565376}, {"ts_ns": 7560634806103602, "bw_tx_gbps": 43.65414909452736}, {"ts_ns": 7560635006245344, "bw_tx_gbps": 44.54350847999999}, {"ts_ns": 7560635206434405, "bw_tx_gbps": 44.75322367999999}, {"ts_ns": 7560635406575414, "bw_tx_gbps": 44.75322367999999}, {"ts_ns": 7560635606754037, "bw_tx_gbps": 44.207964159999996}, {"ts_ns": 7560635806905639, "bw_tx_gbps": 45.004881919999995}, {"ts_ns": 7560636007056717, "bw_tx_gbps": 45.156586348258706}, {"ts_ns": 7560636207181501, "bw_tx_gbps": 42.614128640000004}, {"ts_ns": 7560636407342202, "bw_tx_gbps": 46.472888319999996}, {"ts_ns": 7560636607463151, "bw_tx_gbps": 43.91436288}, {"ts_ns": 7560636807590474, "bw_tx_gbps": 44.920995839999996}], "positive_samples": 76, "network_tx_gbps_avg": 44.70700286726368, "network_tx_gbps_peak": 47.898951679999996}


============================================================
Sub-test A: 1KB ops throughput
============================================================

[restart] env: {'SLAB_SLOT_SIZE': '4096', 'SLAB_TOTAL_BYTES': '4294967296', 'NR_ASYNC_REPL': '0'}

[restart] exit=0
 SELF=192.168.0.218  PEER=192.168.0.214  FLASK_PORT=5000
[36m[demo_up][0m SLAB_SLOT_SIZE=4096  SLAB_TOTAL_BYTES=4294967296
[36m[demo_up][0m NR_GDR_ENABLE=0  NR_CUDA_DEVICE=0  NR_GDR_BYTES=67108864
[36m[demo_up][0m 清理残留进程 / IPC
[36m[demo_up][0m 启动 native_rdma_dp (role=A)
[36m[demo_up][0m   DP pid=3459489
[36m[demo_up][0m role=A 等 UDS 就绪（最多 15s，要求对端 B 已在 listen）
[32m[  OK  ][0m Data Plane (A) 握手完成 (uds=/tmp/native_rdma-dp.sock)
[32m[  OK  ][0m 跳过 Flask 重启 (NR_SKIP_FLASK=1)，保留现有控制面


[measured-ops] $ /home/wangshouxin/native-rdma-web/native_rdma/build-current/bin/nr_bench --uds=/tmp/native_rdma-dp.sock --op=put --threads=4 --val-size=1024 --duration=15 --require-peer=1 --batch=64
exit=0
[nr_bench] uds=/tmp/native_rdma-dp.sock op=put threads=4 duration=15s val_size=1024 keyspace=10000 prio=default require_peer=true batch=64

==== nr_bench result ====
  elapsed       : 15.00 s
  elapsed_ms    : 15000.97
  threads       : 4
  op            : put
  ops ok/fail   : 4977024 / 0
  ops degraded  : 0 (rejected)
  ops/s         : 331780
  req_bytes     : 5170885164 (344.70 MB/s)
  resp_bytes    : 15164392 (1.01 MB/s)
  latency us    : avg=11.89  p50=12.10  p90=13.58  p99=14.89  p99.9=81.17  max=444.94



============================================================
Restore functional data-plane defaults
============================================================

[restart] env: {'SLAB_SLOT_SIZE': '4096', 'SLAB_TOTAL_BYTES': '4294967296', 'NR_ASYNC_REPL': '0'}

[restart] exit=0
 SELF=192.168.0.218  PEER=192.168.0.214  FLASK_PORT=5000
[36m[demo_up][0m SLAB_SLOT_SIZE=4096  SLAB_TOTAL_BYTES=4294967296
[36m[demo_up][0m NR_GDR_ENABLE=0  NR_CUDA_DEVICE=0  NR_GDR_BYTES=67108864
[36m[demo_up][0m 清理残留进程 / IPC
[36m[demo_up][0m 启动 native_rdma_dp (role=A)
[36m[demo_up][0m   DP pid=3460797
[36m[demo_up][0m role=A 等 UDS 就绪（最多 15s，要求对端 B 已在 listen）
[32m[  OK  ][0m Data Plane (A) 握手完成 (uds=/tmp/native_rdma-dp.sock)
[32m[  OK  ][0m 跳过 Flask 重启 (NR_SKIP_FLASK=1)，保留现有控制面

