Command: bash /home/wangshouxin/native-rdma-web/functions/rdma/FN-1/run.sh
Exit Code: 0

[functions/run_all] restart stack before function
Command: bash /home/wangshouxin/native-rdma-web/native_rdma/start.sh
Exit Code: 0

[start] repo=/home/wangshouxin/native-rdma-web
[start] build=/home/wangshouxin/native-rdma-web/native_rdma/build-current
[start] peer=xfusion4:/home/wangshouxin/native-rdma-web
[start] build local
-- ==== native_rdma build config ====
--   Build type   : Release
--   C++ std      : 17
--   io_uring     : ON
--   zstd         : ON
--   lz4          : ON
--   cuda/gdr     : OFF
--   tests        : ON
-- ==================================
-- Configuring done
-- Generating done
-- Build files have been written to: /home/wangshouxin/native-rdma-web/native_rdma/build-current
ninja: no work to do.
[start] check peer ssh
[start] sync repo to peer
sending incremental file list
functions/logs/
functions/logs/run_all_20260527_200424.stdio.log
functions/storage/FN-1/raw.json
functions/storage/FN-1/run_all.last.log
functions/storage/FN-1/summary.md
functions/storage/FN-1/logs/
functions/storage/FN-1/logs/run_20260527_200424.json
functions/storage/FN-1/logs/run_20260527_200424.log
functions/storage/FN-1/logs/run_20260527_200424.stdio.log
functions/storage/FN-2/raw.json
functions/storage/FN-2/run_all.last.log
functions/storage/FN-2/summary.md
functions/storage/FN-2/logs/
functions/storage/FN-2/logs/run_20260527_200424.json
functions/storage/FN-2/logs/run_20260527_200424.log
functions/storage/FN-2/logs/run_20260527_200424.stdio.log
functions/storage/FN-3/raw.json
functions/storage/FN-3/run_all.last.log
functions/storage/FN-3/summary.md
functions/storage/FN-3/logs/
functions/storage/FN-3/logs/run_20260527_200428.json
functions/storage/FN-3/logs/run_20260527_200428.log
functions/storage/FN-3/logs/run_20260527_200428.stdio.log
functions/storage/FN-4/raw.json
functions/storage/FN-4/run_all.last.log
functions/storage/FN-4/summary.md
functions/storage/FN-4/logs/
functions/storage/FN-4/logs/run_20260527_200428.json
functions/storage/FN-4/logs/run_20260527_200428.log
functions/storage/FN-4/logs/run_20260527_200428.stdio.log
functions/storage/FN-5/raw.json
functions/storage/FN-5/run_all.last.log
functions/storage/FN-5/summary.md
functions/storage/FN-5/logs/
functions/storage/FN-5/logs/run_20260527_200428.json
functions/storage/FN-5/logs/run_20260527_200428.log
functions/storage/FN-5/logs/run_20260527_200428.stdio.log
functions/storage/FN-6/raw.json
functions/storage/FN-6/run_all.last.log
functions/storage/FN-6/summary.md
functions/storage/FN-6/logs/
functions/storage/FN-6/logs/run_20260527_200428.json
functions/storage/FN-6/logs/run_20260527_200428.log
functions/storage/FN-6/logs/run_20260527_200428.stdio.log
performances/PF-7/pf7_backup.dat

sent 255,431 bytes  received 82,943 bytes  135,349.60 bytes/sec
total size is 171,309,874  speedup is 506.27
[start] build peer
-- ==== native_rdma build config ====
--   Build type   : Release
--   C++ std      : 17
--   io_uring     : ON
--   zstd         : ON
--   lz4          : ON
--   cuda/gdr     : OFF
--   tests        : ON
-- ==================================
-- Configuring done
-- Generating done
-- Build files have been written to: /home/wangshouxin/native-rdma-web/native_rdma/build-current
ninja: no work to do.
[start] clean cold-tier leftovers
[start] stop old local stack
[demo_down] 精确匹配 native_rdma_dp ...
[demo_down] 已清理
[start] stop old peer stack
[demo_down] 精确匹配 native_rdma_dp ...
[demo_down] 已清理
[start] start peer role B
[36m[demo_up][0m ROLE=B  SELF=192.168.0.214  PEER=192.168.0.218  FLASK_PORT=5001
[36m[demo_up][0m SLAB_SLOT_SIZE=4096  SLAB_TOTAL_BYTES=4294967296
[36m[demo_up][0m NR_GDR_ENABLE=0  NR_CUDA_DEVICE=0  NR_GDR_BYTES=67108864
[36m[demo_up][0m 清理残留进程 / IPC
[36m[demo_up][0m 启动 native_rdma_dp (role=B)
[36m[demo_up][0m   DP pid=2698562
[36m[demo_up][0m role=B 是 OOB listener，等 TCP:18515 进入 LISTEN（最多 20s）
[32m[  OK  ][0m Data Plane (B) 已监听 TCP:18515，等待 A 端 connect 即可完成握手
[32m[  OK  ][0m 跳过 Flask 重启 (NR_SKIP_FLASK=1)，保留现有控制面
[start] start local role A
[36m[demo_up][0m ROLE=A  SELF=192.168.0.218  PEER=192.168.0.214  FLASK_PORT=5000
[36m[demo_up][0m SLAB_SLOT_SIZE=4096  SLAB_TOTAL_BYTES=4294967296
[36m[demo_up][0m NR_GDR_ENABLE=0  NR_CUDA_DEVICE=0  NR_GDR_BYTES=67108864
[36m[demo_up][0m 清理残留进程 / IPC
[36m[demo_up][0m 启动 native_rdma_dp (role=A)
[36m[demo_up][0m   DP pid=172764
[36m[demo_up][0m role=A 等 UDS 就绪（最多 15s，要求对端 B 已在 listen）
[32m[  OK  ][0m Data Plane (A) 握手完成 (uds=/tmp/native_rdma-dp.sock)
[32m[  OK  ][0m 跳过 Flask 重启 (NR_SKIP_FLASK=1)，保留现有控制面

[functions/run_all] wait 5.0s for heartbeat stabilization
## STDOUT
rdma/FN-1 PASS - RDMA 与 TCP/IP 统一通信层
- 最近一次数据面启动日志包含 RDMA QP、TcpFallback 和 OOB exchange 证据: /home/wangshouxin/native-rdma-web/native_rdma/logs/dp_A.log
- peer_alive=True peer_num_qp=32 peer_slab_rkey=71936
- TCP 协议切换闭环成功: RPC_KV_PUT transport=tcp -> RPC_TCP_GET_PEER size=19
- RDMA/TCP 复制时延对比: RDMA avg=35.205us p95=41.416us; TCP avg=227.585us p95=263.188us; samples=8
summary: /home/wangshouxin/native-rdma-web/functions/rdma/FN-1/summary.md
log: /home/wangshouxin/native-rdma-web/functions/rdma/FN-1/logs/run_20260527_200447.log


## STDERR


[functions/run_all] restore stack after function
Command: bash /home/wangshouxin/native-rdma-web/native_rdma/start.sh
Exit Code: 0

[start] repo=/home/wangshouxin/native-rdma-web
[start] build=/home/wangshouxin/native-rdma-web/native_rdma/build-current
[start] peer=xfusion4:/home/wangshouxin/native-rdma-web
[start] build local
-- ==== native_rdma build config ====
--   Build type   : Release
--   C++ std      : 17
--   io_uring     : ON
--   zstd         : ON
--   lz4          : ON
--   cuda/gdr     : OFF
--   tests        : ON
-- ==================================
-- Configuring done
-- Generating done
-- Build files have been written to: /home/wangshouxin/native-rdma-web/native_rdma/build-current
ninja: no work to do.
[start] check peer ssh
[start] sync repo to peer
sending incremental file list
functions/rdma/FN-1/raw.json
functions/rdma/FN-1/summary.md
functions/rdma/FN-1/logs/
functions/rdma/FN-1/logs/run_20260527_200447.json
functions/rdma/FN-1/logs/run_20260527_200447.log
functions/rdma/FN-1/logs/run_20260527_200447.stdio.log

sent 230,097 bytes  received 771 bytes  461,736.00 bytes/sec
total size is 171,345,708  speedup is 742.18
[start] build peer
-- ==== native_rdma build config ====
--   Build type   : Release
--   C++ std      : 17
--   io_uring     : ON
--   zstd         : ON
--   lz4          : ON
--   cuda/gdr     : OFF
--   tests        : ON
-- ==================================
-- Configuring done
-- Generating done
-- Build files have been written to: /home/wangshouxin/native-rdma-web/native_rdma/build-current
ninja: no work to do.
[start] clean cold-tier leftovers
[start] stop old local stack
[demo_down] 精确匹配 native_rdma_dp ...
[demo_down] 已清理
[start] stop old peer stack
[demo_down] 精确匹配 native_rdma_dp ...
[demo_down] 已清理
[start] start peer role B
[36m[demo_up][0m ROLE=B  SELF=192.168.0.214  PEER=192.168.0.218  FLASK_PORT=5001
[36m[demo_up][0m SLAB_SLOT_SIZE=4096  SLAB_TOTAL_BYTES=4294967296
[36m[demo_up][0m NR_GDR_ENABLE=0  NR_CUDA_DEVICE=0  NR_GDR_BYTES=67108864
[36m[demo_up][0m 清理残留进程 / IPC
[36m[demo_up][0m 启动 native_rdma_dp (role=B)
[36m[demo_up][0m   DP pid=2699034
[36m[demo_up][0m role=B 是 OOB listener，等 TCP:18515 进入 LISTEN（最多 20s）
[32m[  OK  ][0m Data Plane (B) 已监听 TCP:18515，等待 A 端 connect 即可完成握手
[32m[  OK  ][0m 跳过 Flask 重启 (NR_SKIP_FLASK=1)，保留现有控制面
[start] start local role A
[36m[demo_up][0m ROLE=A  SELF=192.168.0.218  PEER=192.168.0.214  FLASK_PORT=5000
[36m[demo_up][0m SLAB_SLOT_SIZE=4096  SLAB_TOTAL_BYTES=4294967296
[36m[demo_up][0m NR_GDR_ENABLE=0  NR_CUDA_DEVICE=0  NR_GDR_BYTES=67108864
[36m[demo_up][0m 清理残留进程 / IPC
[36m[demo_up][0m 启动 native_rdma_dp (role=A)
[36m[demo_up][0m   DP pid=173337
[36m[demo_up][0m role=A 等 UDS 就绪（最多 15s，要求对端 B 已在 listen）
[32m[  OK  ][0m Data Plane (A) 握手完成 (uds=/tmp/native_rdma-dp.sock)
[32m[  OK  ][0m 跳过 Flask 重启 (NR_SKIP_FLASK=1)，保留现有控制面


[functions/run_all] wait for restored peer readiness
peer_ready=true transport=rdma peer_num_qp=32 tcp_data_ready=True
