[01:25:47] start storage/FN-2 多层感知、冷热分离与调度
[01:25:47] repo_root=/home/wangshouxin/native-rdma-web
[01:25:47] uds=/tmp/native_rdma-dp.sock ctrl_url=http://127.0.0.1:5000
[01:25:47] rpc RPC_KV_PUT body_len=66
[01:25:47] rpc RPC_KV_PUT resp_len=386 resp={"ok":true,"key":"fn_storage_tier_manual_1777915547431_3057610","tenant_id":0,"size":21,"offset":6287360,"repl_ns":29948,"degraded":false,"transport":"rdma","async_repl":false,"tcp_data_ready":true,"qos":{"priority":"hi","qp_idx":2,"hi_qp_start":0,"hi_qp_count":16,"lo_qp_start":16,"lo_qp_count":13},"route":{"primary":"192.168.0.218","replica":"192.168.0.214","local_is_primary":true}}
[01:25:47] rpc RPC_TIER_DEMOTE body_len=49
[01:25:47] rpc RPC_TIER_DEMOTE resp_len=76 resp={"ok":true,"key":"fn_storage_tier_manual_1777915547431_3057610","to":"nvme"}
[01:25:47] rpc RPC_KV_GET body_len=44
[01:25:47] rpc RPC_KV_GET resp_len=72 resp={"ok":true,"hit":"nvme_promote","size":21,"val":"tiering_probe_payload"}
[01:25:47] rpc RPC_KV_PUT body_len=68
[01:25:47] rpc RPC_KV_PUT resp_len=384 resp={"ok":true,"key":"fn_storage_tier_cold_1777915547431_3057610","tenant_id":0,"size":25,"offset":8384512,"repl_ns":20927,"degraded":false,"transport":"rdma","async_repl":false,"tcp_data_ready":true,"qos":{"priority":"hi","qp_idx":3,"hi_qp_start":0,"hi_qp_count":16,"lo_qp_start":16,"lo_qp_count":13},"route":{"primary":"192.168.0.218","replica":"192.168.0.214","local_is_primary":true}}
[01:25:47] rpc RPC_KV_PUT body_len=66
[01:25:47] rpc RPC_KV_PUT resp_len=383 resp={"ok":true,"key":"fn_storage_tier_hot_1777915547431_3057610","tenant_id":0,"size":24,"offset":9433088,"repl_ns":20937,"degraded":false,"transport":"rdma","async_repl":false,"tcp_data_ready":true,"qos":{"priority":"hi","qp_idx":4,"hi_qp_start":0,"hi_qp_count":16,"lo_qp_start":16,"lo_qp_count":13},"route":{"primary":"192.168.0.218","replica":"192.168.0.214","local_is_primary":true}}
[01:25:47] rpc RPC_KV_GET body_len=41
[01:25:47] rpc RPC_KV_GET resp_len=68 resp={"ok":true,"hit":"local","size":24,"val":"auto-hot-tiering-payload"}
[01:25:47] rpc RPC_TIER_STATS body_len=0
[01:25:47] rpc RPC_TIER_STATS resp_len=774 resp={"ok":true,"dram":5,"nvme":0,"hdd":0,"demoted_d_n":3,"demoted_n_h":0,"events":[{"ts_ns":7545601621082808,"key":"fn_storage_tier_manual_1777915547431_3057610","from":"nvme","to":"dram","bytes":21},{"ts_ns":7545601620972099,"key":"fn_storage_tier_manual_1777915547431_3057610","from":"dram","to":"nvme","bytes":21},{"ts_ns":7545600606938982,"key":"fn_storage_iface_hdd_1777915546417_3057579","from":"hdd","to":"dram","bytes":19},{"ts_ns":7545600606755012,"key":"fn_storage_iface_hdd_1777915546417_30575
[01:25:48] rpc RPC_KV_GET body_len=41
[01:25:48] rpc RPC_KV_GET resp_len=68 resp={"ok":true,"hit":"local","size":24,"val":"auto-hot-tiering-payload"}
[01:25:48] rpc RPC_TIER_STATS body_len=0
[01:25:48] rpc RPC_TIER_STATS resp_len=774 resp={"ok":true,"dram":5,"nvme":0,"hdd":0,"demoted_d_n":3,"demoted_n_h":0,"events":[{"ts_ns":7545601621082808,"key":"fn_storage_tier_manual_1777915547431_3057610","from":"nvme","to":"dram","bytes":21},{"ts_ns":7545601620972099,"key":"fn_storage_tier_manual_1777915547431_3057610","from":"dram","to":"nvme","bytes":21},{"ts_ns":7545600606938982,"key":"fn_storage_iface_hdd_1777915546417_3057579","from":"hdd","to":"dram","bytes":19},{"ts_ns":7545600606755012,"key":"fn_storage_iface_hdd_1777915546417_30575
[01:25:49] rpc RPC_KV_GET body_len=41
[01:25:49] rpc RPC_KV_GET resp_len=68 resp={"ok":true,"hit":"local","size":24,"val":"auto-hot-tiering-payload"}
[01:25:49] rpc RPC_TIER_STATS body_len=0
[01:25:49] rpc RPC_TIER_STATS resp_len=774 resp={"ok":true,"dram":5,"nvme":0,"hdd":0,"demoted_d_n":3,"demoted_n_h":0,"events":[{"ts_ns":7545601621082808,"key":"fn_storage_tier_manual_1777915547431_3057610","from":"nvme","to":"dram","bytes":21},{"ts_ns":7545601620972099,"key":"fn_storage_tier_manual_1777915547431_3057610","from":"dram","to":"nvme","bytes":21},{"ts_ns":7545600606938982,"key":"fn_storage_iface_hdd_1777915546417_3057579","from":"hdd","to":"dram","bytes":19},{"ts_ns":7545600606755012,"key":"fn_storage_iface_hdd_1777915546417_30575
[01:25:50] rpc RPC_KV_GET body_len=41
[01:25:50] rpc RPC_KV_GET resp_len=68 resp={"ok":true,"hit":"local","size":24,"val":"auto-hot-tiering-payload"}
[01:25:50] rpc RPC_TIER_STATS body_len=0
[01:25:50] rpc RPC_TIER_STATS resp_len=774 resp={"ok":true,"dram":5,"nvme":0,"hdd":0,"demoted_d_n":3,"demoted_n_h":0,"events":[{"ts_ns":7545601621082808,"key":"fn_storage_tier_manual_1777915547431_3057610","from":"nvme","to":"dram","bytes":21},{"ts_ns":7545601620972099,"key":"fn_storage_tier_manual_1777915547431_3057610","from":"dram","to":"nvme","bytes":21},{"ts_ns":7545600606938982,"key":"fn_storage_iface_hdd_1777915546417_3057579","from":"hdd","to":"dram","bytes":19},{"ts_ns":7545600606755012,"key":"fn_storage_iface_hdd_1777915546417_30575
[01:25:51] rpc RPC_KV_GET body_len=41
[01:25:51] rpc RPC_KV_GET resp_len=68 resp={"ok":true,"hit":"local","size":24,"val":"auto-hot-tiering-payload"}
[01:25:51] rpc RPC_TIER_STATS body_len=0
[01:25:51] rpc RPC_TIER_STATS resp_len=889 resp={"ok":true,"dram":4,"nvme":1,"hdd":0,"demoted_d_n":4,"demoted_n_h":0,"events":[{"ts_ns":7545604851718138,"key":"fn_storage_tier_cold_1777915547431_3057610","from":"dram","to":"nvme","bytes":25},{"ts_ns":7545601621082808,"key":"fn_storage_tier_manual_1777915547431_3057610","from":"nvme","to":"dram","bytes":21},{"ts_ns":7545601620972099,"key":"fn_storage_tier_manual_1777915547431_3057610","from":"dram","to":"nvme","bytes":21},{"ts_ns":7545600606938982,"key":"fn_storage_iface_hdd_1777915546417_3057
[01:25:51] rpc RPC_TIER_STATS body_len=0
[01:25:51] rpc RPC_TIER_STATS resp_len=889 resp={"ok":true,"dram":4,"nvme":1,"hdd":0,"demoted_d_n":4,"demoted_n_h":0,"events":[{"ts_ns":7545604851718138,"key":"fn_storage_tier_cold_1777915547431_3057610","from":"dram","to":"nvme","bytes":25},{"ts_ns":7545601621082808,"key":"fn_storage_tier_manual_1777915547431_3057610","from":"nvme","to":"dram","bytes":21},{"ts_ns":7545601620972099,"key":"fn_storage_tier_manual_1777915547431_3057610","from":"dram","to":"nvme","bytes":21},{"ts_ns":7545600606938982,"key":"fn_storage_iface_hdd_1777915546417_3057
[01:25:51] rpc RPC_KV_GET body_len=42
[01:25:51] rpc RPC_KV_GET resp_len=76 resp={"ok":true,"hit":"nvme_promote","size":25,"val":"auto-cold-tiering-payload"}
[01:25:51] rpc RPC_KV_GET body_len=41
[01:25:51] rpc RPC_KV_GET resp_len=68 resp={"ok":true,"hit":"local","size":24,"val":"auto-hot-tiering-payload"}
[01:25:51] result=PASS completion=完成
