[23:00:24] start storage/FN-1 仿真引擎异构存储统一访问接口
[23:00:24] repo_root=/home/wangshouxin/native-rdma-web
[23:00:24] uds=/tmp/native_rdma-dp.sock ctrl_url=http://127.0.0.1:5000
[23:00:24] rpc RPC_TIER_STATS body_len=0
[23:00:24] rpc RPC_TIER_STATS resp_len=81 resp={"ok":true,"dram":0,"nvme":0,"hdd":0,"demoted_d_n":0,"demoted_n_h":0,"events":[]}
[23:00:24] rpc RPC_KV_PUT body_len=64
[23:00:24] rpc RPC_KV_PUT resp_len=373 resp={"ok":true,"key":"fn_storage_iface_nvme_1777906824567_1195255","tenant_id":0,"size":20,"offset":2093056,"repl_ns":58514,"degraded":false,"transport":"rdma","async_repl":false,"tcp_data_ready":true,"qos":{"priority":"hi","qp_idx":0,"hi_qp_start":0,"hi_qp_count":16,"lo_qp_start":16,"lo_qp_count":13},"route":{"primary":"192.168.0.214","replica":"","local_is_primary":false}}
[23:00:24] rpc RPC_TIER_DEMOTE body_len=48
[23:00:24] rpc RPC_TIER_DEMOTE resp_len=75 resp={"ok":true,"key":"fn_storage_iface_nvme_1777906824567_1195255","to":"nvme"}
[23:00:24] rpc RPC_TIER_STATS body_len=0
[23:00:24] rpc RPC_TIER_STATS resp_len=196 resp={"ok":true,"dram":0,"nvme":1,"hdd":0,"demoted_d_n":1,"demoted_n_h":0,"events":[{"ts_ns":7536878757110583,"key":"fn_storage_iface_nvme_1777906824567_1195255","from":"dram","to":"nvme","bytes":20}]}
[23:00:24] rpc RPC_KV_GET body_len=43
[23:00:24] rpc RPC_KV_GET resp_len=71 resp={"ok":true,"hit":"nvme_promote","size":20,"val":"nvme-interface-probe"}
[23:00:24] rpc RPC_KV_PUT body_len=62
[23:00:24] rpc RPC_KV_PUT resp_len=372 resp={"ok":true,"key":"fn_storage_iface_hdd_1777906824567_1195255","tenant_id":0,"size":19,"offset":4190208,"repl_ns":19391,"degraded":false,"transport":"rdma","async_repl":false,"tcp_data_ready":true,"qos":{"priority":"hi","qp_idx":1,"hi_qp_start":0,"hi_qp_count":16,"lo_qp_start":16,"lo_qp_count":13},"route":{"primary":"192.168.0.214","replica":"","local_is_primary":false}}
[23:00:24] rpc RPC_TIER_DEMOTE body_len=46
[23:00:24] rpc RPC_TIER_DEMOTE resp_len=73 resp={"ok":true,"key":"fn_storage_iface_hdd_1777906824567_1195255","to":"hdd"}
[23:00:24] rpc RPC_TIER_STATS body_len=0
[23:00:24] rpc RPC_TIER_STATS resp_len=426 resp={"ok":true,"dram":1,"nvme":0,"hdd":1,"demoted_d_n":2,"demoted_n_h":0,"events":[{"ts_ns":7536878757558937,"key":"fn_storage_iface_hdd_1777906824567_1195255","from":"dram","to":"hdd","bytes":19},{"ts_ns":7536878757320010,"key":"fn_storage_iface_nvme_1777906824567_1195255","from":"nvme","to":"dram","bytes":20},{"ts_ns":7536878757110583,"key":"fn_storage_iface_nvme_1777906824567_1195255","from":"dram","to":"nvme","bytes":20}]}
[23:00:24] rpc RPC_KV_GET body_len=42
[23:00:24] rpc RPC_KV_GET resp_len=69 resp={"ok":true,"hit":"hdd_promote","size":19,"val":"hdd-interface-probe"}
[23:00:24] result=PASS completion=完成
