[09:57:38] start mempool/FN-5 任务级与用户级内存隔离
[09:57:38] repo_root=/home/wangshouxin/native-rdma-web
[09:57:38] uds=/tmp/native_rdma-dp.sock ctrl_url=http://127.0.0.1:5000
[09:57:38] rpc RPC_ISO_DENY body_len=20
[09:57:38] rpc RPC_ISO_DENY resp_len=69 resp={"ok":true,"action":"deny","tenant_id":48058,"pool":"default/slab1k"}
[09:57:38] rpc RPC_ISO_DENY body_len=21
[09:57:38] rpc RPC_ISO_DENY resp_len=70 resp={"ok":true,"action":"deny","tenant_id":148058,"pool":"default/slab1k"}
[09:57:38] rpc RPC_KV_PUT body_len=62
[09:57:38] rpc RPC_KV_PUT resp_len=68 resp={"ok":false,"err":"tenant 48058 not allowed on pool default/slab1k"}
[09:57:38] rpc RPC_KV_PUT body_len=63
[09:57:38] rpc RPC_KV_PUT resp_len=69 resp={"ok":false,"err":"tenant 148058 not allowed on pool default/slab1k"}
[09:57:38] rpc RPC_ISO_ALLOW body_len=20
[09:57:38] rpc RPC_ISO_ALLOW resp_len=70 resp={"ok":true,"action":"allow","tenant_id":48058,"pool":"default/slab1k"}
[09:57:38] rpc RPC_ISO_LIST body_len=0
[09:57:38] rpc RPC_ISO_LIST resp_len=65 resp={"ok":true,"allowed":["48058|default/slab1k","0|default/slab1k"]}
[09:57:38] rpc RPC_KV_PUT body_len=65
[09:57:38] rpc RPC_KV_PUT resp_len=370 resp={"ok":true,"key":"fn_iso_shared_1779847058436_3433633","tenant_id":48058,"size":22,"offset":14708736,"repl_ns":35998,"degraded":false,"transport":"rdma","async_repl":false,"tcp_data_ready":true,"qos":{"priority":"hi","qp_idx":11,"hi_qp_start":0,"hi_qp_count":16,"lo_qp_start":16,"lo_qp_count":13},"route":{"primary":"192.168.0.218","replica":"","local_is_primary":true}}
[09:57:38] rpc RPC_KV_GET body_len=42
[09:57:38] rpc RPC_KV_GET resp_len=66 resp={"ok":true,"hit":"local","size":22,"val":"tenant-a-private-value"}
[09:57:38] rpc RPC_KV_GET body_len=43
[09:57:38] rpc RPC_KV_GET resp_len=69 resp={"ok":false,"err":"tenant 148058 not allowed on pool default/slab1k"}
[09:57:38] rpc RPC_ISO_ALLOW body_len=21
[09:57:38] rpc RPC_ISO_ALLOW resp_len=71 resp={"ok":true,"action":"allow","tenant_id":148058,"pool":"default/slab1k"}
[09:57:38] rpc RPC_KV_GET body_len=43
[09:57:38] rpc RPC_KV_GET resp_len=30 resp={"ok":false,"err":"not found"}
[09:57:38] rpc RPC_KV_PUT body_len=66
[09:57:38] rpc RPC_KV_PUT resp_len=385 resp={"ok":true,"key":"fn_iso_shared_1779847058436_3433633","tenant_id":148058,"size":22,"offset":15757312,"repl_ns":41326,"degraded":false,"transport":"rdma","async_repl":false,"tcp_data_ready":true,"qos":{"priority":"hi","qp_idx":12,"hi_qp_start":0,"hi_qp_count":16,"lo_qp_start":16,"lo_qp_count":13},"route":{"primary":"192.168.0.214","replica":"192.168.0.218","local_is_primary":false}}
[09:57:38] rpc RPC_KV_GET body_len=43
[09:57:38] rpc RPC_KV_GET resp_len=66 resp={"ok":true,"hit":"local","size":22,"val":"tenant-b-private-value"}
[09:57:38] rpc RPC_KV_GET body_len=42
[09:57:38] rpc RPC_KV_GET resp_len=66 resp={"ok":true,"hit":"local","size":22,"val":"tenant-a-private-value"}
[09:57:38] rpc RPC_ISO_DENY body_len=20
[09:57:38] rpc RPC_ISO_DENY resp_len=69 resp={"ok":true,"action":"deny","tenant_id":48058,"pool":"default/slab1k"}
[09:57:38] rpc RPC_KV_GET body_len=42
[09:57:38] rpc RPC_KV_GET resp_len=68 resp={"ok":false,"err":"tenant 48058 not allowed on pool default/slab1k"}
[09:57:38] rpc RPC_KV_PUT body_len=68
[09:57:38] rpc RPC_KV_PUT resp_len=68 resp={"ok":false,"err":"tenant 48058 not allowed on pool default/slab1k"}
[09:57:38] rpc RPC_KV_GET body_len=43
[09:57:38] rpc RPC_KV_GET resp_len=66 resp={"ok":true,"hit":"local","size":22,"val":"tenant-b-private-value"}
[09:57:38] rpc RPC_ISO_DENY body_len=21
[09:57:38] rpc RPC_ISO_DENY resp_len=70 resp={"ok":true,"action":"deny","tenant_id":148058,"pool":"default/slab1k"}
[09:57:38] rpc RPC_KV_PUT body_len=69
[09:57:38] rpc RPC_KV_PUT resp_len=69 resp={"ok":false,"err":"tenant 148058 not allowed on pool default/slab1k"}
[09:57:38] rpc RPC_ISO_LIST body_len=0
[09:57:38] rpc RPC_ISO_LIST resp_len=42 resp={"ok":true,"allowed":["0|default/slab1k"]}
[09:57:38] result=PASS completion=完成
