[20:06:32] start storage/FN-1 仿真引擎异构存储统一访问接口
[20:06:32] repo_root=/home/wangshouxin/native-rdma-web
[20:06:32] uds=/tmp/native_rdma-dp.sock ctrl_url=http://127.0.0.1:5000
[20:06:32] rpc RPC_TIER_STATS body_len=0
[20:06:32] rpc RPC_TIER_STATS resp_len=297 resp={"ok":true,"dram":0,"nvme":0,"hdd":1,"demoted_d_n":1,"demoted_n_h":1,"events":[{"ts_ns":9513627426218627,"key":"fn_ha_recovered_1779883562960_174890","from":"nvme","to":"hdd","bytes":30},{"ts_ns":9513620224707681,"key":"fn_ha_recovered_1779883562960_174890","from":"dram","to":"nvme","bytes":30}]}
[20:06:32] rpc RPC_KV_PUT body_len=63
[20:06:32] rpc RPC_KV_PUT resp_len=372 resp={"ok":true,"key":"fn_storage_iface_nvme_1779883592442_176220","tenant_id":0,"size":20,"offset":3141632,"repl_ns":29345,"degraded":false,"transport":"rdma","async_repl":false,"tcp_data_ready":true,"qos":{"priority":"hi","qp_idx":1,"hi_qp_start":0,"hi_qp_count":16,"lo_qp_start":16,"lo_qp_count":13},"route":{"primary":"192.168.0.214","replica":"","local_is_primary":false}}
[20:06:32] rpc RPC_TIER_DEMOTE body_len=47
[20:06:32] rpc RPC_TIER_DEMOTE resp_len=74 resp={"ok":true,"key":"fn_storage_iface_nvme_1779883592442_176220","to":"nvme"}
[20:06:32] rpc RPC_TIER_STATS body_len=0
[20:06:32] rpc RPC_TIER_STATS resp_len=412 resp={"ok":true,"dram":0,"nvme":1,"hdd":1,"demoted_d_n":2,"demoted_n_h":1,"events":[{"ts_ns":9513646631861978,"key":"fn_storage_iface_nvme_1779883592442_176220","from":"dram","to":"nvme","bytes":20},{"ts_ns":9513627426218627,"key":"fn_ha_recovered_1779883562960_174890","from":"nvme","to":"hdd","bytes":30},{"ts_ns":9513620224707681,"key":"fn_ha_recovered_1779883562960_174890","from":"dram","to":"nvme","bytes":30}]}
[20:06:32] rpc RPC_KV_GET body_len=42
[20:06:32] rpc RPC_KV_GET resp_len=71 resp={"ok":true,"hit":"nvme_promote","size":20,"val":"nvme-interface-probe"}
[20:06:32] rpc RPC_KV_PUT body_len=61
[20:06:32] rpc RPC_KV_PUT resp_len=384 resp={"ok":true,"key":"fn_storage_iface_hdd_1779883592443_176220","tenant_id":0,"size":19,"offset":5238784,"repl_ns":36864,"degraded":false,"transport":"rdma","async_repl":false,"tcp_data_ready":true,"qos":{"priority":"hi","qp_idx":2,"hi_qp_start":0,"hi_qp_count":16,"lo_qp_start":16,"lo_qp_count":13},"route":{"primary":"192.168.0.214","replica":"192.168.0.218","local_is_primary":false}}
[20:06:32] rpc RPC_TIER_DEMOTE body_len=45
[20:06:32] rpc RPC_TIER_DEMOTE resp_len=72 resp={"ok":true,"key":"fn_storage_iface_hdd_1779883592443_176220","to":"hdd"}
[20:06:32] rpc RPC_TIER_STATS body_len=0
[20:06:32] rpc RPC_TIER_STATS resp_len=640 resp={"ok":true,"dram":1,"nvme":0,"hdd":2,"demoted_d_n":3,"demoted_n_h":1,"events":[{"ts_ns":9513646632872755,"key":"fn_storage_iface_hdd_1779883592443_176220","from":"dram","to":"hdd","bytes":19},{"ts_ns":9513646632501223,"key":"fn_storage_iface_nvme_1779883592442_176220","from":"nvme","to":"dram","bytes":20},{"ts_ns":9513646631861978,"key":"fn_storage_iface_nvme_1779883592442_176220","from":"dram","to":"nvme","bytes":20},{"ts_ns":9513627426218627,"key":"fn_ha_recovered_1779883562960_174890","from":
[20:06:32] rpc RPC_KV_GET body_len=41
[20:06:32] rpc RPC_KV_GET resp_len=69 resp={"ok":true,"hit":"hdd_promote","size":19,"val":"hdd-interface-probe"}
[20:06:32] result=PASS completion=完成
