[restart] env: {'NR_ASYNC_REPL': '0'}

[restart] exit=0
 SELF=192.168.0.218  PEER=192.168.0.214  FLASK_PORT=5000
[36m[demo_up][0m SLAB_SLOT_SIZE=4096  SLAB_TOTAL_BYTES=4294967296
[36m[demo_up][0m NR_GDR_ENABLE=0  NR_CUDA_DEVICE=0  NR_GDR_BYTES=67108864
[36m[demo_up][0m 清理残留进程 / IPC
[36m[demo_up][0m 启动 native_rdma_dp (role=A)
[36m[demo_up][0m   DP pid=3081450
[36m[demo_up][0m role=A 等 UDS 就绪（最多 15s，要求对端 B 已在 listen）
[32m[  OK  ][0m Data Plane (A) 握手完成 (uds=/tmp/native_rdma-dp.sock)
[32m[  OK  ][0m 跳过 Flask 重启 (NR_SKIP_FLASK=1)，保留现有控制面


[warmup] $ /home/wangshouxin/native-rdma-web/native_rdma/build-current/bin/nr_bench --uds=/tmp/native_rdma-dp.sock --op=put --prio=hi --threads=4 --val-size=1024 --duration=3 --keyspace=5000
exit=0
[nr_bench] uds=/tmp/native_rdma-dp.sock op=put threads=4 duration=3s val_size=1024 keyspace=5000 prio=hi require_peer=false batch=1

==== nr_bench result ====
  elapsed       : 3.00 s
  elapsed_ms    : 3000.28
  threads       : 4
  op            : put
  ops ok/fail   : 410400 / 0
  ops degraded  : 0
  ops/s         : 136787
  req_bytes     : 424259949 (141.41 MB/s)
  resp_bytes    : 142520774 (47.50 MB/s)
  latency us    : avg=28.70  p50=27.37  p90=32.47  p99=38.19  p99.9=50.13  max=1846.01


[measured-hi] $ /home/wangshouxin/native-rdma-web/native_rdma/build-current/bin/nr_bench --uds=/tmp/native_rdma-dp.sock --op=put --prio=hi --threads=4 --val-size=1024 --duration=10 --keyspace=5000 --require-peer=1
exit=0
[nr_bench] uds=/tmp/native_rdma-dp.sock op=put threads=4 duration=10s val_size=1024 keyspace=5000 prio=hi require_peer=true batch=1

==== nr_bench result ====
  elapsed       : 10.00 s
  elapsed_ms    : 10000.27
  threads       : 4
  op            : put
  ops ok/fail   : 1203509 / 0
  ops degraded  : 0 (rejected)
  ops/s         : 120348
  req_bytes     : 1244159392 (124.41 MB/s)
  resp_bytes    : 418560002 (41.85 MB/s)
  latency us    : avg=32.52  p50=31.10  p90=36.18  p99=45.83  p99.9=60.06  max=29380.99


[measured-lo] $ /home/wangshouxin/native-rdma-web/native_rdma/build-current/bin/nr_bench --uds=/tmp/native_rdma-dp.sock --op=put --prio=lo --threads=4 --val-size=1024 --duration=10 --keyspace=5000 --require-peer=1
exit=0
[nr_bench] uds=/tmp/native_rdma-dp.sock op=put threads=4 duration=10s val_size=1024 keyspace=5000 prio=lo require_peer=true batch=1

==== nr_bench result ====
  elapsed       : 10.00 s
  elapsed_ms    : 10000.26
  threads       : 4
  op            : put
  ops ok/fail   : 1203665 / 0
  ops degraded  : 0 (rejected)
  ops/s         : 120363
  req_bytes     : 1244320708 (124.43 MB/s)
  resp_bytes    : 419378144 (41.94 MB/s)
  latency us    : avg=32.52  p50=31.11  p90=36.27  p99=45.62  p99.9=58.58  max=25904.85



[restore functional data-plane defaults]

[restart] env: {'SLAB_SLOT_SIZE': '4096', 'SLAB_TOTAL_BYTES': '4294967296', 'NR_ASYNC_REPL': '0'}

[restart] exit=0
 SELF=192.168.0.218  PEER=192.168.0.214  FLASK_PORT=5000
[36m[demo_up][0m SLAB_SLOT_SIZE=4096  SLAB_TOTAL_BYTES=4294967296
[36m[demo_up][0m NR_GDR_ENABLE=0  NR_CUDA_DEVICE=0  NR_GDR_BYTES=67108864
[36m[demo_up][0m 清理残留进程 / IPC
[36m[demo_up][0m 启动 native_rdma_dp (role=A)
[36m[demo_up][0m   DP pid=3082504
[36m[demo_up][0m role=A 等 UDS 就绪（最多 15s，要求对端 B 已在 listen）
[32m[  OK  ][0m Data Plane (A) 握手完成 (uds=/tmp/native_rdma-dp.sock)
[32m[  OK  ][0m 跳过 Flask 重启 (NR_SKIP_FLASK=1)，保留现有控制面

