[12:36:33] start storage/FN-1 仿真引擎异构存储统一访问接口
[12:36:33] repo_root=/home/wangshouxin/native-rdma-web
[12:36:33] uds=/tmp/native_rdma-dp.sock ctrl_url=http://127.0.0.1:5000
[12:36:33] rpc RPC_TIER_STATS body_len=0
[12:36:33] rpc RPC_TIER_STATS resp_len=190 resp={"ok":true,"dram":0,"nvme":1,"hdd":0,"demoted_d_n":1,"demoted_n_h":0,"events":[{"ts_ns":9486641397532631,"key":"fn_ha_recovered_1779856583856_3686299","from":"dram","to":"nvme","bytes":30}]}
[12:36:33] rpc RPC_KV_PUT body_len=64
[12:36:33] rpc RPC_KV_PUT resp_len=372 resp={"ok":true,"key":"fn_storage_iface_nvme_1779856593962_3687254","tenant_id":0,"size":20,"offset":3141632,"repl_ns":67489,"degraded":false,"transport":"rdma","async_repl":false,"tcp_data_ready":true,"qos":{"priority":"hi","qp_idx":1,"hi_qp_start":0,"hi_qp_count":16,"lo_qp_start":16,"lo_qp_count":13},"route":{"primary":"192.168.0.218","replica":"","local_is_primary":true}}
[12:36:33] rpc RPC_TIER_DEMOTE body_len=48
[12:36:33] rpc RPC_TIER_DEMOTE resp_len=75 resp={"ok":true,"key":"fn_storage_iface_nvme_1779856593962_3687254","to":"nvme"}
[12:36:33] rpc RPC_TIER_STATS body_len=0
[12:36:33] rpc RPC_TIER_STATS resp_len=306 resp={"ok":true,"dram":0,"nvme":2,"hdd":0,"demoted_d_n":2,"demoted_n_h":0,"events":[{"ts_ns":9486648152750940,"key":"fn_storage_iface_nvme_1779856593962_3687254","from":"dram","to":"nvme","bytes":20},{"ts_ns":9486641397532631,"key":"fn_ha_recovered_1779856583856_3686299","from":"dram","to":"nvme","bytes":30}]}
[12:36:33] rpc RPC_KV_GET body_len=43
[12:36:33] rpc RPC_KV_GET resp_len=71 resp={"ok":true,"hit":"nvme_promote","size":20,"val":"nvme-interface-probe"}
[12:36:33] rpc RPC_KV_PUT body_len=62
[12:36:33] rpc RPC_KV_PUT resp_len=372 resp={"ok":true,"key":"fn_storage_iface_hdd_1779856593963_3687254","tenant_id":0,"size":19,"offset":5238784,"repl_ns":37551,"degraded":false,"transport":"rdma","async_repl":false,"tcp_data_ready":true,"qos":{"priority":"hi","qp_idx":2,"hi_qp_start":0,"hi_qp_count":16,"lo_qp_start":16,"lo_qp_count":13},"route":{"primary":"192.168.0.214","replica":"","local_is_primary":false}}
[12:36:33] rpc RPC_TIER_DEMOTE body_len=46
[12:36:33] rpc RPC_TIER_DEMOTE resp_len=73 resp={"ok":true,"key":"fn_storage_iface_hdd_1779856593963_3687254","to":"hdd"}
[12:36:33] rpc RPC_TIER_STATS body_len=0
[12:36:33] rpc RPC_TIER_STATS resp_len=536 resp={"ok":true,"dram":1,"nvme":1,"hdd":1,"demoted_d_n":3,"demoted_n_h":0,"events":[{"ts_ns":9486648153723156,"key":"fn_storage_iface_hdd_1779856593963_3687254","from":"dram","to":"hdd","bytes":19},{"ts_ns":9486648153148458,"key":"fn_storage_iface_nvme_1779856593962_3687254","from":"nvme","to":"dram","bytes":20},{"ts_ns":9486648152750940,"key":"fn_storage_iface_nvme_1779856593962_3687254","from":"dram","to":"nvme","bytes":20},{"ts_ns":9486641397532631,"key":"fn_ha_recovered_1779856583856_3686299","fr
[12:36:33] rpc RPC_KV_GET body_len=42
[12:36:33] rpc RPC_KV_GET resp_len=69 resp={"ok":true,"hit":"hdd_promote","size":19,"val":"hdd-interface-probe"}
[12:36:33] result=PASS completion=完成
