[13:05:14] start storage/FN-1 仿真引擎异构存储统一访问接口
[13:05:14] repo_root=/home/wangshouxin/native-rdma-web
[13:05:14] uds=/tmp/native_rdma-dp.sock ctrl_url=http://127.0.0.1:5000
[13:05:14] rpc RPC_TIER_STATS body_len=0
[13:05:14] rpc RPC_TIER_STATS resp_len=81 resp={"ok":true,"dram":0,"nvme":0,"hdd":0,"demoted_d_n":0,"demoted_n_h":0,"events":[]}
[13:05:14] rpc RPC_KV_PUT body_len=64
[13:05:14] rpc RPC_KV_PUT resp_len=373 resp={"ok":true,"key":"fn_storage_iface_nvme_1779858314685_3735798","tenant_id":0,"size":20,"offset":2093056,"repl_ns":57930,"degraded":false,"transport":"rdma","async_repl":false,"tcp_data_ready":true,"qos":{"priority":"hi","qp_idx":0,"hi_qp_start":0,"hi_qp_count":16,"lo_qp_start":16,"lo_qp_count":13},"route":{"primary":"192.168.0.214","replica":"","local_is_primary":false}}
[13:05:14] rpc RPC_TIER_DEMOTE body_len=48
[13:05:14] rpc RPC_TIER_DEMOTE resp_len=75 resp={"ok":true,"key":"fn_storage_iface_nvme_1779858314685_3735798","to":"nvme"}
[13:05:14] rpc RPC_TIER_STATS body_len=0
[13:05:14] rpc RPC_TIER_STATS resp_len=196 resp={"ok":true,"dram":0,"nvme":1,"hdd":0,"demoted_d_n":1,"demoted_n_h":0,"events":[{"ts_ns":9488368875250765,"key":"fn_storage_iface_nvme_1779858314685_3735798","from":"dram","to":"nvme","bytes":20}]}
[13:05:14] rpc RPC_KV_GET body_len=43
[13:05:14] rpc RPC_KV_GET resp_len=71 resp={"ok":true,"hit":"nvme_promote","size":20,"val":"nvme-interface-probe"}
[13:05:14] rpc RPC_KV_PUT body_len=62
[13:05:14] rpc RPC_KV_PUT resp_len=372 resp={"ok":true,"key":"fn_storage_iface_hdd_1779858314686_3735798","tenant_id":0,"size":19,"offset":4190208,"repl_ns":18382,"degraded":false,"transport":"rdma","async_repl":false,"tcp_data_ready":true,"qos":{"priority":"hi","qp_idx":1,"hi_qp_start":0,"hi_qp_count":16,"lo_qp_start":16,"lo_qp_count":13},"route":{"primary":"192.168.0.214","replica":"","local_is_primary":false}}
[13:05:14] rpc RPC_TIER_DEMOTE body_len=46
[13:05:14] rpc RPC_TIER_DEMOTE resp_len=73 resp={"ok":true,"key":"fn_storage_iface_hdd_1779858314686_3735798","to":"hdd"}
[13:05:14] rpc RPC_TIER_STATS body_len=0
[13:05:14] rpc RPC_TIER_STATS resp_len=426 resp={"ok":true,"dram":1,"nvme":0,"hdd":1,"demoted_d_n":2,"demoted_n_h":0,"events":[{"ts_ns":9488368876040883,"key":"fn_storage_iface_hdd_1779858314686_3735798","from":"dram","to":"hdd","bytes":19},{"ts_ns":9488368875662293,"key":"fn_storage_iface_nvme_1779858314685_3735798","from":"nvme","to":"dram","bytes":20},{"ts_ns":9488368875250765,"key":"fn_storage_iface_nvme_1779858314685_3735798","from":"dram","to":"nvme","bytes":20}]}
[13:05:14] rpc RPC_KV_GET body_len=42
[13:05:14] rpc RPC_KV_GET resp_len=69 resp={"ok":true,"hit":"hdd_promote","size":19,"val":"hdd-interface-probe"}
[13:05:14] result=PASS completion=完成
