[12:34:45] start storage/FN-1 仿真引擎异构存储统一访问接口
[12:34:45] repo_root=/home/wangshouxin/native-rdma-web
[12:34:45] uds=/tmp/native_rdma-dp.sock ctrl_url=http://127.0.0.1:5000
[12:34:45] rpc RPC_TIER_STATS body_len=0
[12:34:45] rpc RPC_TIER_STATS resp_len=404 resp={"ok":true,"dram":0,"nvme":1,"hdd":1,"demoted_d_n":2,"demoted_n_h":1,"events":[{"ts_ns":9486535662208484,"key":"fn_route_1779856475937_3683201_5","from":"dram","to":"nvme","bytes":19},{"ts_ns":9486451045733008,"key":"fn_ha_recovered_1779856386660_3680060","from":"nvme","to":"hdd","bytes":30},{"ts_ns":9486444144428069,"key":"fn_ha_recovered_1779856386660_3680060","from":"dram","to":"nvme","bytes":30}]}
[12:34:45] rpc RPC_KV_PUT body_len=64
[12:34:45] rpc RPC_KV_PUT resp_len=385 resp={"ok":true,"key":"fn_storage_iface_nvme_1779856485938_3683631","tenant_id":0,"size":20,"offset":5238784,"repl_ns":44304,"degraded":false,"transport":"rdma","async_repl":false,"tcp_data_ready":true,"qos":{"priority":"hi","qp_idx":1,"hi_qp_start":0,"hi_qp_count":16,"lo_qp_start":16,"lo_qp_count":13},"route":{"primary":"192.168.0.218","replica":"192.168.0.214","local_is_primary":true}}
[12:34:45] rpc RPC_TIER_DEMOTE body_len=48
[12:34:45] rpc RPC_TIER_DEMOTE resp_len=75 resp={"ok":true,"key":"fn_storage_iface_nvme_1779856485938_3683631","to":"nvme"}
[12:34:45] rpc RPC_TIER_STATS body_len=0
[12:34:45] rpc RPC_TIER_STATS resp_len=520 resp={"ok":true,"dram":0,"nvme":2,"hdd":1,"demoted_d_n":3,"demoted_n_h":1,"events":[{"ts_ns":9486540128539404,"key":"fn_storage_iface_nvme_1779856485938_3683631","from":"dram","to":"nvme","bytes":20},{"ts_ns":9486535662208484,"key":"fn_route_1779856475937_3683201_5","from":"dram","to":"nvme","bytes":19},{"ts_ns":9486451045733008,"key":"fn_ha_recovered_1779856386660_3680060","from":"nvme","to":"hdd","bytes":30},{"ts_ns":9486444144428069,"key":"fn_ha_recovered_1779856386660_3680060","from":"dram","to":
[12:34:45] rpc RPC_KV_GET body_len=43
[12:34:45] rpc RPC_KV_GET resp_len=71 resp={"ok":true,"hit":"nvme_promote","size":20,"val":"nvme-interface-probe"}
[12:34:45] rpc RPC_KV_PUT body_len=62
[12:34:45] rpc RPC_KV_PUT resp_len=371 resp={"ok":true,"key":"fn_storage_iface_hdd_1779856485939_3683631","tenant_id":0,"size":19,"offset":7335936,"repl_ns":46193,"degraded":false,"transport":"rdma","async_repl":false,"tcp_data_ready":true,"qos":{"priority":"hi","qp_idx":2,"hi_qp_start":0,"hi_qp_count":16,"lo_qp_start":16,"lo_qp_count":13},"route":{"primary":"192.168.0.218","replica":"","local_is_primary":true}}
[12:34:45] rpc RPC_TIER_DEMOTE body_len=46
[12:34:45] rpc RPC_TIER_DEMOTE resp_len=73 resp={"ok":true,"key":"fn_storage_iface_hdd_1779856485939_3683631","to":"hdd"}
[12:34:45] rpc RPC_TIER_STATS body_len=0
[12:34:45] rpc RPC_TIER_STATS resp_len=750 resp={"ok":true,"dram":1,"nvme":1,"hdd":2,"demoted_d_n":4,"demoted_n_h":1,"events":[{"ts_ns":9486540129381383,"key":"fn_storage_iface_hdd_1779856485939_3683631","from":"dram","to":"hdd","bytes":19},{"ts_ns":9486540128789331,"key":"fn_storage_iface_nvme_1779856485938_3683631","from":"nvme","to":"dram","bytes":20},{"ts_ns":9486540128539404,"key":"fn_storage_iface_nvme_1779856485938_3683631","from":"dram","to":"nvme","bytes":20},{"ts_ns":9486535662208484,"key":"fn_route_1779856475937_3683201_5","from":"
[12:34:45] rpc RPC_KV_GET body_len=42
[12:34:45] rpc RPC_KV_GET resp_len=69 resp={"ok":true,"hit":"hdd_promote","size":19,"val":"hdd-interface-probe"}
[12:34:45] result=PASS completion=完成
