[12:32:04] start rdma/FN-2 聚合数据传输
[12:32:04] repo_root=/home/wangshouxin/native-rdma-web
[12:32:04] uds=/tmp/native_rdma-dp.sock ctrl_url=http://127.0.0.1:5000
[12:32:04] rpc RPC_CLUSTER_STATUS body_len=0
[12:32:04] rpc RPC_CLUSTER_STATUS resp_len=573 resp={"ok":true,"self":"A","peer_alive":true,"local_slab_base":139886739165184,"local_slab_len":4294967296,"local_slab_lkey":96256,"local_slab_rkey":96256,"peer_slab_base":140455530098688,"peer_slab_len":4294967296,"peer_slab_rkey":71936,"peer_num_qp":32,"local_gpu_enabled":false,"local_gpu_len":0,"local_gpu_lkey":0,"local_gpu_rkey":0,"peer_gpu_enabled":false,"peer_gpu_base":0,"peer_gpu_len":0,"peer_gpu_rkey":0,"degraded_puts":0,"degraded_bytes":0,"transport":"rdma","async_repl":false,"tcp_data_ready
[12:32:04] read data-plane log /home/wangshouxin/native-rdma-web/native_rdma/logs/dp_A.log bytes=5138107
[12:32:04] rpc RPC_KV_PUT_BATCH body_len=412
[12:32:04] rpc RPC_KV_PUT_BATCH resp_len=191 resp={"ok":true,"n":8,"ok_n":8,"peer_alive":true,"replicated_n":8,"degraded_n":0,"repl_failed_n":0,"degraded":false,"transport":"rdma","async_repl":false,"aggregation":"batch_rpc","repl_ns":76942}
[12:32:04] rpc RPC_TCP_GET_PEER body_len=32
[12:32:04] rpc RPC_TCP_GET_PEER resp_len=118 resp={"ok":true,"transport":"tcp","key":"fn_batch_1779856324746_3678567_0","size":13,"tcp_ns":409889,"val":"batch-value-0"}
[12:32:04] rpc RPC_TCP_GET_PEER body_len=32
[12:32:04] rpc RPC_TCP_GET_PEER resp_len=118 resp={"ok":true,"transport":"tcp","key":"fn_batch_1779856324746_3678567_1","size":13,"tcp_ns":270286,"val":"batch-value-1"}
[12:32:04] rpc RPC_TCP_GET_PEER body_len=32
[12:32:04] rpc RPC_TCP_GET_PEER resp_len=118 resp={"ok":true,"transport":"tcp","key":"fn_batch_1779856324746_3678567_2","size":13,"tcp_ns":293177,"val":"batch-value-2"}
[12:32:04] rpc RPC_TCP_GET_PEER body_len=32
[12:32:04] rpc RPC_TCP_GET_PEER resp_len=118 resp={"ok":true,"transport":"tcp","key":"fn_batch_1779856324746_3678567_3","size":13,"tcp_ns":323475,"val":"batch-value-3"}
[12:32:04] rpc RPC_TCP_GET_PEER body_len=32
[12:32:04] rpc RPC_TCP_GET_PEER resp_len=118 resp={"ok":true,"transport":"tcp","key":"fn_batch_1779856324746_3678567_4","size":13,"tcp_ns":140122,"val":"batch-value-4"}
[12:32:04] rpc RPC_TCP_GET_PEER body_len=32
[12:32:04] rpc RPC_TCP_GET_PEER resp_len=118 resp={"ok":true,"transport":"tcp","key":"fn_batch_1779856324746_3678567_5","size":13,"tcp_ns":271673,"val":"batch-value-5"}
[12:32:04] rpc RPC_TCP_GET_PEER body_len=32
[12:32:04] rpc RPC_TCP_GET_PEER resp_len=118 resp={"ok":true,"transport":"tcp","key":"fn_batch_1779856324746_3678567_6","size":13,"tcp_ns":211002,"val":"batch-value-6"}
[12:32:04] rpc RPC_TCP_GET_PEER body_len=32
[12:32:04] rpc RPC_TCP_GET_PEER resp_len=118 resp={"ok":true,"transport":"tcp","key":"fn_batch_1779856324746_3678567_7","size":13,"tcp_ns":214475,"val":"batch-value-7"}
[12:32:04] result=PASS completion=完成
