[12:35:20] start rdma/FN-2 聚合数据传输
[12:35:20] repo_root=/home/wangshouxin/native-rdma-web
[12:35:20] uds=/tmp/native_rdma-dp.sock ctrl_url=http://127.0.0.1:5000
[12:35:20] rpc RPC_CLUSTER_STATUS body_len=0
[12:35:20] rpc RPC_CLUSTER_STATUS resp_len=573 resp={"ok":true,"self":"A","peer_alive":true,"local_slab_base":140612114599936,"local_slab_len":4294967296,"local_slab_lkey":96256,"local_slab_rkey":96256,"peer_slab_base":139896808714240,"peer_slab_len":4294967296,"peer_slab_rkey":71936,"peer_num_qp":32,"local_gpu_enabled":false,"local_gpu_len":0,"local_gpu_lkey":0,"local_gpu_rkey":0,"peer_gpu_enabled":false,"peer_gpu_base":0,"peer_gpu_len":0,"peer_gpu_rkey":0,"degraded_puts":0,"degraded_bytes":0,"transport":"rdma","async_repl":false,"tcp_data_ready
[12:35:20] read data-plane log /home/wangshouxin/native-rdma-web/native_rdma/logs/dp_A.log bytes=5183136
[12:35:20] rpc RPC_KV_PUT_BATCH body_len=412
[12:35:20] rpc RPC_KV_PUT_BATCH resp_len=192 resp={"ok":true,"n":8,"ok_n":8,"peer_alive":true,"replicated_n":8,"degraded_n":0,"repl_failed_n":0,"degraded":false,"transport":"rdma","async_repl":false,"aggregation":"batch_rpc","repl_ns":111123}
[12:35:20] rpc RPC_TCP_GET_PEER body_len=32
[12:35:20] rpc RPC_TCP_GET_PEER resp_len=118 resp={"ok":true,"transport":"tcp","key":"fn_batch_1779856520948_3684813_0","size":13,"tcp_ns":417432,"val":"batch-value-0"}
[12:35:20] rpc RPC_TCP_GET_PEER body_len=32
[12:35:20] rpc RPC_TCP_GET_PEER resp_len=118 resp={"ok":true,"transport":"tcp","key":"fn_batch_1779856520948_3684813_1","size":13,"tcp_ns":257034,"val":"batch-value-1"}
[12:35:20] rpc RPC_TCP_GET_PEER body_len=32
[12:35:20] rpc RPC_TCP_GET_PEER resp_len=118 resp={"ok":true,"transport":"tcp","key":"fn_batch_1779856520948_3684813_2","size":13,"tcp_ns":165257,"val":"batch-value-2"}
[12:35:20] rpc RPC_TCP_GET_PEER body_len=32
[12:35:20] rpc RPC_TCP_GET_PEER resp_len=118 resp={"ok":true,"transport":"tcp","key":"fn_batch_1779856520948_3684813_3","size":13,"tcp_ns":233349,"val":"batch-value-3"}
[12:35:20] rpc RPC_TCP_GET_PEER body_len=32
[12:35:20] rpc RPC_TCP_GET_PEER resp_len=118 resp={"ok":true,"transport":"tcp","key":"fn_batch_1779856520948_3684813_4","size":13,"tcp_ns":117561,"val":"batch-value-4"}
[12:35:20] rpc RPC_TCP_GET_PEER body_len=32
[12:35:20] rpc RPC_TCP_GET_PEER resp_len=118 resp={"ok":true,"transport":"tcp","key":"fn_batch_1779856520948_3684813_5","size":13,"tcp_ns":272502,"val":"batch-value-5"}
[12:35:20] rpc RPC_TCP_GET_PEER body_len=32
[12:35:20] rpc RPC_TCP_GET_PEER resp_len=118 resp={"ok":true,"transport":"tcp","key":"fn_batch_1779856520948_3684813_6","size":13,"tcp_ns":332402,"val":"batch-value-6"}
[12:35:20] rpc RPC_TCP_GET_PEER body_len=32
[12:35:20] rpc RPC_TCP_GET_PEER resp_len=118 resp={"ok":true,"transport":"tcp","key":"fn_batch_1779856520948_3684813_7","size":13,"tcp_ns":168838,"val":"batch-value-7"}
[12:35:20] result=PASS completion=完成
