[01:24:34] start rdma/FN-2 聚合数据传输
[01:24:34] repo_root=/home/wangshouxin/native-rdma-web
[01:24:34] uds=/tmp/native_rdma-dp.sock ctrl_url=http://127.0.0.1:5000
[01:24:34] rpc RPC_CLUSTER_STATUS body_len=0
[01:24:34] rpc RPC_CLUSTER_STATUS resp_len=573 resp={"ok":true,"self":"A","peer_alive":true,"local_slab_base":140105490051072,"local_slab_len":4294967296,"local_slab_lkey":96256,"local_slab_rkey":96256,"peer_slab_base":139798985519104,"peer_slab_len":4294967296,"peer_slab_rkey":71936,"peer_num_qp":32,"local_gpu_enabled":false,"local_gpu_len":0,"local_gpu_lkey":0,"local_gpu_rkey":0,"peer_gpu_enabled":false,"peer_gpu_base":0,"peer_gpu_len":0,"peer_gpu_rkey":0,"degraded_puts":0,"degraded_bytes":0,"transport":"rdma","async_repl":false,"tcp_data_ready
[01:24:34] read data-plane log /home/wangshouxin/native-rdma-web/native_rdma/logs/dp_A.log bytes=4994041
[01:24:34] rpc RPC_KV_PUT_BATCH body_len=412
[01:24:34] rpc RPC_KV_PUT_BATCH resp_len=192 resp={"ok":true,"n":8,"ok_n":8,"peer_alive":true,"replicated_n":8,"degraded_n":0,"repl_failed_n":0,"degraded":false,"transport":"rdma","async_repl":false,"aggregation":"batch_rpc","repl_ns":113990}
[01:24:34] rpc RPC_TCP_GET_PEER body_len=32
[01:24:34] rpc RPC_TCP_GET_PEER resp_len=118 resp={"ok":true,"transport":"tcp","key":"fn_batch_1779816274545_2693119_0","size":13,"tcp_ns":429159,"val":"batch-value-0"}
[01:24:34] rpc RPC_TCP_GET_PEER body_len=32
[01:24:34] rpc RPC_TCP_GET_PEER resp_len=118 resp={"ok":true,"transport":"tcp","key":"fn_batch_1779816274546_2693119_1","size":13,"tcp_ns":261421,"val":"batch-value-1"}
[01:24:34] rpc RPC_TCP_GET_PEER body_len=32
[01:24:34] rpc RPC_TCP_GET_PEER resp_len=118 resp={"ok":true,"transport":"tcp","key":"fn_batch_1779816274546_2693119_2","size":13,"tcp_ns":345240,"val":"batch-value-2"}
[01:24:34] rpc RPC_TCP_GET_PEER body_len=32
[01:24:34] rpc RPC_TCP_GET_PEER resp_len=118 resp={"ok":true,"transport":"tcp","key":"fn_batch_1779816274546_2693119_3","size":13,"tcp_ns":230036,"val":"batch-value-3"}
[01:24:34] rpc RPC_TCP_GET_PEER body_len=32
[01:24:34] rpc RPC_TCP_GET_PEER resp_len=118 resp={"ok":true,"transport":"tcp","key":"fn_batch_1779816274546_2693119_4","size":13,"tcp_ns":221444,"val":"batch-value-4"}
[01:24:34] rpc RPC_TCP_GET_PEER body_len=32
[01:24:34] rpc RPC_TCP_GET_PEER resp_len=118 resp={"ok":true,"transport":"tcp","key":"fn_batch_1779816274546_2693119_5","size":13,"tcp_ns":310712,"val":"batch-value-5"}
[01:24:34] rpc RPC_TCP_GET_PEER body_len=32
[01:24:34] rpc RPC_TCP_GET_PEER resp_len=118 resp={"ok":true,"transport":"tcp","key":"fn_batch_1779816274546_2693119_6","size":13,"tcp_ns":289426,"val":"batch-value-6"}
[01:24:34] rpc RPC_TCP_GET_PEER body_len=32
[01:24:34] rpc RPC_TCP_GET_PEER resp_len=118 resp={"ok":true,"transport":"tcp","key":"fn_batch_1779816274546_2693119_7","size":13,"tcp_ns":199293,"val":"batch-value-7"}
[01:24:34] result=PASS completion=完成
