[14:13:27] start rdma/FN-2 聚合数据传输
[14:13:27] repo_root=/home/wangshouxin/native-rdma-web
[14:13:27] uds=/tmp/native_rdma-dp.sock ctrl_url=http://127.0.0.1:5000
[14:13:27] rpc RPC_CLUSTER_STATUS body_len=0
[14:13:27] rpc RPC_CLUSTER_STATUS resp_len=573 resp={"ok":true,"self":"A","peer_alive":true,"local_slab_base":139668238430208,"local_slab_len":4294967296,"local_slab_lkey":96256,"local_slab_rkey":96256,"peer_slab_base":140116562522112,"peer_slab_len":4294967296,"peer_slab_rkey":71936,"peer_num_qp":32,"local_gpu_enabled":false,"local_gpu_len":0,"local_gpu_lkey":0,"local_gpu_rkey":0,"peer_gpu_enabled":false,"peer_gpu_base":0,"peer_gpu_len":0,"peer_gpu_rkey":0,"degraded_puts":0,"degraded_bytes":0,"transport":"rdma","async_repl":false,"tcp_data_ready
[14:13:27] read data-plane log /home/wangshouxin/native-rdma-web/native_rdma/logs/dp_A.log bytes=5483184
[14:13:27] rpc RPC_KV_PUT_BATCH body_len=412
[14:13:27] rpc RPC_KV_PUT_BATCH resp_len=192 resp={"ok":true,"n":8,"ok_n":8,"peer_alive":true,"replicated_n":8,"degraded_n":0,"repl_failed_n":0,"degraded":false,"transport":"rdma","async_repl":false,"aggregation":"batch_rpc","repl_ns":122813}
[14:13:27] rpc RPC_TCP_GET_PEER body_len=32
[14:13:27] rpc RPC_TCP_GET_PEER resp_len=118 resp={"ok":true,"transport":"tcp","key":"fn_batch_1779862407863_3850341_0","size":13,"tcp_ns":392044,"val":"batch-value-0"}
[14:13:27] rpc RPC_TCP_GET_PEER body_len=32
[14:13:27] rpc RPC_TCP_GET_PEER resp_len=118 resp={"ok":true,"transport":"tcp","key":"fn_batch_1779862407863_3850341_1","size":13,"tcp_ns":165201,"val":"batch-value-1"}
[14:13:27] rpc RPC_TCP_GET_PEER body_len=32
[14:13:27] rpc RPC_TCP_GET_PEER resp_len=118 resp={"ok":true,"transport":"tcp","key":"fn_batch_1779862407863_3850341_2","size":13,"tcp_ns":340187,"val":"batch-value-2"}
[14:13:27] rpc RPC_TCP_GET_PEER body_len=32
[14:13:27] rpc RPC_TCP_GET_PEER resp_len=118 resp={"ok":true,"transport":"tcp","key":"fn_batch_1779862407863_3850341_3","size":13,"tcp_ns":189338,"val":"batch-value-3"}
[14:13:27] rpc RPC_TCP_GET_PEER body_len=32
[14:13:27] rpc RPC_TCP_GET_PEER resp_len=118 resp={"ok":true,"transport":"tcp","key":"fn_batch_1779862407863_3850341_4","size":13,"tcp_ns":271421,"val":"batch-value-4"}
[14:13:27] rpc RPC_TCP_GET_PEER body_len=32
[14:13:27] rpc RPC_TCP_GET_PEER resp_len=118 resp={"ok":true,"transport":"tcp","key":"fn_batch_1779862407863_3850341_5","size":13,"tcp_ns":189382,"val":"batch-value-5"}
[14:13:27] rpc RPC_TCP_GET_PEER body_len=32
[14:13:27] rpc RPC_TCP_GET_PEER resp_len=118 resp={"ok":true,"transport":"tcp","key":"fn_batch_1779862407863_3850341_6","size":13,"tcp_ns":207127,"val":"batch-value-6"}
[14:13:27] rpc RPC_TCP_GET_PEER body_len=32
[14:13:27] rpc RPC_TCP_GET_PEER resp_len=118 resp={"ok":true,"transport":"tcp","key":"fn_batch_1779862407863_3850341_7","size":13,"tcp_ns":226320,"val":"batch-value-7"}
[14:13:27] result=PASS completion=完成
