[13:05:49] start rdma/FN-2 聚合数据传输
[13:05:49] repo_root=/home/wangshouxin/native-rdma-web
[13:05:49] uds=/tmp/native_rdma-dp.sock ctrl_url=http://127.0.0.1:5000
[13:05:49] rpc RPC_CLUSTER_STATUS body_len=0
[13:05:49] rpc RPC_CLUSTER_STATUS resp_len=573 resp={"ok":true,"self":"A","peer_alive":true,"local_slab_base":139695516143616,"local_slab_len":4294967296,"local_slab_lkey":96256,"local_slab_rkey":96256,"peer_slab_base":139710037049344,"peer_slab_len":4294967296,"peer_slab_rkey":71936,"peer_num_qp":32,"local_gpu_enabled":false,"local_gpu_len":0,"local_gpu_lkey":0,"local_gpu_rkey":0,"peer_gpu_enabled":false,"peer_gpu_base":0,"peer_gpu_len":0,"peer_gpu_rkey":0,"degraded_puts":0,"degraded_bytes":0,"transport":"rdma","async_repl":false,"tcp_data_ready
[13:05:49] read data-plane log /home/wangshouxin/native-rdma-web/native_rdma/logs/dp_A.log bytes=5364734
[13:05:49] rpc RPC_KV_PUT_BATCH body_len=412
[13:05:49] rpc RPC_KV_PUT_BATCH resp_len=191 resp={"ok":true,"n":8,"ok_n":8,"peer_alive":true,"replicated_n":8,"degraded_n":0,"repl_failed_n":0,"degraded":false,"transport":"rdma","async_repl":false,"aggregation":"batch_rpc","repl_ns":90062}
[13:05:49] rpc RPC_TCP_GET_PEER body_len=32
[13:05:49] rpc RPC_TCP_GET_PEER resp_len=118 resp={"ok":true,"transport":"tcp","key":"fn_batch_1779858349680_3736920_0","size":13,"tcp_ns":422710,"val":"batch-value-0"}
[13:05:49] rpc RPC_TCP_GET_PEER body_len=32
[13:05:49] rpc RPC_TCP_GET_PEER resp_len=118 resp={"ok":true,"transport":"tcp","key":"fn_batch_1779858349680_3736920_1","size":13,"tcp_ns":269338,"val":"batch-value-1"}
[13:05:49] rpc RPC_TCP_GET_PEER body_len=32
[13:05:49] rpc RPC_TCP_GET_PEER resp_len=118 resp={"ok":true,"transport":"tcp","key":"fn_batch_1779858349680_3736920_2","size":13,"tcp_ns":189682,"val":"batch-value-2"}
[13:05:49] rpc RPC_TCP_GET_PEER body_len=32
[13:05:49] rpc RPC_TCP_GET_PEER resp_len=118 resp={"ok":true,"transport":"tcp","key":"fn_batch_1779858349680_3736920_3","size":13,"tcp_ns":188878,"val":"batch-value-3"}
[13:05:49] rpc RPC_TCP_GET_PEER body_len=32
[13:05:49] rpc RPC_TCP_GET_PEER resp_len=118 resp={"ok":true,"transport":"tcp","key":"fn_batch_1779858349680_3736920_4","size":13,"tcp_ns":172948,"val":"batch-value-4"}
[13:05:49] rpc RPC_TCP_GET_PEER body_len=32
[13:05:49] rpc RPC_TCP_GET_PEER resp_len=118 resp={"ok":true,"transport":"tcp","key":"fn_batch_1779858349680_3736920_5","size":13,"tcp_ns":266730,"val":"batch-value-5"}
[13:05:49] rpc RPC_TCP_GET_PEER body_len=32
[13:05:49] rpc RPC_TCP_GET_PEER resp_len=118 resp={"ok":true,"transport":"tcp","key":"fn_batch_1779858349680_3736920_6","size":13,"tcp_ns":234243,"val":"batch-value-6"}
[13:05:49] rpc RPC_TCP_GET_PEER body_len=32
[13:05:49] rpc RPC_TCP_GET_PEER resp_len=118 resp={"ok":true,"transport":"tcp","key":"fn_batch_1779858349680_3736920_7","size":13,"tcp_ns":249706,"val":"batch-value-7"}
[13:05:49] result=PASS completion=完成
