[01:25:57] start rdma/FN-2 聚合数据传输
[01:25:57] repo_root=/home/wangshouxin/native-rdma-web
[01:25:57] uds=/tmp/native_rdma-dp.sock ctrl_url=http://127.0.0.1:5000
[01:25:57] rpc RPC_CLUSTER_STATUS body_len=0
[01:25:57] rpc RPC_CLUSTER_STATUS resp_len=573 resp={"ok":true,"self":"A","peer_alive":true,"local_slab_base":139790386343936,"local_slab_len":4294967296,"local_slab_lkey":96256,"local_slab_rkey":96256,"peer_slab_base":140531853553664,"peer_slab_len":4294967296,"peer_slab_rkey":71936,"peer_num_qp":32,"local_gpu_enabled":false,"local_gpu_len":0,"local_gpu_lkey":0,"local_gpu_rkey":0,"peer_gpu_enabled":false,"peer_gpu_base":0,"peer_gpu_len":0,"peer_gpu_rkey":0,"degraded_puts":0,"degraded_bytes":0,"transport":"rdma","async_repl":false,"tcp_data_ready
[01:25:57] read data-plane log /home/wangshouxin/native-rdma-web/native_rdma/logs/dp_A.log bytes=797184
[01:25:57] rpc RPC_KV_PUT_BATCH body_len=412
[01:25:57] rpc RPC_KV_PUT_BATCH resp_len=192 resp={"ok":true,"n":8,"ok_n":8,"peer_alive":true,"replicated_n":8,"degraded_n":0,"repl_failed_n":0,"degraded":false,"transport":"rdma","async_repl":false,"aggregation":"batch_rpc","repl_ns":130444}
[01:25:57] rpc RPC_TCP_GET_PEER body_len=32
[01:25:57] rpc RPC_TCP_GET_PEER resp_len=118 resp={"ok":true,"transport":"tcp","key":"fn_batch_1777915557493_3058089_0","size":13,"tcp_ns":349821,"val":"batch-value-0"}
[01:25:57] rpc RPC_TCP_GET_PEER body_len=32
[01:25:57] rpc RPC_TCP_GET_PEER resp_len=118 resp={"ok":true,"transport":"tcp","key":"fn_batch_1777915557493_3058089_1","size":13,"tcp_ns":337310,"val":"batch-value-1"}
[01:25:57] rpc RPC_TCP_GET_PEER body_len=32
[01:25:57] rpc RPC_TCP_GET_PEER resp_len=118 resp={"ok":true,"transport":"tcp","key":"fn_batch_1777915557493_3058089_2","size":13,"tcp_ns":192015,"val":"batch-value-2"}
[01:25:57] rpc RPC_TCP_GET_PEER body_len=32
[01:25:57] rpc RPC_TCP_GET_PEER resp_len=118 resp={"ok":true,"transport":"tcp","key":"fn_batch_1777915557493_3058089_3","size":13,"tcp_ns":197009,"val":"batch-value-3"}
[01:25:57] rpc RPC_TCP_GET_PEER body_len=32
[01:25:57] rpc RPC_TCP_GET_PEER resp_len=118 resp={"ok":true,"transport":"tcp","key":"fn_batch_1777915557493_3058089_4","size":13,"tcp_ns":164630,"val":"batch-value-4"}
[01:25:57] rpc RPC_TCP_GET_PEER body_len=32
[01:25:57] rpc RPC_TCP_GET_PEER resp_len=118 resp={"ok":true,"transport":"tcp","key":"fn_batch_1777915557493_3058089_5","size":13,"tcp_ns":177716,"val":"batch-value-5"}
[01:25:57] rpc RPC_TCP_GET_PEER body_len=32
[01:25:57] rpc RPC_TCP_GET_PEER resp_len=118 resp={"ok":true,"transport":"tcp","key":"fn_batch_1777915557493_3058089_6","size":13,"tcp_ns":266862,"val":"batch-value-6"}
[01:25:57] rpc RPC_TCP_GET_PEER body_len=32
[01:25:57] rpc RPC_TCP_GET_PEER resp_len=118 resp={"ok":true,"transport":"tcp","key":"fn_batch_1777915557493_3058089_7","size":13,"tcp_ns":245718,"val":"batch-value-7"}
[01:25:57] result=PASS completion=完成
