[restart] env: {'NR_ASYNC_REPL': '1', 'NR_LO_RATE_KOPS': '150'}

[restart] exit=0
  SELF=192.168.0.218  PEER=192.168.0.214  FLASK_PORT=5000
[36m[demo_up][0m SLAB_SLOT_SIZE=4096  SLAB_TOTAL_BYTES=4294967296
[36m[demo_up][0m NR_GDR_ENABLE=0  NR_CUDA_DEVICE=0  NR_GDR_BYTES=67108864
[36m[demo_up][0m 清理残留进程 / IPC
[36m[demo_up][0m 启动 native_rdma_dp (role=A)
[36m[demo_up][0m   DP pid=280140
[36m[demo_up][0m role=A 等 UDS 就绪（最多 15s，要求对端 B 已在 listen）
[32m[  OK  ][0m Data Plane (A) 握手完成 (uds=/tmp/native_rdma-dp.sock)
[32m[  OK  ][0m 跳过 Flask 重启 (NR_SKIP_FLASK=1)，保留现有控制面


[warmup] $ /home/wangshouxin/native-rdma-web/native_rdma/build-current/bin/nr_bench --uds=/tmp/native_rdma-dp.sock --op=put --prio=hi --threads=4 --val-size=1024 --duration=3 --keyspace=5000
exit=0
[nr_bench] uds=/tmp/native_rdma-dp.sock op=put threads=4 duration=3s val_size=1024 keyspace=5000 prio=hi require_peer=false batch=1

==== nr_bench result ====
  elapsed       : 3.00 s
  elapsed_ms    : 3000.26
  threads       : 4
  op            : put
  ops ok/fail   : 542257 / 0
  ops degraded  : 0
  ops/s         : 180737
  req_bytes     : 560571867 (186.84 MB/s)
  resp_bytes    : 187510527 (62.50 MB/s)
  latency us    : avg=21.58  p50=20.86  p90=23.52  p99=28.89  p99.9=38.17  max=28281.38


[measured-hi] $ /home/wangshouxin/native-rdma-web/native_rdma/build-current/bin/nr_bench --uds=/tmp/native_rdma-dp.sock --op=put --prio=hi --threads=4 --val-size=1024 --duration=10 --keyspace=5000 --require-peer=1
exit=0
[nr_bench] uds=/tmp/native_rdma-dp.sock op=put threads=4 duration=10s val_size=1024 keyspace=5000 prio=hi require_peer=true batch=1

==== nr_bench result ====
  elapsed       : 10.00 s
  elapsed_ms    : 10000.29
  threads       : 4
  op            : put
  ops ok/fail   : 1675152 / 0
  ops degraded  : 0 (rejected)
  ops/s         : 167510
  req_bytes     : 1731733401 (173.17 MB/s)
  resp_bytes    : 579434352 (57.94 MB/s)
  latency us    : avg=23.18  p50=21.64  p90=26.69  p99=34.62  p99.9=45.62  max=27973.02


[measured-lo] $ /home/wangshouxin/native-rdma-web/native_rdma/build-current/bin/nr_bench --uds=/tmp/native_rdma-dp.sock --op=put --prio=lo --threads=4 --val-size=1024 --duration=10 --keyspace=5000 --require-peer=1
exit=0
[nr_bench] uds=/tmp/native_rdma-dp.sock op=put threads=4 duration=10s val_size=1024 keyspace=5000 prio=lo require_peer=true batch=1

==== nr_bench result ====
  elapsed       : 10.00 s
  elapsed_ms    : 10000.30
  threads       : 4
  op            : put
  ops ok/fail   : 1231111 / 0
  ops degraded  : 0 (rejected)
  ops/s         : 123107
  req_bytes     : 1272692917 (127.27 MB/s)
  resp_bytes    : 426654055 (42.66 MB/s)
  latency us    : avg=31.96  p50=22.18  p90=75.04  p99=133.50  p99.9=240.17  max=28047.22



[restore functional data-plane defaults]

[restart] env: {'SLAB_SLOT_SIZE': '4096', 'SLAB_TOTAL_BYTES': '4294967296', 'NR_ASYNC_REPL': '0', 'NR_LO_RATE_KOPS': None, 'NR_QOS_HI_WINDOW_US': None, 'NR_QOS_LO_BURST_MS': None}

[restart] exit=0
  SELF=192.168.0.218  PEER=192.168.0.214  FLASK_PORT=5000
[36m[demo_up][0m SLAB_SLOT_SIZE=4096  SLAB_TOTAL_BYTES=4294967296
[36m[demo_up][0m NR_GDR_ENABLE=0  NR_CUDA_DEVICE=0  NR_GDR_BYTES=67108864
[36m[demo_up][0m 清理残留进程 / IPC
[36m[demo_up][0m 启动 native_rdma_dp (role=A)
[36m[demo_up][0m   DP pid=280998
[36m[demo_up][0m role=A 等 UDS 就绪（最多 15s，要求对端 B 已在 listen）
[32m[  OK  ][0m Data Plane (A) 握手完成 (uds=/tmp/native_rdma-dp.sock)
[32m[  OK  ][0m 跳过 Flask 重启 (NR_SKIP_FLASK=1)，保留现有控制面

