[12:42:21] start storage/FN-5 IO 调度与优先级管理
[12:42:21] repo_root=/home/wangshouxin/native-rdma-web
[12:42:21] uds=/tmp/native_rdma-dp.sock ctrl_url=http://127.0.0.1:5000
[12:42:21] rpc RPC_CLUSTER_STATUS body_len=0
[12:42:21] rpc RPC_CLUSTER_STATUS resp_len=573 resp={"ok":true,"self":"A","peer_alive":true,"local_slab_base":140310411243520,"local_slab_len":4294967296,"local_slab_lkey":96256,"local_slab_rkey":96256,"peer_slab_base":140239308361728,"peer_slab_len":4294967296,"peer_slab_rkey":71936,"peer_num_qp":32,"local_gpu_enabled":false,"local_gpu_len":0,"local_gpu_lkey":0,"local_gpu_rkey":0,"peer_gpu_enabled":false,"peer_gpu_base":0,"peer_gpu_len":0,"peer_gpu_rkey":0,"degraded_puts":0,"degraded_bytes":0,"transport":"rdma","async_repl":false,"tcp_data_ready
[12:42:21] read data-plane log /home/wangshouxin/native-rdma-web/native_rdma/logs/dp_A.log bytes=6207725
[12:42:21] rpc RPC_IO_STATS body_len=0
[12:42:21] rpc RPC_IO_STATS resp_len=174 resp={"ok":true,"fg_read_ops":3861,"fg_write_ops":3890,"fg_read_bytes":3947659,"fg_write_bytes":3964253,"bg_read_ops":5,"bg_write_ops":6,"bg_read_bytes":295,"bg_write_bytes":1296}
[12:42:21] rpc RPC_KV_PUT body_len=60
[12:42:21] rpc RPC_KV_PUT resp_len=367 resp={"ok":true,"key":"fn_io_fg_nvme_1780029741559_3716371","tenant_id":0,"size":24,"offset":34041856,"repl_ns":32686,"degraded":false,"transport":"rdma","async_repl":false,"tcp_data_ready":true,"qos":{"priority":"hi","qp_idx":13,"hi_qp_start":0,"hi_qp_count":16,"lo_qp_start":16,"lo_qp_count":13},"route":{"primary":"192.168.0.214","replica":"","local_is_primary":false}}
[12:42:21] rpc RPC_TIER_DEMOTE body_len=40
[12:42:21] rpc RPC_TIER_DEMOTE resp_len=67 resp={"ok":true,"key":"fn_io_fg_nvme_1780029741559_3716371","to":"nvme"}
[12:42:21] rpc RPC_KV_GET body_len=35
[12:42:21] rpc RPC_KV_GET resp_len=75 resp={"ok":true,"hit":"nvme_promote","size":24,"val":"foreground-nvme-io-probe"}
[12:42:21] rpc RPC_KV_PUT body_len=58
[12:42:21] rpc RPC_KV_PUT resp_len=366 resp={"ok":true,"key":"fn_io_bg_hdd_1780029741559_3716371","tenant_id":0,"size":23,"offset":30674944,"repl_ns":32944,"degraded":false,"transport":"rdma","async_repl":false,"tcp_data_ready":true,"qos":{"priority":"hi","qp_idx":14,"hi_qp_start":0,"hi_qp_count":16,"lo_qp_start":16,"lo_qp_count":13},"route":{"primary":"192.168.0.214","replica":"","local_is_primary":false}}
[12:42:21] rpc RPC_TIER_DEMOTE body_len=38
[12:42:21] rpc RPC_TIER_DEMOTE resp_len=65 resp={"ok":true,"key":"fn_io_bg_hdd_1780029741559_3716371","to":"hdd"}
[12:42:21] rpc RPC_KV_GET body_len=34
[12:42:21] rpc RPC_KV_GET resp_len=73 resp={"ok":true,"hit":"hdd_promote","size":23,"val":"background-hdd-io-probe"}
[12:42:21] rpc RPC_IO_STATS body_len=0
[12:42:21] rpc RPC_IO_STATS resp_len=174 resp={"ok":true,"fg_read_ops":3862,"fg_write_ops":3891,"fg_read_bytes":3947683,"fg_write_bytes":3964277,"bg_read_ops":6,"bg_write_ops":7,"bg_read_bytes":318,"bg_write_bytes":1319}
[12:42:21] result=PASS completion=完成
