[12:42:01] start storage/FN-2 多层感知、冷热分离与调度
[12:42:01] repo_root=/home/wangshouxin/native-rdma-web
[12:42:01] uds=/tmp/native_rdma-dp.sock ctrl_url=http://127.0.0.1:5000
[12:42:01] rpc RPC_ADMIN_FLUSH body_len=0
[12:42:01] rpc RPC_ADMIN_FLUSH resp_len=30 resp={"ok":true,"freed_slabs":6131}
[12:42:01] rpc RPC_KV_PUT body_len=66
[12:42:01] rpc RPC_KV_PUT resp_len=376 resp={"ok":true,"key":"fn_storage_tier_manual_1780029721913_3715912","tenant_id":0,"size":21,"offset":20217856,"repl_ns":44126,"degraded":false,"transport":"rdma","async_repl":false,"tcp_data_ready":true,"qos":{"priority":"hi","qp_idx":12,"hi_qp_start":0,"hi_qp_count":16,"lo_qp_start":16,"lo_qp_count":13},"route":{"primary":"192.168.0.214","replica":"","local_is_primary":false}}
[12:42:01] rpc RPC_TIER_DEMOTE body_len=49
[12:42:01] rpc RPC_TIER_DEMOTE resp_len=76 resp={"ok":true,"key":"fn_storage_tier_manual_1780029721913_3715912","to":"nvme"}
[12:42:01] rpc RPC_KV_GET body_len=44
[12:42:01] rpc RPC_KV_GET resp_len=72 resp={"ok":true,"hit":"nvme_promote","size":21,"val":"tiering_probe_payload"}
[12:42:01] rpc RPC_KV_PUT body_len=68
[12:42:01] rpc RPC_KV_PUT resp_len=374 resp={"ok":true,"key":"fn_storage_tier_cold_1780029721914_3715912","tenant_id":0,"size":25,"offset":18477056,"repl_ns":27437,"degraded":false,"transport":"rdma","async_repl":false,"tcp_data_ready":true,"qos":{"priority":"hi","qp_idx":13,"hi_qp_start":0,"hi_qp_count":16,"lo_qp_start":16,"lo_qp_count":13},"route":{"primary":"192.168.0.214","replica":"","local_is_primary":false}}
[12:42:01] rpc RPC_KV_PUT body_len=66
[12:42:01] rpc RPC_KV_PUT resp_len=373 resp={"ok":true,"key":"fn_storage_tier_hot_1780029721914_3715912","tenant_id":0,"size":24,"offset":21573632,"repl_ns":41374,"degraded":false,"transport":"rdma","async_repl":false,"tcp_data_ready":true,"qos":{"priority":"hi","qp_idx":14,"hi_qp_start":0,"hi_qp_count":16,"lo_qp_start":16,"lo_qp_count":13},"route":{"primary":"192.168.0.214","replica":"","local_is_primary":false}}
[12:42:01] rpc RPC_KV_GET body_len=41
[12:42:01] rpc RPC_KV_GET resp_len=68 resp={"ok":true,"hit":"local","size":24,"val":"auto-hot-tiering-payload"}
[12:42:01] rpc RPC_TIER_STATS body_len=0
[12:42:01] rpc RPC_TIER_STATS resp_len=314 resp={"ok":true,"dram":3,"nvme":0,"hdd":0,"demoted_d_n":1,"demoted_n_h":0,"events":[{"ts_ns":9659776103539786,"key":"fn_storage_tier_manual_1780029721913_3715912","from":"nvme","to":"dram","bytes":21},{"ts_ns":9659776103401216,"key":"fn_storage_tier_manual_1780029721913_3715912","from":"dram","to":"nvme","bytes":21}]}
[12:42:02] rpc RPC_KV_GET body_len=41
[12:42:02] rpc RPC_KV_GET resp_len=68 resp={"ok":true,"hit":"local","size":24,"val":"auto-hot-tiering-payload"}
[12:42:02] rpc RPC_TIER_STATS body_len=0
[12:42:02] rpc RPC_TIER_STATS resp_len=314 resp={"ok":true,"dram":3,"nvme":0,"hdd":0,"demoted_d_n":1,"demoted_n_h":0,"events":[{"ts_ns":9659776103539786,"key":"fn_storage_tier_manual_1780029721913_3715912","from":"nvme","to":"dram","bytes":21},{"ts_ns":9659776103401216,"key":"fn_storage_tier_manual_1780029721913_3715912","from":"dram","to":"nvme","bytes":21}]}
[12:42:03] rpc RPC_KV_GET body_len=41
[12:42:03] rpc RPC_KV_GET resp_len=68 resp={"ok":true,"hit":"local","size":24,"val":"auto-hot-tiering-payload"}
[12:42:03] rpc RPC_TIER_STATS body_len=0
[12:42:03] rpc RPC_TIER_STATS resp_len=314 resp={"ok":true,"dram":3,"nvme":0,"hdd":0,"demoted_d_n":1,"demoted_n_h":0,"events":[{"ts_ns":9659776103539786,"key":"fn_storage_tier_manual_1780029721913_3715912","from":"nvme","to":"dram","bytes":21},{"ts_ns":9659776103401216,"key":"fn_storage_tier_manual_1780029721913_3715912","from":"dram","to":"nvme","bytes":21}]}
[12:42:04] rpc RPC_KV_GET body_len=41
[12:42:04] rpc RPC_KV_GET resp_len=68 resp={"ok":true,"hit":"local","size":24,"val":"auto-hot-tiering-payload"}
[12:42:04] rpc RPC_TIER_STATS body_len=0
[12:42:04] rpc RPC_TIER_STATS resp_len=314 resp={"ok":true,"dram":3,"nvme":0,"hdd":0,"demoted_d_n":1,"demoted_n_h":0,"events":[{"ts_ns":9659776103539786,"key":"fn_storage_tier_manual_1780029721913_3715912","from":"nvme","to":"dram","bytes":21},{"ts_ns":9659776103401216,"key":"fn_storage_tier_manual_1780029721913_3715912","from":"dram","to":"nvme","bytes":21}]}
[12:42:05] rpc RPC_KV_GET body_len=41
[12:42:05] rpc RPC_KV_GET resp_len=68 resp={"ok":true,"hit":"local","size":24,"val":"auto-hot-tiering-payload"}
[12:42:05] rpc RPC_TIER_STATS body_len=0
[12:42:05] rpc RPC_TIER_STATS resp_len=429 resp={"ok":true,"dram":2,"nvme":1,"hdd":0,"demoted_d_n":2,"demoted_n_h":0,"events":[{"ts_ns":9659779215429757,"key":"fn_storage_tier_cold_1780029721914_3715912","from":"dram","to":"nvme","bytes":25},{"ts_ns":9659776103539786,"key":"fn_storage_tier_manual_1780029721913_3715912","from":"nvme","to":"dram","bytes":21},{"ts_ns":9659776103401216,"key":"fn_storage_tier_manual_1780029721913_3715912","from":"dram","to":"nvme","bytes":21}]}
[12:42:05] rpc RPC_TIER_STATS body_len=0
[12:42:05] rpc RPC_TIER_STATS resp_len=429 resp={"ok":true,"dram":2,"nvme":1,"hdd":0,"demoted_d_n":2,"demoted_n_h":0,"events":[{"ts_ns":9659779215429757,"key":"fn_storage_tier_cold_1780029721914_3715912","from":"dram","to":"nvme","bytes":25},{"ts_ns":9659776103539786,"key":"fn_storage_tier_manual_1780029721913_3715912","from":"nvme","to":"dram","bytes":21},{"ts_ns":9659776103401216,"key":"fn_storage_tier_manual_1780029721913_3715912","from":"dram","to":"nvme","bytes":21}]}
[12:42:05] rpc RPC_KV_GET body_len=42
[12:42:05] rpc RPC_KV_GET resp_len=76 resp={"ok":true,"hit":"nvme_promote","size":25,"val":"auto-cold-tiering-payload"}
[12:42:05] rpc RPC_KV_GET body_len=41
[12:42:05] rpc RPC_KV_GET resp_len=68 resp={"ok":true,"hit":"local","size":24,"val":"auto-hot-tiering-payload"}
[12:42:05] result=PASS completion=完成
