============================================================
Sub-test B: large-object bandwidth utilization
============================================================

[restart] env: {'SLAB_SLOT_SIZE': '1048576', 'SLAB_TOTAL_BYTES': '4294967296', 'NR_ASYNC_REPL': '1'}

[restart] exit=0
LF=192.168.0.218  PEER=192.168.0.214  FLASK_PORT=5000
[36m[demo_up][0m SLAB_SLOT_SIZE=1048576  SLAB_TOTAL_BYTES=4294967296
[36m[demo_up][0m NR_GDR_ENABLE=0  NR_CUDA_DEVICE=0  NR_GDR_BYTES=67108864
[36m[demo_up][0m 清理残留进程 / IPC
[36m[demo_up][0m 启动 native_rdma_dp (role=A)
[36m[demo_up][0m   DP pid=2155263
[36m[demo_up][0m role=A 等 UDS 就绪（最多 15s，要求对端 B 已在 listen）
[32m[  OK  ][0m Data Plane (A) 握手完成 (uds=/tmp/native_rdma-dp.sock)
[32m[  OK  ][0m 跳过 Flask 重启 (NR_SKIP_FLASK=1)，保留现有控制面


[warmup-bw] $ /home/wangshouxin/native-rdma-web/native_rdma/build-current/bin/nr_bench --uds=/tmp/native_rdma-dp.sock --op=put --threads=4 --val-size=1048576 --duration=5 --keyspace=512 --shared-keyspace=1 --batch=1
exit=0
[nr_bench] uds=/tmp/native_rdma-dp.sock op=put threads=4 duration=5s val_size=1048576 keyspace=512(shared) prio=default require_peer=false batch=1

==== nr_bench result ====
  elapsed       : 5.00 s
  elapsed_ms    : 5001.07
  threads       : 4
  op            : put
  ops ok/fail   : 35554 / 0
  ops degraded  : 5726
  ops/s         : 7109
  req_bytes     : 37281312294 (7454.67 MB/s)
  resp_bytes    : 12302980 (2.46 MB/s)
  latency us    : avg=509.56  p50=464.57  p90=647.36  p99=953.06  p99.9=1813.78  max=29880.72


[measured-bw threads=2] $ /home/wangshouxin/native-rdma-web/native_rdma/build-current/bin/nr_bench --uds=/tmp/native_rdma-dp.sock --op=put --threads=2 --val-size=1048576 --duration=15 --keyspace=512 --shared-keyspace=1 --require-peer=1 --batch=1
exit=0
[nr_bench] uds=/tmp/native_rdma-dp.sock op=put threads=2 duration=15s val_size=1048576 keyspace=512(shared) prio=default require_peer=true batch=1

==== nr_bench result ====
  elapsed       : 15.00 s
  elapsed_ms    : 15000.93
  threads       : 2
  op            : put
  ops ok/fail   : 57354 / 0
  ops degraded  : 0 (rejected)
  ops/s         : 3823
  req_bytes     : 60140417007 (4009.11 MB/s)
  resp_bytes    : 19864630 (1.32 MB/s)
  latency us    : avg=471.92  p50=426.03  p90=608.93  p99=934.47  p99.9=1755.26  max=24978.29

network_samples={"samples": [{"ts_ns": 7800093248024470, "bw_tx_gbps": 66.39583232}, {"ts_ns": 7800093448159554, "bw_tx_gbps": 57.42649058706468}, {"ts_ns": 7800093648254808, "bw_tx_gbps": 34.561064959999996}, {"ts_ns": 7800093848427362, "bw_tx_gbps": 34.09969152}, {"ts_ns": 7800094048542641, "bw_tx_gbps": 31.792824319999998}, {"ts_ns": 7800094248680931, "bw_tx_gbps": 30.74424832}, {"ts_ns": 7800094448824904, "bw_tx_gbps": 28.85681152}, {"ts_ns": 7800094648962271, "bw_tx_gbps": 32.25419776}, {"ts_ns": 7800094849093614, "bw_tx_gbps": 28.212432875621886}, {"ts_ns": 7800095049194181, "bw_tx_gbps": 31.750881279999998}, {"ts_ns": 7800095249283110, "bw_tx_gbps": 30.03121664}, {"ts_ns": 7800095449362239, "bw_tx_gbps": 31.960596479999996}, {"ts_ns": 7800095649469428, "bw_tx_gbps": 31.20562176}, {"ts_ns": 7800095849629475, "bw_tx_gbps": 32.79945728}, {"ts_ns": 7800096049712803, "bw_tx_gbps": 33.72220416}, {"ts_ns": 7800096249837146, "bw_tx_gbps": 28.772925439999998}, {"ts_ns": 7800096449951814, "bw_tx_gbps": 28.60515328}, {"ts_ns": 7800096650091629, "bw_tx_gbps": 32.01026037810945}, {"ts_ns": 7800096850221618, "bw_tx_gbps": 30.786191359999997}, {"ts_ns": 7800097050372932, "bw_tx_gbps": 32.79945728}, {"ts_ns": 7800097250514126, "bw_tx_gbps": 32.9252864}, {"ts_ns": 7800097450651871, "bw_tx_gbps": 32.79945728}, {"ts_ns": 7800097650765768, "bw_tx_gbps": 34.05774848}, {"ts_ns": 7800097850859265, "bw_tx_gbps": 34.85466623999999}, {"ts_ns": 7800098050993574, "bw_tx_gbps": 36.23878656}, {"ts_ns": 7800098251095618, "bw_tx_gbps": 35.47421293532338}, {"ts_ns": 7800098451198012, "bw_tx_gbps": 35.651584}, {"ts_ns": 7800098651385360, "bw_tx_gbps": 35.0224384}, {"ts_ns": 7800098851555571, "bw_tx_gbps": 34.3932928}, {"ts_ns": 7800099051699655, "bw_tx_gbps": 34.686894079999995}, {"ts_ns": 7800099251865896, "bw_tx_gbps": 34.09969152}, {"ts_ns": 7800099452032434, "bw_tx_gbps": 32.7155712}, {"ts_ns": 7800099652166113, "bw_tx_gbps": 32.76147900497512}, {"ts_ns": 7800099852288712, "bw_tx_gbps": 31.121735679999997}, {"ts_ns": 7800100052450015, "bw_tx_gbps": 32.338083839999996}, {"ts_ns": 7800100252577057, "bw_tx_gbps": 32.21225472}, {"ts_ns": 7800100452726423, "bw_tx_gbps": 34.30940672}, {"ts_ns": 7800100652882615, "bw_tx_gbps": 28.898754559999997}, {"ts_ns": 7800100853000873, "bw_tx_gbps": 31.499223039999997}, {"ts_ns": 7800101053156591, "bw_tx_gbps": 25.91704262686567}, {"ts_ns": 7800101253297591, "bw_tx_gbps": 29.73761536}, {"ts_ns": 7800101453402827, "bw_tx_gbps": 31.079792639999997}, {"ts_ns": 7800101653512160, "bw_tx_gbps": 30.660362239999998}, {"ts_ns": 7800101853618164, "bw_tx_gbps": 31.792824319999998}, {"ts_ns": 7800102053722629, "bw_tx_gbps": 30.660362239999998}, {"ts_ns": 7800102253901268, "bw_tx_gbps": 30.366760959999997}, {"ts_ns": 7800102454107146, "bw_tx_gbps": 29.96527633830846}, {"ts_ns": 7800102654191787, "bw_tx_gbps": 32.04448256}, {"ts_ns": 7800102854289494, "bw_tx_gbps": 34.14163455999999}, {"ts_ns": 7800103054393753, "bw_tx_gbps": 32.67362816}, {"ts_ns": 7800103254513057, "bw_tx_gbps": 33.00917248}, {"ts_ns": 7800103454614048, "bw_tx_gbps": 32.380026879999996}, {"ts_ns": 7800103654741779, "bw_tx_gbps": 31.247564799999996}, {"ts_ns": 7800103854909988, "bw_tx_gbps": 32.58974208}, {"ts_ns": 7800104055052197, "bw_tx_gbps": 29.50619828855721}, {"ts_ns": 7800104255169032, "bw_tx_gbps": 34.01580544}, {"ts_ns": 7800104455306356, "bw_tx_gbps": 32.547799039999994}, {"ts_ns": 7800104655470421, "bw_tx_gbps": 33.554432}, {"ts_ns": 7800104855588287, "bw_tx_gbps": 29.5698432}, {"ts_ns": 7800105055681103, "bw_tx_gbps": 33.72220416}, {"ts_ns": 7800105255795810, "bw_tx_gbps": 29.73761536}, {"ts_ns": 7800105455939179, "bw_tx_gbps": 31.834767359999997}, {"ts_ns": 7800105656043831, "bw_tx_gbps": 31.28950784}, {"ts_ns": 7800105856207460, "bw_tx_gbps": 31.13383864676617}, {"ts_ns": 7800106056358799, "bw_tx_gbps": 29.527900159999998}, {"ts_ns": 7800106256488445, "bw_tx_gbps": 31.792824319999998}, {"ts_ns": 7800106456628527, "bw_tx_gbps": 33.973862399999994}, {"ts_ns": 7800106656792145, "bw_tx_gbps": 33.218887679999995}, {"ts_ns": 7800106856911860, "bw_tx_gbps": 33.30277376}, {"ts_ns": 7800107057023750, "bw_tx_gbps": 35.69352704}, {"ts_ns": 7800107257134026, "bw_tx_gbps": 34.430853731343284}, {"ts_ns": 7800107457353197, "bw_tx_gbps": 34.519121919999996}, {"ts_ns": 7800107657468181, "bw_tx_gbps": 29.9892736}, {"ts_ns": 7800107857579060, "bw_tx_gbps": 29.150412799999998}, {"ts_ns": 7800108057698228, "bw_tx_gbps": 30.408704}, {"ts_ns": 7800108257801192, "bw_tx_gbps": 32.04448256}], "positive_samples": 76, "network_tx_gbps_avg": 32.86946119122283, "network_tx_gbps_peak": 66.39583232}

[measured-bw threads=3] $ /home/wangshouxin/native-rdma-web/native_rdma/build-current/bin/nr_bench --uds=/tmp/native_rdma-dp.sock --op=put --threads=3 --val-size=1048576 --duration=15 --keyspace=512 --shared-keyspace=1 --require-peer=1 --batch=1
exit=0
[nr_bench] uds=/tmp/native_rdma-dp.sock op=put threads=3 duration=15s val_size=1048576 keyspace=512(shared) prio=default require_peer=true batch=1

==== nr_bench result ====
  elapsed       : 15.00 s
  elapsed_ms    : 15000.79
  threads       : 3
  op            : put
  ops ok/fail   : 82748 / 0
  ops degraded  : 0 (rejected)
  ops/s         : 5516
  req_bytes     : 86768128246 (5784.24 MB/s)
  resp_bytes    : 28659746 (1.91 MB/s)
  latency us    : avg=493.62  p50=454.94  p90=615.86  p99=973.74  p99.9=1631.98  max=31222.63

network_samples={"samples": [{"ts_ns": 7800108257801192, "bw_tx_gbps": 32.04448256}, {"ts_ns": 7800108457949866, "bw_tx_gbps": 29.192355839999998}, {"ts_ns": 7800108658127713, "bw_tx_gbps": 49.41349190049751}, {"ts_ns": 7800108858267280, "bw_tx_gbps": 46.01151488}, {"ts_ns": 7800109058373243, "bw_tx_gbps": 49.57667328}, {"ts_ns": 7800109258531372, "bw_tx_gbps": 45.34042623999999}, {"ts_ns": 7800109458669560, "bw_tx_gbps": 47.52146432}, {"ts_ns": 7800109658768147, "bw_tx_gbps": 47.102033920000004}, {"ts_ns": 7800109858900275, "bw_tx_gbps": 49.03141375999999}, {"ts_ns": 7800110059005020, "bw_tx_gbps": 46.51483136}, {"ts_ns": 7800110259190322, "bw_tx_gbps": 44.405367721393034}, {"ts_ns": 7800110459299431, "bw_tx_gbps": 41.984983039999996}, {"ts_ns": 7800110659439588, "bw_tx_gbps": 42.698014719999996}, {"ts_ns": 7800110859545663, "bw_tx_gbps": 44.50156544}, {"ts_ns": 7800111059679537, "bw_tx_gbps": 48.98947072}, {"ts_ns": 7800111259787263, "bw_tx_gbps": 47.60535039999999}, {"ts_ns": 7800111459932021, "bw_tx_gbps": 48.695869439999996}, {"ts_ns": 7800111660085084, "bw_tx_gbps": 47.28503912437811}, {"ts_ns": 7800111860249881, "bw_tx_gbps": 47.940894719999996}, {"ts_ns": 7800112060410412, "bw_tx_gbps": 45.80179968}, {"ts_ns": 7800112260565874, "bw_tx_gbps": 47.01814784}, {"ts_ns": 7800112460737282, "bw_tx_gbps": 46.05345791999999}, {"ts_ns": 7800112660878057, "bw_tx_gbps": 47.102033920000004}, {"ts_ns": 7800112860961472, "bw_tx_gbps": 48.821698559999994}, {"ts_ns": 7800113061110406, "bw_tx_gbps": 47.493710965174124}, {"ts_ns": 7800113261291002, "bw_tx_gbps": 46.59871744}, {"ts_ns": 7800113461420727, "bw_tx_gbps": 48.528097280000004}, {"ts_ns": 7800113661549429, "bw_tx_gbps": 45.42431232}, {"ts_ns": 7800113861682028, "bw_tx_gbps": 44.54350847999999}, {"ts_ns": 7800114061789450, "bw_tx_gbps": 46.80843264}, {"ts_ns": 7800114261967774, "bw_tx_gbps": 45.9276288}, {"ts_ns": 7800114462175585, "bw_tx_gbps": 46.784226706467656}, {"ts_ns": 7800114662261010, "bw_tx_gbps": 48.905584639999994}, {"ts_ns": 7800114862395140, "bw_tx_gbps": 46.137344}, {"ts_ns": 7800115062487091, "bw_tx_gbps": 49.0733568}, {"ts_ns": 7800115262568518, "bw_tx_gbps": 48.066723839999995}, {"ts_ns": 7800115462690818, "bw_tx_gbps": 46.26317312}, {"ts_ns": 7800115662834923, "bw_tx_gbps": 43.99824896}, {"ts_ns": 7800115862967343, "bw_tx_gbps": 44.71128064}, {"ts_ns": 7800116063096543, "bw_tx_gbps": 47.785851542288555}, {"ts_ns": 7800116263234234, "bw_tx_gbps": 44.96293888}, {"ts_ns": 7800116463371216, "bw_tx_gbps": 44.79516672}, {"ts_ns": 7800116663523181, "bw_tx_gbps": 47.43757824}, {"ts_ns": 7800116863641044, "bw_tx_gbps": 46.09540096}, {"ts_ns": 7800117063738871, "bw_tx_gbps": 46.682603519999994}, {"ts_ns": 7800117263890301, "bw_tx_gbps": 47.102033920000004}, {"ts_ns": 7800117464115180, "bw_tx_gbps": 48.244929592039796}, {"ts_ns": 7800117664254498, "bw_tx_gbps": 49.66055936}, {"ts_ns": 7800117864402755, "bw_tx_gbps": 42.94967296}, {"ts_ns": 7800118064533749, "bw_tx_gbps": 48.528097280000004}, {"ts_ns": 7800118264687780, "bw_tx_gbps": 44.58545152}, {"ts_ns": 7800118464844307, "bw_tx_gbps": 44.83710976}, {"ts_ns": 7800118664956121, "bw_tx_gbps": 45.5081984}, {"ts_ns": 7800118865060530, "bw_tx_gbps": 43.44547725373134}, {"ts_ns": 7800119065189981, "bw_tx_gbps": 46.556774399999995}, {"ts_ns": 7800119265324422, "bw_tx_gbps": 48.821698559999994}, {"ts_ns": 7800119465510678, "bw_tx_gbps": 45.34042623999999}, {"ts_ns": 7800119665642513, "bw_tx_gbps": 40.97835007999999}, {"ts_ns": 7800119865807933, "bw_tx_gbps": 43.2013312}, {"ts_ns": 7800120065945075, "bw_tx_gbps": 45.9276288}, {"ts_ns": 7800120266113424, "bw_tx_gbps": 45.490461293532334}, {"ts_ns": 7800120466284002, "bw_tx_gbps": 49.618616319999994}, {"ts_ns": 7800120666382591, "bw_tx_gbps": 45.717913599999996}, {"ts_ns": 7800120866481030, "bw_tx_gbps": 45.63402752}, {"ts_ns": 7800121066583289, "bw_tx_gbps": 47.102033920000004}, {"ts_ns": 7800121266745203, "bw_tx_gbps": 43.95630592}, {"ts_ns": 7800121466903940, "bw_tx_gbps": 43.03355904}, {"ts_ns": 7800121667058126, "bw_tx_gbps": 45.28178945273631}, {"ts_ns": 7800121867204296, "bw_tx_gbps": 47.395635199999994}, {"ts_ns": 7800122067330728, "bw_tx_gbps": 42.48829952}, {"ts_ns": 7800122267561843, "bw_tx_gbps": 49.366958079999996}, {"ts_ns": 7800122467677760, "bw_tx_gbps": 47.185919999999996}, {"ts_ns": 7800122667809968, "bw_tx_gbps": 44.6693376}, {"ts_ns": 7800122867918351, "bw_tx_gbps": 46.430945279999996}, {"ts_ns": 7800123068029916, "bw_tx_gbps": 43.11744511999999}, {"ts_ns": 7800123268180592, "bw_tx_gbps": 44.44710208955223}], "positive_samples": 76, "network_tx_gbps_avg": 45.84605733002356, "network_tx_gbps_peak": 49.66055936}

[measured-bw threads=4] $ /home/wangshouxin/native-rdma-web/native_rdma/build-current/bin/nr_bench --uds=/tmp/native_rdma-dp.sock --op=put --threads=4 --val-size=1048576 --duration=15 --keyspace=512 --shared-keyspace=1 --require-peer=1 --batch=1
exit=0
[nr_bench] uds=/tmp/native_rdma-dp.sock op=put threads=4 duration=15s val_size=1048576 keyspace=512(shared) prio=default require_peer=true batch=1

==== nr_bench result ====
  elapsed       : 15.00 s
  elapsed_ms    : 15001.07
  threads       : 4
  op            : put
  ops ok/fail   : 107794 / 0
  ops degraded  : 0 (rejected)
  ops/s         : 7186
  req_bytes     : 113030932686 (7534.86 MB/s)
  resp_bytes    : 37333480 (2.49 MB/s)
  latency us    : avg=505.16  p50=466.45  p90=639.71  p99=950.96  p99.9=1523.53  max=31182.84

network_samples={"samples": [{"ts_ns": 7800123268180592, "bw_tx_gbps": 44.44710208955223}, {"ts_ns": 7800123468340828, "bw_tx_gbps": 42.781900799999995}, {"ts_ns": 7800123668431612, "bw_tx_gbps": 53.6870912}, {"ts_ns": 7800123868568106, "bw_tx_gbps": 49.366958079999996}, {"ts_ns": 7800124068727895, "bw_tx_gbps": 56.53921792}, {"ts_ns": 7800124268876784, "bw_tx_gbps": 59.9785472}, {"ts_ns": 7800124469020455, "bw_tx_gbps": 56.79087616}, {"ts_ns": 7800124669175270, "bw_tx_gbps": 53.920803661691544}, {"ts_ns": 7800124869280862, "bw_tx_gbps": 56.53921792}, {"ts_ns": 7800125069420058, "bw_tx_gbps": 59.30745855999999}, {"ts_ns": 7800125269550048, "bw_tx_gbps": 59.768831999999996}, {"ts_ns": 7800125469686799, "bw_tx_gbps": 56.53921792}, {"ts_ns": 7800125669864406, "bw_tx_gbps": 58.929971200000004}, {"ts_ns": 7800125870100522, "bw_tx_gbps": 58.135974845771145}, {"ts_ns": 7800126070267377, "bw_tx_gbps": 57.42002176}, {"ts_ns": 7800126270397121, "bw_tx_gbps": 57.12642048}, {"ts_ns": 7800126470518074, "bw_tx_gbps": 58.55248384}, {"ts_ns": 7800126670666090, "bw_tx_gbps": 59.51717376}, {"ts_ns": 7800126870864068, "bw_tx_gbps": 64.25673728}, {"ts_ns": 7800127071000772, "bw_tx_gbps": 59.47523072}, {"ts_ns": 7800127271123266, "bw_tx_gbps": 62.47634913432836}, {"ts_ns": 7800127471250162, "bw_tx_gbps": 63.04038912}, {"ts_ns": 7800127671391631, "bw_tx_gbps": 60.10437632}, {"ts_ns": 7800127871480976, "bw_tx_gbps": 64.08896512}, {"ts_ns": 7800128071598573, "bw_tx_gbps": 65.51502848}, {"ts_ns": 7800128271701071, "bw_tx_gbps": 64.42450944}, {"ts_ns": 7800128471810795, "bw_tx_gbps": 63.963136}, {"ts_ns": 7800128671972605, "bw_tx_gbps": 64.55033856}, {"ts_ns": 7800128872104616, "bw_tx_gbps": 65.98203605970149}, {"ts_ns": 7800129072208534, "bw_tx_gbps": 63.79536383999999}, {"ts_ns": 7800129272311525, "bw_tx_gbps": 62.998446079999994}, {"ts_ns": 7800129672543409, "bw_tx_gbps": 56.2036736}, {"ts_ns": 7800129872648895, "bw_tx_gbps": 62.033756159999996}, {"ts_ns": 7800130072799744, "bw_tx_gbps": 65.80862975999999}, {"ts_ns": 7800130272915849, "bw_tx_gbps": 63.711477759999994}, {"ts_ns": 7800130473034136, "bw_tx_gbps": 60.94323711999999}, {"ts_ns": 7800130673171303, "bw_tx_gbps": 60.18095888557213}, {"ts_ns": 7800130873274952, "bw_tx_gbps": 58.80414208}, {"ts_ns": 7800131073454960, "bw_tx_gbps": 60.06243328}, {"ts_ns": 7800131273575149, "bw_tx_gbps": 54.735667199999995}, {"ts_ns": 7800131473723043, "bw_tx_gbps": 59.43328767999999}, {"ts_ns": 7800131673867606, "bw_tx_gbps": 55.532584959999994}, {"ts_ns": 7800131873996870, "bw_tx_gbps": 59.013857279999996}, {"ts_ns": 7800132074105395, "bw_tx_gbps": 63.436239601990046}, {"ts_ns": 7800132274266038, "bw_tx_gbps": 57.587793919999996}, {"ts_ns": 7800132474376205, "bw_tx_gbps": 59.30745855999999}, {"ts_ns": 7800132674474203, "bw_tx_gbps": 57.042534399999994}, {"ts_ns": 7800132874575474, "bw_tx_gbps": 58.216939520000004}, {"ts_ns": 7800133074704025, "bw_tx_gbps": 60.98518016}, {"ts_ns": 7800133274858586, "bw_tx_gbps": 61.99181312}, {"ts_ns": 7800133475003917, "bw_tx_gbps": 59.894661119999995}, {"ts_ns": 7800133675149806, "bw_tx_gbps": 57.96903737313432}, {"ts_ns": 7800133875277326, "bw_tx_gbps": 57.62973696}, {"ts_ns": 7800134075543520, "bw_tx_gbps": 58.13305344}, {"ts_ns": 7800134275659740, "bw_tx_gbps": 60.43992064}, {"ts_ns": 7800134475800008, "bw_tx_gbps": 65.47308543999999}, {"ts_ns": 7800134675895369, "bw_tx_gbps": 60.77546496}, {"ts_ns": 7800134876082881, "bw_tx_gbps": 61.01564624875621}, {"ts_ns": 7800135076248142, "bw_tx_gbps": 64.76005375999999}, {"ts_ns": 7800135276397515, "bw_tx_gbps": 60.607692799999995}, {"ts_ns": 7800135476516400, "bw_tx_gbps": 60.06243328}, {"ts_ns": 7800135676655776, "bw_tx_gbps": 57.755566079999994}, {"ts_ns": 7800135876818735, "bw_tx_gbps": 56.035901439999996}, {"ts_ns": 7800136076930154, "bw_tx_gbps": 62.28541439999999}, {"ts_ns": 7800136277028679, "bw_tx_gbps": 63.83730688}, {"ts_ns": 7800136477192341, "bw_tx_gbps": 61.474724298507454}, {"ts_ns": 7800136677311676, "bw_tx_gbps": 61.82404096}, {"ts_ns": 7800136877391408, "bw_tx_gbps": 61.236838399999996}, {"ts_ns": 7800137077518468, "bw_tx_gbps": 62.32735744}, {"ts_ns": 7800137277622955, "bw_tx_gbps": 61.0271232}, {"ts_ns": 7800137477759110, "bw_tx_gbps": 60.817408}, {"ts_ns": 7800137677890672, "bw_tx_gbps": 58.55248384}, {"ts_ns": 7800137878049031, "bw_tx_gbps": 62.20152832}, {"ts_ns": 7800138078199734, "bw_tx_gbps": 62.39288039800995}, {"ts_ns": 7800138278348576, "bw_tx_gbps": 63.417876480000004}, {"ts_ns": 7800138478445486, "bw_tx_gbps": 60.90129408}], "positive_samples": 76, "network_tx_gbps_avg": 59.761846984697534, "network_tx_gbps_peak": 65.98203605970149}


============================================================
Sub-test A: 1KB ops throughput
============================================================

[restart] env: {'SLAB_SLOT_SIZE': '4096', 'SLAB_TOTAL_BYTES': '4294967296', 'NR_ASYNC_REPL': '1'}

[restart] exit=0
 SELF=192.168.0.218  PEER=192.168.0.214  FLASK_PORT=5000
[36m[demo_up][0m SLAB_SLOT_SIZE=4096  SLAB_TOTAL_BYTES=4294967296
[36m[demo_up][0m NR_GDR_ENABLE=0  NR_CUDA_DEVICE=0  NR_GDR_BYTES=67108864
[36m[demo_up][0m 清理残留进程 / IPC
[36m[demo_up][0m 启动 native_rdma_dp (role=A)
[36m[demo_up][0m   DP pid=2156776
[36m[demo_up][0m role=A 等 UDS 就绪（最多 15s，要求对端 B 已在 listen）
[32m[  OK  ][0m Data Plane (A) 握手完成 (uds=/tmp/native_rdma-dp.sock)
[32m[  OK  ][0m 跳过 Flask 重启 (NR_SKIP_FLASK=1)，保留现有控制面


[measured-ops] $ /home/wangshouxin/native-rdma-web/native_rdma/build-current/bin/nr_bench --uds=/tmp/native_rdma-dp.sock --op=put --threads=4 --val-size=1024 --duration=15 --require-peer=1 --batch=64
exit=0
[nr_bench] uds=/tmp/native_rdma-dp.sock op=put threads=4 duration=15s val_size=1024 keyspace=10000 prio=default require_peer=true batch=64

==== nr_bench result ====
  elapsed       : 15.00 s
  elapsed_ms    : 15000.26
  threads       : 4
  op            : put
  ops ok/fail   : 7846912 / 256
  ops degraded  : 0 (rejected)
  ops/s         : 523118
  req_bytes     : 8152558484 (543.49 MB/s)
  resp_bytes    : 23727992 (1.58 MB/s)
  latency us    : avg=3.52  p50=2.96  p90=4.53  p99=7.23  p99.9=130.14  max=434.84



============================================================
Restore functional data-plane defaults
============================================================

[restart] env: {'SLAB_SLOT_SIZE': '4096', 'SLAB_TOTAL_BYTES': '4294967296', 'NR_ASYNC_REPL': '0'}

[restart] exit=0
 SELF=192.168.0.218  PEER=192.168.0.214  FLASK_PORT=5000
[36m[demo_up][0m SLAB_SLOT_SIZE=4096  SLAB_TOTAL_BYTES=4294967296
[36m[demo_up][0m NR_GDR_ENABLE=0  NR_CUDA_DEVICE=0  NR_GDR_BYTES=67108864
[36m[demo_up][0m 清理残留进程 / IPC
[36m[demo_up][0m 启动 native_rdma_dp (role=A)
[36m[demo_up][0m   DP pid=2163804
[36m[demo_up][0m role=A 等 UDS 就绪（最多 15s，要求对端 B 已在 listen）
[32m[  OK  ][0m Data Plane (A) 握手完成 (uds=/tmp/native_rdma-dp.sock)
[32m[  OK  ][0m 跳过 Flask 重启 (NR_SKIP_FLASK=1)，保留现有控制面

