[13:07:54] start storage/FN-3 多策略预取机制
[13:07:54] repo_root=/home/wangshouxin/native-rdma-web
[13:07:54] uds=/tmp/native_rdma-dp.sock ctrl_url=http://127.0.0.1:5000
[13:07:54] rpc RPC_PREFETCH_STATS body_len=46
[13:07:54] rpc RPC_PREFETCH_STATS resp_len=229 resp={"ok":true,"total":8,"hits_stride":0,"hits_markov":5,"prefetch_issued":1,"prefetch_loaded":0,"prefetch_hits":0,"prefetch_already_hot":1,"prefetch_skipped":5,"query":"fn_prefetch_baseline_key_1778130474719_1120126","predicted":[]}
[13:07:54] rpc RPC_KV_PUT body_len=58
[13:07:54] rpc RPC_KV_PUT resp_len=371 resp={"ok":true,"key":"fn_prefetch_stride__1778130474720_1120126_0","tenant_id":0,"size":14,"offset":15724544,"repl_ns":574,"degraded":true,"transport":"rdma","async_repl":false,"tcp_data_ready":true,"qos":{"priority":"hi","qp_idx":9,"hi_qp_start":0,"hi_qp_count":16,"lo_qp_start":16,"lo_qp_count":13},"route":{"primary":"192.168.0.214","replica":"","local_is_primary":false}}
[13:07:54] rpc RPC_KV_PUT body_len=58
[13:07:54] rpc RPC_KV_PUT resp_len=372 resp={"ok":true,"key":"fn_prefetch_stride__1778130474720_1120126_1","tenant_id":0,"size":14,"offset":16773120,"repl_ns":501,"degraded":true,"transport":"rdma","async_repl":false,"tcp_data_ready":true,"qos":{"priority":"hi","qp_idx":10,"hi_qp_start":0,"hi_qp_count":16,"lo_qp_start":16,"lo_qp_count":13},"route":{"primary":"192.168.0.214","replica":"","local_is_primary":false}}
[13:07:54] rpc RPC_KV_PUT body_len=58
[13:07:54] rpc RPC_KV_PUT resp_len=372 resp={"ok":true,"key":"fn_prefetch_stride__1778130474720_1120126_2","tenant_id":0,"size":14,"offset":17821696,"repl_ns":320,"degraded":true,"transport":"rdma","async_repl":false,"tcp_data_ready":true,"qos":{"priority":"hi","qp_idx":11,"hi_qp_start":0,"hi_qp_count":16,"lo_qp_start":16,"lo_qp_count":13},"route":{"primary":"192.168.0.214","replica":"","local_is_primary":false}}
[13:07:54] rpc RPC_KV_PUT body_len=58
[13:07:54] rpc RPC_KV_PUT resp_len=372 resp={"ok":true,"key":"fn_prefetch_stride__1778130474720_1120126_3","tenant_id":0,"size":14,"offset":18870272,"repl_ns":261,"degraded":true,"transport":"rdma","async_repl":false,"tcp_data_ready":true,"qos":{"priority":"hi","qp_idx":12,"hi_qp_start":0,"hi_qp_count":16,"lo_qp_start":16,"lo_qp_count":13},"route":{"primary":"192.168.0.214","replica":"","local_is_primary":false}}
[13:07:54] rpc RPC_KV_PUT body_len=58
[13:07:54] rpc RPC_KV_PUT resp_len=372 resp={"ok":true,"key":"fn_prefetch_stride__1778130474720_1120126_4","tenant_id":0,"size":14,"offset":19918848,"repl_ns":171,"degraded":true,"transport":"rdma","async_repl":false,"tcp_data_ready":true,"qos":{"priority":"hi","qp_idx":13,"hi_qp_start":0,"hi_qp_count":16,"lo_qp_start":16,"lo_qp_count":13},"route":{"primary":"192.168.0.214","replica":"","local_is_primary":false}}
[13:07:54] rpc RPC_KV_PUT body_len=58
[13:07:54] rpc RPC_KV_PUT resp_len=372 resp={"ok":true,"key":"fn_prefetch_stride__1778130474720_1120126_5","tenant_id":0,"size":14,"offset":20967424,"repl_ns":167,"degraded":true,"transport":"rdma","async_repl":false,"tcp_data_ready":true,"qos":{"priority":"hi","qp_idx":14,"hi_qp_start":0,"hi_qp_count":16,"lo_qp_start":16,"lo_qp_count":13},"route":{"primary":"192.168.0.214","replica":"","local_is_primary":false}}
[13:07:54] rpc RPC_KV_PUT body_len=58
[13:07:54] rpc RPC_KV_PUT resp_len=372 resp={"ok":true,"key":"fn_prefetch_stride__1778130474720_1120126_6","tenant_id":0,"size":14,"offset":22016000,"repl_ns":227,"degraded":true,"transport":"rdma","async_repl":false,"tcp_data_ready":true,"qos":{"priority":"hi","qp_idx":15,"hi_qp_start":0,"hi_qp_count":16,"lo_qp_start":16,"lo_qp_count":13},"route":{"primary":"192.168.0.214","replica":"","local_is_primary":false}}
[13:07:54] rpc RPC_KV_PUT body_len=58
[13:07:54] rpc RPC_KV_PUT resp_len=371 resp={"ok":true,"key":"fn_prefetch_stride__1778130474720_1120126_7","tenant_id":0,"size":14,"offset":23064576,"repl_ns":400,"degraded":true,"transport":"rdma","async_repl":false,"tcp_data_ready":true,"qos":{"priority":"hi","qp_idx":0,"hi_qp_start":0,"hi_qp_count":16,"lo_qp_start":16,"lo_qp_count":13},"route":{"primary":"192.168.0.214","replica":"","local_is_primary":false}}
[13:07:54] rpc RPC_TIER_DEMOTE body_len=48
[13:07:54] rpc RPC_TIER_DEMOTE resp_len=75 resp={"ok":true,"key":"fn_prefetch_stride__1778130474720_1120126_4","to":"nvme"}
[13:07:54] rpc RPC_KV_GET body_len=43
[13:07:54] rpc RPC_KV_GET resp_len=58 resp={"ok":true,"hit":"local","size":14,"val":"stride-value-0"}
[13:07:54] rpc RPC_KV_GET body_len=43
[13:07:54] rpc RPC_KV_GET resp_len=58 resp={"ok":true,"hit":"local","size":14,"val":"stride-value-1"}
[13:07:54] rpc RPC_KV_GET body_len=43
[13:07:54] rpc RPC_KV_GET resp_len=58 resp={"ok":true,"hit":"local","size":14,"val":"stride-value-2"}
[13:07:54] rpc RPC_KV_GET body_len=43
[13:07:54] rpc RPC_KV_GET resp_len=58 resp={"ok":true,"hit":"local","size":14,"val":"stride-value-3"}
[13:07:54] rpc RPC_PREFETCH_STATS body_len=43
[13:07:54] rpc RPC_PREFETCH_STATS resp_len=596 resp={"ok":true,"total":12,"hits_stride":1,"hits_markov":5,"prefetch_issued":9,"prefetch_loaded":1,"prefetch_hits":0,"prefetch_already_hot":4,"prefetch_skipped":9,"query":"fn_prefetch_stride__1778130474720_1120126_3","predicted":["fn_prefetch_stride__1778130474720_1120126_4","fn_prefetch_stride__1778130474720_1120126_5","fn_prefetch_stride__1778130474720_1120126_6","fn_prefetch_stride__1778130474720_1120126_7","fn_prefetch_stride__1778130474720_1120126_8","fn_prefetch_stride__1778130474720_1120126_9"
[13:07:54] rpc RPC_KV_GET body_len=43
[13:07:54] rpc RPC_KV_GET resp_len=58 resp={"ok":true,"hit":"local","size":14,"val":"stride-value-4"}
[13:07:54] rpc RPC_PREFETCH_STATS body_len=43
[13:07:54] rpc RPC_PREFETCH_STATS resp_len=599 resp={"ok":true,"total":13,"hits_stride":2,"hits_markov":5,"prefetch_issued":17,"prefetch_loaded":1,"prefetch_hits":1,"prefetch_already_hot":7,"prefetch_skipped":14,"query":"fn_prefetch_stride__1778130474720_1120126_4","predicted":["fn_prefetch_stride__1778130474720_1120126_5","fn_prefetch_stride__1778130474720_1120126_6","fn_prefetch_stride__1778130474720_1120126_7","fn_prefetch_stride__1778130474720_1120126_8","fn_prefetch_stride__1778130474720_1120126_9","fn_prefetch_stride__1778130474720_1120126_
[13:07:54] rpc RPC_KV_PUT body_len=60
[13:07:54] rpc RPC_KV_PUT resp_len=373 resp={"ok":true,"key":"fn_prefetch_markov_1778130474721_1120126_Akey","tenant_id":0,"size":14,"offset":25161728,"repl_ns":329,"degraded":true,"transport":"rdma","async_repl":false,"tcp_data_ready":true,"qos":{"priority":"hi","qp_idx":1,"hi_qp_start":0,"hi_qp_count":16,"lo_qp_start":16,"lo_qp_count":13},"route":{"primary":"192.168.0.214","replica":"","local_is_primary":false}}
[13:07:54] rpc RPC_KV_PUT body_len=60
[13:07:54] rpc RPC_KV_PUT resp_len=372 resp={"ok":true,"key":"fn_prefetch_markov_1778130474721_1120126_Bkey","tenant_id":0,"size":14,"offset":26210304,"repl_ns":219,"degraded":true,"transport":"rdma","async_repl":false,"tcp_data_ready":true,"qos":{"priority":"hi","qp_idx":2,"hi_qp_start":0,"hi_qp_count":16,"lo_qp_start":16,"lo_qp_count":13},"route":{"primary":"192.168.0.218","replica":"","local_is_primary":true}}
[13:07:54] rpc RPC_KV_GET body_len=45
[13:07:54] rpc RPC_KV_GET resp_len=58 resp={"ok":true,"hit":"local","size":14,"val":"markov-a-value"}
[13:07:54] rpc RPC_KV_GET body_len=45
[13:07:54] rpc RPC_KV_GET resp_len=58 resp={"ok":true,"hit":"local","size":14,"val":"markov-b-value"}
[13:07:54] rpc RPC_KV_GET body_len=45
[13:07:54] rpc RPC_KV_GET resp_len=58 resp={"ok":true,"hit":"local","size":14,"val":"markov-a-value"}
[13:07:54] rpc RPC_KV_GET body_len=45
[13:07:54] rpc RPC_KV_GET resp_len=58 resp={"ok":true,"hit":"local","size":14,"val":"markov-b-value"}
[13:07:54] rpc RPC_KV_GET body_len=45
[13:07:54] rpc RPC_KV_GET resp_len=58 resp={"ok":true,"hit":"local","size":14,"val":"markov-a-value"}
[13:07:54] rpc RPC_KV_GET body_len=45
[13:07:54] rpc RPC_KV_GET resp_len=58 resp={"ok":true,"hit":"local","size":14,"val":"markov-b-value"}
[13:07:54] rpc RPC_TIER_DEMOTE body_len=50
[13:07:54] rpc RPC_TIER_DEMOTE resp_len=77 resp={"ok":true,"key":"fn_prefetch_markov_1778130474721_1120126_Bkey","to":"nvme"}
[13:07:54] rpc RPC_PREFETCH_STATS body_len=45
[13:07:54] rpc RPC_PREFETCH_STATS resp_len=279 resp={"ok":true,"total":19,"hits_stride":2,"hits_markov":9,"prefetch_issued":21,"prefetch_loaded":1,"prefetch_hits":1,"prefetch_already_hot":11,"prefetch_skipped":14,"query":"fn_prefetch_markov_1778130474721_1120126_Akey","predicted":["fn_prefetch_markov_1778130474721_1120126_Bkey"]}
[13:07:54] rpc RPC_KV_GET body_len=45
[13:07:54] rpc RPC_KV_GET resp_len=58 resp={"ok":true,"hit":"local","size":14,"val":"markov-a-value"}
[13:07:54] rpc RPC_KV_GET body_len=45
[13:07:54] rpc RPC_KV_GET resp_len=58 resp={"ok":true,"hit":"local","size":14,"val":"markov-b-value"}
[13:07:54] rpc RPC_PREFETCH_STATS body_len=45
[13:07:54] rpc RPC_PREFETCH_STATS resp_len=280 resp={"ok":true,"total":21,"hits_stride":2,"hits_markov":11,"prefetch_issued":23,"prefetch_loaded":2,"prefetch_hits":2,"prefetch_already_hot":12,"prefetch_skipped":14,"query":"fn_prefetch_markov_1778130474721_1120126_Akey","predicted":["fn_prefetch_markov_1778130474721_1120126_Bkey"]}
[13:07:54] result=PASS completion=完成
