[06:52:49] start storage/FN-2 多层感知、冷热分离与调度
[06:52:49] repo_root=/home/wangshouxin/native-rdma-web
[06:52:49] uds=/tmp/native_rdma-dp.sock ctrl_url=http://127.0.0.1:5000
[06:52:49] rpc RPC_ADMIN_FLUSH body_len=0
[06:52:49] rpc RPC_ADMIN_FLUSH resp_len=27 resp={"ok":true,"freed_slabs":0}
[06:52:49] rpc RPC_KV_PUT body_len=65
[06:52:49] rpc RPC_KV_PUT resp_len=385 resp={"ok":true,"key":"fn_storage_tier_manual_1777935169512_305539","tenant_id":0,"size":21,"offset":2093056,"repl_ns":53279,"degraded":false,"transport":"rdma","async_repl":false,"tcp_data_ready":true,"qos":{"priority":"hi","qp_idx":0,"hi_qp_start":0,"hi_qp_count":16,"lo_qp_start":16,"lo_qp_count":13},"route":{"primary":"192.168.0.218","replica":"192.168.0.214","local_is_primary":true}}
[06:52:49] rpc RPC_TIER_DEMOTE body_len=48
[06:52:49] rpc RPC_TIER_DEMOTE resp_len=75 resp={"ok":true,"key":"fn_storage_tier_manual_1777935169512_305539","to":"nvme"}
[06:52:49] rpc RPC_KV_GET body_len=43
[06:52:49] rpc RPC_KV_GET resp_len=72 resp={"ok":true,"hit":"nvme_promote","size":21,"val":"tiering_probe_payload"}
[06:52:49] rpc RPC_KV_PUT body_len=67
[06:52:49] rpc RPC_KV_PUT resp_len=384 resp={"ok":true,"key":"fn_storage_tier_cold_1777935169512_305539","tenant_id":0,"size":25,"offset":4190208,"repl_ns":17649,"degraded":false,"transport":"rdma","async_repl":false,"tcp_data_ready":true,"qos":{"priority":"hi","qp_idx":1,"hi_qp_start":0,"hi_qp_count":16,"lo_qp_start":16,"lo_qp_count":13},"route":{"primary":"192.168.0.214","replica":"192.168.0.218","local_is_primary":false}}
[06:52:49] rpc RPC_KV_PUT body_len=65
[06:52:49] rpc RPC_KV_PUT resp_len=370 resp={"ok":true,"key":"fn_storage_tier_hot_1777935169512_305539","tenant_id":0,"size":24,"offset":5238784,"repl_ns":18238,"degraded":false,"transport":"rdma","async_repl":false,"tcp_data_ready":true,"qos":{"priority":"hi","qp_idx":2,"hi_qp_start":0,"hi_qp_count":16,"lo_qp_start":16,"lo_qp_count":13},"route":{"primary":"192.168.0.214","replica":"","local_is_primary":false}}
[06:52:49] rpc RPC_KV_GET body_len=40
[06:52:49] rpc RPC_KV_GET resp_len=68 resp={"ok":true,"hit":"local","size":24,"val":"auto-hot-tiering-payload"}
[06:52:49] rpc RPC_TIER_STATS body_len=0
[06:52:49] rpc RPC_TIER_STATS resp_len=312 resp={"ok":true,"dram":3,"nvme":0,"hdd":0,"demoted_d_n":1,"demoted_n_h":0,"events":[{"ts_ns":7565223702302549,"key":"fn_storage_tier_manual_1777935169512_305539","from":"nvme","to":"dram","bytes":21},{"ts_ns":7565223702197278,"key":"fn_storage_tier_manual_1777935169512_305539","from":"dram","to":"nvme","bytes":21}]}
[06:52:50] rpc RPC_KV_GET body_len=40
[06:52:50] rpc RPC_KV_GET resp_len=68 resp={"ok":true,"hit":"local","size":24,"val":"auto-hot-tiering-payload"}
[06:52:50] rpc RPC_TIER_STATS body_len=0
[06:52:50] rpc RPC_TIER_STATS resp_len=312 resp={"ok":true,"dram":3,"nvme":0,"hdd":0,"demoted_d_n":1,"demoted_n_h":0,"events":[{"ts_ns":7565223702302549,"key":"fn_storage_tier_manual_1777935169512_305539","from":"nvme","to":"dram","bytes":21},{"ts_ns":7565223702197278,"key":"fn_storage_tier_manual_1777935169512_305539","from":"dram","to":"nvme","bytes":21}]}
[06:52:51] rpc RPC_KV_GET body_len=40
[06:52:51] rpc RPC_KV_GET resp_len=68 resp={"ok":true,"hit":"local","size":24,"val":"auto-hot-tiering-payload"}
[06:52:51] rpc RPC_TIER_STATS body_len=0
[06:52:51] rpc RPC_TIER_STATS resp_len=312 resp={"ok":true,"dram":3,"nvme":0,"hdd":0,"demoted_d_n":1,"demoted_n_h":0,"events":[{"ts_ns":7565223702302549,"key":"fn_storage_tier_manual_1777935169512_305539","from":"nvme","to":"dram","bytes":21},{"ts_ns":7565223702197278,"key":"fn_storage_tier_manual_1777935169512_305539","from":"dram","to":"nvme","bytes":21}]}
[06:52:52] rpc RPC_KV_GET body_len=40
[06:52:52] rpc RPC_KV_GET resp_len=68 resp={"ok":true,"hit":"local","size":24,"val":"auto-hot-tiering-payload"}
[06:52:52] rpc RPC_TIER_STATS body_len=0
[06:52:52] rpc RPC_TIER_STATS resp_len=312 resp={"ok":true,"dram":3,"nvme":0,"hdd":0,"demoted_d_n":1,"demoted_n_h":0,"events":[{"ts_ns":7565223702302549,"key":"fn_storage_tier_manual_1777935169512_305539","from":"nvme","to":"dram","bytes":21},{"ts_ns":7565223702197278,"key":"fn_storage_tier_manual_1777935169512_305539","from":"dram","to":"nvme","bytes":21}]}
[06:52:53] rpc RPC_KV_GET body_len=40
[06:52:53] rpc RPC_KV_GET resp_len=68 resp={"ok":true,"hit":"local","size":24,"val":"auto-hot-tiering-payload"}
[06:52:53] rpc RPC_TIER_STATS body_len=0
[06:52:53] rpc RPC_TIER_STATS resp_len=426 resp={"ok":true,"dram":2,"nvme":1,"hdd":0,"demoted_d_n":2,"demoted_n_h":0,"events":[{"ts_ns":7565226823199148,"key":"fn_storage_tier_cold_1777935169512_305539","from":"dram","to":"nvme","bytes":25},{"ts_ns":7565223702302549,"key":"fn_storage_tier_manual_1777935169512_305539","from":"nvme","to":"dram","bytes":21},{"ts_ns":7565223702197278,"key":"fn_storage_tier_manual_1777935169512_305539","from":"dram","to":"nvme","bytes":21}]}
[06:52:53] rpc RPC_TIER_STATS body_len=0
[06:52:53] rpc RPC_TIER_STATS resp_len=426 resp={"ok":true,"dram":2,"nvme":1,"hdd":0,"demoted_d_n":2,"demoted_n_h":0,"events":[{"ts_ns":7565226823199148,"key":"fn_storage_tier_cold_1777935169512_305539","from":"dram","to":"nvme","bytes":25},{"ts_ns":7565223702302549,"key":"fn_storage_tier_manual_1777935169512_305539","from":"nvme","to":"dram","bytes":21},{"ts_ns":7565223702197278,"key":"fn_storage_tier_manual_1777935169512_305539","from":"dram","to":"nvme","bytes":21}]}
[06:52:53] rpc RPC_KV_GET body_len=41
[06:52:53] rpc RPC_KV_GET resp_len=76 resp={"ok":true,"hit":"nvme_promote","size":25,"val":"auto-cold-tiering-payload"}
[06:52:53] rpc RPC_KV_GET body_len=40
[06:52:53] rpc RPC_KV_GET resp_len=68 resp={"ok":true,"hit":"local","size":24,"val":"auto-hot-tiering-payload"}
[06:52:53] result=PASS completion=完成
