============================================================
Sub-test B: large-object bandwidth utilization
============================================================

[restart] env: {'SLAB_SLOT_SIZE': '1048576', 'SLAB_TOTAL_BYTES': '4294967296', 'NR_ASYNC_REPL': '0'}

[restart] exit=0
══════════════════════════════════════════[0m

  ➤ 本端 Flask:   http://192.168.0.218:5000/
  ➤ Dashboard:    http://192.168.0.218:5000/
                  （前端只连本端 Flask；对端数据自动走 /api/peer/ 反向代理，无需配置 ?b= 参数）

  ➤ 健康检查:
      curl -s http://192.168.0.218:5000/api/demo3/cluster | python3 -m json.tool
      curl -s http://192.168.0.218:5000/api/peer/demo3/cluster | python3 -m json.tool

  ➤ 停止本端栈:
      bash scripts/demo_down.sh

  ➤ 日志:
      tail -f logs/dp_A.log
      tail -f logs/cp_A.stdout.log



[warmup-bw] $ /home/wangshouxin/native-rdma-web/native_rdma/build-current/bin/nr_bench --uds=/tmp/native_rdma-dp.sock --op=put --threads=4 --val-size=1048576 --duration=5 --keyspace=512 --shared-keyspace=1 --batch=1
exit=0
[nr_bench] uds=/tmp/native_rdma-dp.sock op=put threads=4 duration=5s val_size=1048576 keyspace=512(shared) prio=default require_peer=false batch=1

==== nr_bench result ====
  elapsed       : 5.00 s
  elapsed_ms    : 5001.63
  threads       : 4
  op            : put
  ops ok/fail   : 28604 / 0
  ops degraded  : 3663
  ops/s         : 5719
  req_bytes     : 29993661945 (5996.78 MB/s)
  resp_bytes    : 9978311 (2.00 MB/s)
  latency us    : avg=659.68  p50=665.24  p90=832.71  p99=945.45  p99.9=1138.57  max=11862.85


[measured-bw threads=2] $ /home/wangshouxin/native-rdma-web/native_rdma/build-current/bin/nr_bench --uds=/tmp/native_rdma-dp.sock --op=put --threads=2 --val-size=1048576 --duration=15 --keyspace=512 --shared-keyspace=1 --require-peer=1 --batch=1
exit=0
[nr_bench] uds=/tmp/native_rdma-dp.sock op=put threads=2 duration=15s val_size=1048576 keyspace=512(shared) prio=default require_peer=true batch=1

==== nr_bench result ====
  elapsed       : 15.00 s
  elapsed_ms    : 15000.41
  threads       : 2
  op            : put
  ops ok/fail   : 47728 / 0
  ops degraded  : 0 (rejected)
  ops/s         : 3182
  req_bytes     : 50046759139 (3336.36 MB/s)
  resp_bytes    : 16673641 (1.11 MB/s)
  latency us    : avg=591.18  p50=558.95  p90=667.16  p99=758.61  p99.9=842.42  max=28613.71

network_samples={"samples": [{"ts_ns": 7539466490743339, "bw_tx_gbps": 45.34042623999999}, {"ts_ns": 7539466690888156, "bw_tx_gbps": 42.614128640000004}, {"ts_ns": 7539466891014924, "bw_tx_gbps": 22.94284288}, {"ts_ns": 7539467091139289, "bw_tx_gbps": 23.538183641791043}, {"ts_ns": 7539467291258774, "bw_tx_gbps": 27.43074816}, {"ts_ns": 7539467491387542, "bw_tx_gbps": 26.298286079999997}, {"ts_ns": 7539467691500792, "bw_tx_gbps": 27.304919039999998}, {"ts_ns": 7539467891617460, "bw_tx_gbps": 27.011317759999997}, {"ts_ns": 7539468091754113, "bw_tx_gbps": 26.67577344}, {"ts_ns": 7539468291858814, "bw_tx_gbps": 26.633830399999997}, {"ts_ns": 7539468491971426, "bw_tx_gbps": 26.591887359999998}, {"ts_ns": 7539468692065121, "bw_tx_gbps": 26.876933094527363}, {"ts_ns": 7539468892177695, "bw_tx_gbps": 23.15255808}, {"ts_ns": 7539469092295704, "bw_tx_gbps": 26.591887359999998}, {"ts_ns": 7539469292405449, "bw_tx_gbps": 26.80160256}, {"ts_ns": 7539469492529021, "bw_tx_gbps": 26.549944319999998}, {"ts_ns": 7539469692646480, "bw_tx_gbps": 26.71771648}, {"ts_ns": 7539469892762901, "bw_tx_gbps": 26.71771648}, {"ts_ns": 7539470092879422, "bw_tx_gbps": 26.88548864}, {"ts_ns": 7539470293000673, "bw_tx_gbps": 26.8435456}, {"ts_ns": 7539470493118153, "bw_tx_gbps": 26.918667462686564}, {"ts_ns": 7539470693280876, "bw_tx_gbps": 23.15255808}, {"ts_ns": 7539470893427981, "bw_tx_gbps": 26.88548864}, {"ts_ns": 7539471093564886, "bw_tx_gbps": 26.96937472}, {"ts_ns": 7539471293700158, "bw_tx_gbps": 27.38880512}, {"ts_ns": 7539471493843805, "bw_tx_gbps": 26.96937472}, {"ts_ns": 7539471693973848, "bw_tx_gbps": 27.09520384}, {"ts_ns": 7539471894106403, "bw_tx_gbps": 26.709995621890545}, {"ts_ns": 7539472094249960, "bw_tx_gbps": 27.304919039999998}, {"ts_ns": 7539472294394698, "bw_tx_gbps": 26.80160256}, {"ts_ns": 7539472494524015, "bw_tx_gbps": 26.88548864}, {"ts_ns": 7539472694656620, "bw_tx_gbps": 26.549944319999998}, {"ts_ns": 7539472894780510, "bw_tx_gbps": 26.633830399999997}, {"ts_ns": 7539473094940302, "bw_tx_gbps": 26.633830399999997}, {"ts_ns": 7539473295085531, "bw_tx_gbps": 24.41460537313433}, {"ts_ns": 7539473495192082, "bw_tx_gbps": 27.13714688}, {"ts_ns": 7539473695292628, "bw_tx_gbps": 26.2144}, {"ts_ns": 7539473895395143, "bw_tx_gbps": 27.51463424}, {"ts_ns": 7539474095519636, "bw_tx_gbps": 27.13714688}, {"ts_ns": 7539474295637036, "bw_tx_gbps": 27.262976}, {"ts_ns": 7539474495752103, "bw_tx_gbps": 27.09520384}, {"ts_ns": 7539474695862007, "bw_tx_gbps": 27.346862079999998}, {"ts_ns": 7539474895973451, "bw_tx_gbps": 26.759659519999996}, {"ts_ns": 7539475096067712, "bw_tx_gbps": 27.043870567164177}, {"ts_ns": 7539475296181778, "bw_tx_gbps": 27.053260799999997}, {"ts_ns": 7539475496308848, "bw_tx_gbps": 27.17908992}, {"ts_ns": 7539475696424298, "bw_tx_gbps": 24.159191039999996}, {"ts_ns": 7539475896561713, "bw_tx_gbps": 26.88548864}, {"ts_ns": 7539476096689022, "bw_tx_gbps": 27.346862079999998}, {"ts_ns": 7539476296815343, "bw_tx_gbps": 27.346862079999998}, {"ts_ns": 7539476496943652, "bw_tx_gbps": 24.5366784}, {"ts_ns": 7539476697079655, "bw_tx_gbps": 26.960401830845772}, {"ts_ns": 7539476897269081, "bw_tx_gbps": 27.011317759999997}, {"ts_ns": 7539477097405384, "bw_tx_gbps": 27.09520384}, {"ts_ns": 7539477297522047, "bw_tx_gbps": 27.304919039999998}, {"ts_ns": 7539477497662513, "bw_tx_gbps": 27.51463424}, {"ts_ns": 7539477697796342, "bw_tx_gbps": 27.221032959999995}, {"ts_ns": 7539477897916748, "bw_tx_gbps": 27.346862079999998}, {"ts_ns": 7539478098043287, "bw_tx_gbps": 26.79346435820895}, {"ts_ns": 7539478298167295, "bw_tx_gbps": 27.38880512}, {"ts_ns": 7539478498322850, "bw_tx_gbps": 27.304919039999998}, {"ts_ns": 7539478698451577, "bw_tx_gbps": 27.17908992}, {"ts_ns": 7539478898569816, "bw_tx_gbps": 27.59852032}, {"ts_ns": 7539479098689303, "bw_tx_gbps": 27.13714688}, {"ts_ns": 7539479298833584, "bw_tx_gbps": 27.346862079999998}, {"ts_ns": 7539479498961169, "bw_tx_gbps": 27.80823552}, {"ts_ns": 7539479699081523, "bw_tx_gbps": 27.58641735323383}, {"ts_ns": 7539479899223617, "bw_tx_gbps": 25.3755392}, {"ts_ns": 7539480099359604, "bw_tx_gbps": 26.4241152}, {"ts_ns": 7539480299480758, "bw_tx_gbps": 27.346862079999998}, {"ts_ns": 7539480499610063, "bw_tx_gbps": 27.221032959999995}, {"ts_ns": 7539480699739018, "bw_tx_gbps": 27.262976}, {"ts_ns": 7539480899844308, "bw_tx_gbps": 26.80160256}, {"ts_ns": 7539481099965108, "bw_tx_gbps": 26.96937472}, {"ts_ns": 7539481300069846, "bw_tx_gbps": 27.085604935323378}, {"ts_ns": 7539481500164302, "bw_tx_gbps": 27.053260799999997}], "positive_samples": 76, "network_tx_gbps_avg": 27.144617881036908, "network_tx_gbps_peak": 45.34042623999999}

[measured-bw threads=3] $ /home/wangshouxin/native-rdma-web/native_rdma/build-current/bin/nr_bench --uds=/tmp/native_rdma-dp.sock --op=put --threads=3 --val-size=1048576 --duration=15 --keyspace=512 --shared-keyspace=1 --require-peer=1 --batch=1
exit=0
[nr_bench] uds=/tmp/native_rdma-dp.sock op=put threads=3 duration=15s val_size=1048576 keyspace=512(shared) prio=default require_peer=true batch=1

==== nr_bench result ====
  elapsed       : 15.00 s
  elapsed_ms    : 15000.85
  threads       : 3
  op            : put
  ops ok/fail   : 66789 / 0
  ops degraded  : 0 (rejected)
  ops/s         : 4452
  req_bytes     : 70033795577 (4668.65 MB/s)
  resp_bytes    : 23332407 (1.56 MB/s)
  latency us    : avg=634.34  p50=620.00  p90=741.42  p99=849.56  p99.9=962.63  max=27651.61

network_samples={"samples": [{"ts_ns": 7539481500164302, "bw_tx_gbps": 27.053260799999997}, {"ts_ns": 7539481700286592, "bw_tx_gbps": 24.20113408}, {"ts_ns": 7539482100520286, "bw_tx_gbps": 39.007027199999996}, {"ts_ns": 7539482300648960, "bw_tx_gbps": 38.1681664}, {"ts_ns": 7539482500768102, "bw_tx_gbps": 39.4264576}, {"ts_ns": 7539482700893783, "bw_tx_gbps": 37.580963839999995}, {"ts_ns": 7539482901018156, "bw_tx_gbps": 37.62290688}, {"ts_ns": 7539483101138875, "bw_tx_gbps": 37.477462606965176}, {"ts_ns": 7539483301241061, "bw_tx_gbps": 38.75536896}, {"ts_ns": 7539483501357276, "bw_tx_gbps": 39.30062848}, {"ts_ns": 7539483701491509, "bw_tx_gbps": 37.41319168}, {"ts_ns": 7539483901582552, "bw_tx_gbps": 37.66484992}, {"ts_ns": 7539484101691730, "bw_tx_gbps": 38.04233728}, {"ts_ns": 7539484301825139, "bw_tx_gbps": 37.539020799999996}, {"ts_ns": 7539484501948177, "bw_tx_gbps": 33.7641472}, {"ts_ns": 7539484702045514, "bw_tx_gbps": 37.14358766169154}, {"ts_ns": 7539484902148705, "bw_tx_gbps": 37.539020799999996}, {"ts_ns": 7539485102261534, "bw_tx_gbps": 37.580963839999995}, {"ts_ns": 7539485302383205, "bw_tx_gbps": 37.91650816}, {"ts_ns": 7539485502503899, "bw_tx_gbps": 37.748735999999994}, {"ts_ns": 7539485702636303, "bw_tx_gbps": 37.66484992}, {"ts_ns": 7539485902760168, "bw_tx_gbps": 37.66484992}, {"ts_ns": 7539486102903626, "bw_tx_gbps": 38.419824639999995}, {"ts_ns": 7539486303031714, "bw_tx_gbps": 37.62290688}, {"ts_ns": 7539486503162034, "bw_tx_gbps": 38.89643112437811}, {"ts_ns": 7539486703304761, "bw_tx_gbps": 38.92314112}, {"ts_ns": 7539486903420117, "bw_tx_gbps": 37.41319168}, {"ts_ns": 7539487103535527, "bw_tx_gbps": 34.14163455999999}, {"ts_ns": 7539487303673547, "bw_tx_gbps": 37.497077759999996}, {"ts_ns": 7539487503793525, "bw_tx_gbps": 36.825989119999996}, {"ts_ns": 7539487703928356, "bw_tx_gbps": 31.62505216}, {"ts_ns": 7539487904070062, "bw_tx_gbps": 36.97665018905472}, {"ts_ns": 7539488104234566, "bw_tx_gbps": 38.75536896}, {"ts_ns": 7539488304371911, "bw_tx_gbps": 37.28736256}, {"ts_ns": 7539488504501384, "bw_tx_gbps": 37.41319168}, {"ts_ns": 7539488704635829, "bw_tx_gbps": 38.12622336}, {"ts_ns": 7539488904783638, "bw_tx_gbps": 38.75536896}, {"ts_ns": 7539489104930171, "bw_tx_gbps": 38.75536896}, {"ts_ns": 7539489305077343, "bw_tx_gbps": 37.93654065671642}, {"ts_ns": 7539489505211319, "bw_tx_gbps": 37.1195904}, {"ts_ns": 7539489705346543, "bw_tx_gbps": 39.25868544}, {"ts_ns": 7539489905477986, "bw_tx_gbps": 37.87456512}, {"ts_ns": 7539490105611888, "bw_tx_gbps": 38.335938559999995}, {"ts_ns": 7539490305733697, "bw_tx_gbps": 39.51034368}, {"ts_ns": 7539490505858076, "bw_tx_gbps": 37.20347648}, {"ts_ns": 7539490705993066, "bw_tx_gbps": 37.748735999999994}, {"ts_ns": 7539490906122365, "bw_tx_gbps": 38.47908744278607}, {"ts_ns": 7539491106262602, "bw_tx_gbps": 36.867932159999995}, {"ts_ns": 7539491306380023, "bw_tx_gbps": 37.748735999999994}, {"ts_ns": 7539491506500183, "bw_tx_gbps": 37.83262208}, {"ts_ns": 7539491706620815, "bw_tx_gbps": 37.9584512}, {"ts_ns": 7539491906737994, "bw_tx_gbps": 38.67148288}, {"ts_ns": 7539492106867960, "bw_tx_gbps": 38.67148288}, {"ts_ns": 7539492306986362, "bw_tx_gbps": 38.1681664}, {"ts_ns": 7539492507105963, "bw_tx_gbps": 38.353884338308454}, {"ts_ns": 7539492707215889, "bw_tx_gbps": 36.9098752}, {"ts_ns": 7539492907334797, "bw_tx_gbps": 38.62953983999999}, {"ts_ns": 7539493107457111, "bw_tx_gbps": 37.3293056}, {"ts_ns": 7539493307577914, "bw_tx_gbps": 37.07764736}, {"ts_ns": 7539493507686908, "bw_tx_gbps": 38.252052479999996}, {"ts_ns": 7539493707811632, "bw_tx_gbps": 38.335938559999995}, {"ts_ns": 7539493907936970, "bw_tx_gbps": 34.89660928}, {"ts_ns": 7539494108095842, "bw_tx_gbps": 35.515947303482584}, {"ts_ns": 7539494308228005, "bw_tx_gbps": 36.4904448}, {"ts_ns": 7539494508368524, "bw_tx_gbps": 37.706792959999994}, {"ts_ns": 7539494708495207, "bw_tx_gbps": 38.67148288}, {"ts_ns": 7539494908614334, "bw_tx_gbps": 35.399925759999995}, {"ts_ns": 7539495108733890, "bw_tx_gbps": 35.06438144}, {"ts_ns": 7539495308853970, "bw_tx_gbps": 31.41533696}, {"ts_ns": 7539495508976827, "bw_tx_gbps": 35.399925759999995}, {"ts_ns": 7539495709097460, "bw_tx_gbps": 35.14033799004975}, {"ts_ns": 7539495909240135, "bw_tx_gbps": 35.19021056}, {"ts_ns": 7539496109372228, "bw_tx_gbps": 35.274096639999996}, {"ts_ns": 7539496309502528, "bw_tx_gbps": 35.2321536}, {"ts_ns": 7539496509625914, "bw_tx_gbps": 37.539020799999996}, {"ts_ns": 7539496709761574, "bw_tx_gbps": 37.035704319999994}], "positive_samples": 76, "network_tx_gbps_avg": 37.02574573096622, "network_tx_gbps_peak": 39.51034368}

[measured-bw threads=4] $ /home/wangshouxin/native-rdma-web/native_rdma/build-current/bin/nr_bench --uds=/tmp/native_rdma-dp.sock --op=put --threads=4 --val-size=1048576 --duration=15 --keyspace=512 --shared-keyspace=1 --require-peer=1 --batch=1
exit=0
[nr_bench] uds=/tmp/native_rdma-dp.sock op=put threads=4 duration=15s val_size=1048576 keyspace=512(shared) prio=default require_peer=true batch=1

==== nr_bench result ====
  elapsed       : 15.00 s
  elapsed_ms    : 15001.03
  threads       : 4
  op            : put
  ops ok/fail   : 80028 / 0
  ops degraded  : 0 (rejected)
  ops/s         : 5335
  req_bytes     : 83915983083 (5594.02 MB/s)
  resp_bytes    : 27957502 (1.86 MB/s)
  latency us    : avg=713.11  p50=699.16  p90=853.67  p99=962.33  p99.9=1261.93  max=29578.26

network_samples={"samples": [{"ts_ns": 7539496709761574, "bw_tx_gbps": 37.035704319999994}, {"ts_ns": 7539496909887233, "bw_tx_gbps": 42.02692608}, {"ts_ns": 7539497110023118, "bw_tx_gbps": 46.3470592}, {"ts_ns": 7539497310170377, "bw_tx_gbps": 45.19832071641791}, {"ts_ns": 7539497510316203, "bw_tx_gbps": 45.38236928}, {"ts_ns": 7539497710457798, "bw_tx_gbps": 46.59871744}, {"ts_ns": 7539497910600622, "bw_tx_gbps": 44.12407808}, {"ts_ns": 7539498110748555, "bw_tx_gbps": 43.66270464}, {"ts_ns": 7539498310887587, "bw_tx_gbps": 45.004881919999995}, {"ts_ns": 7539498511023268, "bw_tx_gbps": 44.8790528}, {"ts_ns": 7539498711160878, "bw_tx_gbps": 44.48883645771144}, {"ts_ns": 7539498911285417, "bw_tx_gbps": 45.46625535999999}, {"ts_ns": 7539499111454257, "bw_tx_gbps": 45.55014144}, {"ts_ns": 7539499311596459, "bw_tx_gbps": 45.717913599999996}, {"ts_ns": 7539499511721774, "bw_tx_gbps": 45.38236928}, {"ts_ns": 7539499711864425, "bw_tx_gbps": 43.91436288}, {"ts_ns": 7539499911996431, "bw_tx_gbps": 45.088768}, {"ts_ns": 7539500112083970, "bw_tx_gbps": 45.53219566169154}, {"ts_ns": 7539500312224768, "bw_tx_gbps": 45.67597056}, {"ts_ns": 7539500512359462, "bw_tx_gbps": 44.2499072}, {"ts_ns": 7539500712501998, "bw_tx_gbps": 46.17928703999999}, {"ts_ns": 7539500912644825, "bw_tx_gbps": 46.01151488}, {"ts_ns": 7539501112795839, "bw_tx_gbps": 44.166021119999996}, {"ts_ns": 7539501312920937, "bw_tx_gbps": 45.42431232}, {"ts_ns": 7539501513036016, "bw_tx_gbps": 46.03300807960199}, {"ts_ns": 7539501713152056, "bw_tx_gbps": 45.42431232}, {"ts_ns": 7539501913277072, "bw_tx_gbps": 46.09540096}, {"ts_ns": 7539502113414967, "bw_tx_gbps": 45.717913599999996}, {"ts_ns": 7539502313556612, "bw_tx_gbps": 45.38236928}, {"ts_ns": 7539502513693894, "bw_tx_gbps": 45.46625535999999}, {"ts_ns": 7539502713837393, "bw_tx_gbps": 43.91436288}, {"ts_ns": 7539502913975403, "bw_tx_gbps": 45.17265408}, {"ts_ns": 7539503114132652, "bw_tx_gbps": 40.190196537313426}, {"ts_ns": 7539503314288335, "bw_tx_gbps": 43.494932479999996}, {"ts_ns": 7539503514420425, "bw_tx_gbps": 46.01151488}, {"ts_ns": 7539503714547532, "bw_tx_gbps": 44.2499072}, {"ts_ns": 7539503914679248, "bw_tx_gbps": 45.42431232}, {"ts_ns": 7539504114774531, "bw_tx_gbps": 45.63402752}, {"ts_ns": 7539504314915088, "bw_tx_gbps": 46.30511616}, {"ts_ns": 7539504515034566, "bw_tx_gbps": 44.82271140298507}, {"ts_ns": 7539504715158884, "bw_tx_gbps": 44.08213504}, {"ts_ns": 7539504915276061, "bw_tx_gbps": 45.046824959999995}, {"ts_ns": 7539505115390601, "bw_tx_gbps": 45.63402752}, {"ts_ns": 7539505315533220, "bw_tx_gbps": 44.50156544}, {"ts_ns": 7539505515669817, "bw_tx_gbps": 46.30511616}, {"ts_ns": 7539505715815711, "bw_tx_gbps": 46.01151488}, {"ts_ns": 7539505915939458, "bw_tx_gbps": 44.291850239999995}, {"ts_ns": 7539506116041526, "bw_tx_gbps": 45.490461293532334}, {"ts_ns": 7539506316156309, "bw_tx_gbps": 44.333793279999995}, {"ts_ns": 7539506516276396, "bw_tx_gbps": 44.920995839999996}, {"ts_ns": 7539506716403400, "bw_tx_gbps": 45.96957183999999}, {"ts_ns": 7539506916539186, "bw_tx_gbps": 46.472888319999996}, {"ts_ns": 7539507116692028, "bw_tx_gbps": 43.99824896}, {"ts_ns": 7539507316818403, "bw_tx_gbps": 41.188065280000004}, {"ts_ns": 7539507517008588, "bw_tx_gbps": 42.907729919999994}, {"ts_ns": 7539507717153441, "bw_tx_gbps": 43.61241472636816}, {"ts_ns": 7539507917282550, "bw_tx_gbps": 47.01814784}, {"ts_ns": 7539508117437189, "bw_tx_gbps": 44.207964159999996}, {"ts_ns": 7539508317595205, "bw_tx_gbps": 41.355837439999995}, {"ts_ns": 7539508517770301, "bw_tx_gbps": 45.80179968}, {"ts_ns": 7539508717921119, "bw_tx_gbps": 44.333793279999995}, {"ts_ns": 7539508918063626, "bw_tx_gbps": 44.78097703482587}, {"ts_ns": 7539509118200207, "bw_tx_gbps": 43.95630592}, {"ts_ns": 7539509318436905, "bw_tx_gbps": 44.04019199999999}, {"ts_ns": 7539509518595552, "bw_tx_gbps": 46.09540096}, {"ts_ns": 7539509718752557, "bw_tx_gbps": 39.67811584}, {"ts_ns": 7539509918907554, "bw_tx_gbps": 44.4596224}, {"ts_ns": 7539510119054333, "bw_tx_gbps": 43.403742885572136}, {"ts_ns": 7539510319468614, "bw_tx_gbps": 43.07550208}, {"ts_ns": 7539510519625472, "bw_tx_gbps": 42.3624704}, {"ts_ns": 7539510719788033, "bw_tx_gbps": 46.640660479999994}, {"ts_ns": 7539510920079488, "bw_tx_gbps": 44.2499072}, {"ts_ns": 7539511120214039, "bw_tx_gbps": 44.321898985074625}, {"ts_ns": 7539511320348526, "bw_tx_gbps": 44.417679359999994}, {"ts_ns": 7539511520490762, "bw_tx_gbps": 44.920995839999996}, {"ts_ns": 7539511720611394, "bw_tx_gbps": 44.08213504}], "positive_samples": 76, "network_tx_gbps_avg": 44.6107502350144, "network_tx_gbps_peak": 47.01814784}


============================================================
Sub-test A: 1KB ops throughput
============================================================

[restart] env: {'SLAB_SLOT_SIZE': '4096', 'SLAB_TOTAL_BYTES': '4294967296', 'NR_ASYNC_REPL': '0'}

[restart] exit=0
══════════════════════════════════════════[0m

  ➤ 本端 Flask:   http://192.168.0.218:5000/
  ➤ Dashboard:    http://192.168.0.218:5000/
                  （前端只连本端 Flask；对端数据自动走 /api/peer/ 反向代理，无需配置 ?b= 参数）

  ➤ 健康检查:
      curl -s http://192.168.0.218:5000/api/demo3/cluster | python3 -m json.tool
      curl -s http://192.168.0.218:5000/api/peer/demo3/cluster | python3 -m json.tool

  ➤ 停止本端栈:
      bash scripts/demo_down.sh

  ➤ 日志:
      tail -f logs/dp_A.log
      tail -f logs/cp_A.stdout.log



[measured-ops] $ /home/wangshouxin/native-rdma-web/native_rdma/build-current/bin/nr_bench --uds=/tmp/native_rdma-dp.sock --op=put --threads=4 --val-size=1024 --duration=15 --require-peer=1 --batch=64
exit=0
[nr_bench] uds=/tmp/native_rdma-dp.sock op=put threads=4 duration=15s val_size=1024 keyspace=10000 prio=default require_peer=true batch=64

==== nr_bench result ====
  elapsed       : 15.00 s
  elapsed_ms    : 15001.03
  threads       : 4
  op            : put
  ops ok/fail   : 4023680 / 0
  ops degraded  : 0 (rejected)
  ops/s         : 268227
  req_bytes     : 4180407493 (278.67 MB/s)
  resp_bytes    : 12259734 (0.82 MB/s)
  latency us    : avg=14.74  p50=14.81  p90=15.62  p99=19.07  p99.9=82.82  max=437.57

