[restart] env: {'SLAB_SLOT_SIZE': '1048576', 'SLAB_TOTAL_BYTES': '4294967296', 'NR_ASYNC_REPL': '1'}
[restart] exit=0

[write]

$ /home/wangshouxin/native-rdma-web/native_rdma/build-current/bin/nr_bench --uds=/tmp/native_rdma-dp.sock --op=put --threads=6 --val-size=1048576 --duration=5 --keyspace=512 --shared-keyspace=1 --require-peer=1 --batch=2
exit=0
[nr_bench] uds=/tmp/native_rdma-dp.sock op=put threads=6 duration=5s val_size=1048576 keyspace=512(shared) prio=default require_peer=true batch=2 max_iops=0

==== nr_bench result ====
  elapsed       : 5.03 s
  elapsed_ms    : 5030.13
  threads       : 6
  op            : put
  ops ok/fail   : 51558 / 0
  ops degraded  : 0 (rejected)
  ops/s         : 10250
  req_bytes     : 54063192112 (10747.88 MB/s)
  resp_bytes    : 4878141 (0.97 MB/s)
  latency us    : avg=510.74  p50=451.62  p90=696.21  p99=1083.40  p99.9=1975.10  max=16992.29



[drain] wait 8.0s for async RDMA completions before read phase


[read]

$ /home/wangshouxin/native-rdma-web/native_rdma/build-current/bin/nr_bench --uds=/tmp/native_rdma-dp.sock --op=get-raw --threads=12 --val-size=1048576 --duration=10 --keyspace=512 --shared-keyspace=1 --require-peer=1
exit=0
[nr_bench] uds=/tmp/native_rdma-dp.sock op=get-raw threads=12 duration=10s val_size=1048576 keyspace=512(shared) prio=default require_peer=true batch=1 max_iops=0

==== nr_bench result ====
  elapsed       : 10.00 s
  elapsed_ms    : 10001.34
  threads       : 12
  op            : get-raw
  ops ok/fail   : 206407 / 0
  ops degraded  : 0 (rejected)
  ops/s         : 20638
  req_bytes     : 1194053 (0.12 MB/s)
  resp_bytes    : 216434458467 (21640.55 MB/s)
  latency us    : avg=580.10  p50=558.46  p90=673.21  p99=992.57  p99.9=2245.65  max=36031.40



[restore]

[restart] env: {'SLAB_SLOT_SIZE': '4096', 'SLAB_TOTAL_BYTES': '4294967296', 'NR_ASYNC_REPL': '0'}
[restart] exit=0
