[restart] env: {'NR_ASYNC_REPL': '1', 'NR_LO_RATE_KOPS': '150'}

[restart] exit=0
  SELF=192.168.0.218  PEER=192.168.0.214  FLASK_PORT=5000
[36m[demo_up][0m SLAB_SLOT_SIZE=4096  SLAB_TOTAL_BYTES=4294967296
[36m[demo_up][0m NR_GDR_ENABLE=0  NR_CUDA_DEVICE=0  NR_GDR_BYTES=67108864
[36m[demo_up][0m 清理残留进程 / IPC
[36m[demo_up][0m 启动 native_rdma_dp (role=A)
[36m[demo_up][0m   DP pid=390020
[36m[demo_up][0m role=A 等 UDS 就绪（最多 15s，要求对端 B 已在 listen）
[32m[  OK  ][0m Data Plane (A) 握手完成 (uds=/tmp/native_rdma-dp.sock)
[32m[  OK  ][0m 跳过 Flask 重启 (NR_SKIP_FLASK=1)，保留现有控制面


[warmup] $ /home/wangshouxin/native-rdma-web/native_rdma/build-current/bin/nr_bench --uds=/tmp/native_rdma-dp.sock --op=put --prio=hi --threads=4 --val-size=1024 --duration=3 --keyspace=5000
exit=0
[nr_bench] uds=/tmp/native_rdma-dp.sock op=put threads=4 duration=3s val_size=1024 keyspace=5000 prio=hi require_peer=false batch=1

==== nr_bench result ====
  elapsed       : 3.00 s
  elapsed_ms    : 3000.28
  threads       : 4
  op            : put
  ops ok/fail   : 539252 / 0
  ops degraded  : 0
  ops/s         : 179734
  req_bytes     : 557465632 (185.80 MB/s)
  resp_bytes    : 186532870 (62.17 MB/s)
  latency us    : avg=21.79  p50=20.98  p90=23.58  p99=29.28  p99.9=38.48  max=27856.30


[measured-hi] $ /home/wangshouxin/native-rdma-web/native_rdma/build-current/bin/nr_bench --uds=/tmp/native_rdma-dp.sock --op=put --prio=hi --threads=4 --val-size=1024 --duration=10 --keyspace=5000 --require-peer=1
exit=0
[nr_bench] uds=/tmp/native_rdma-dp.sock op=put threads=4 duration=10s val_size=1024 keyspace=5000 prio=hi require_peer=true batch=1

==== nr_bench result ====
  elapsed       : 10.00 s
  elapsed_ms    : 10000.23
  threads       : 4
  op            : put
  ops ok/fail   : 1665375 / 0
  ops degraded  : 0 (rejected)
  ops/s         : 166534
  req_bytes     : 1721626382 (172.16 MB/s)
  resp_bytes    : 576105190 (57.61 MB/s)
  latency us    : avg=23.33  p50=21.96  p90=27.05  p99=34.47  p99.9=44.72  max=28774.31


[measured-lo] $ /home/wangshouxin/native-rdma-web/native_rdma/build-current/bin/nr_bench --uds=/tmp/native_rdma-dp.sock --op=put --prio=lo --threads=4 --val-size=1024 --duration=10 --keyspace=5000 --require-peer=1
exit=0
[nr_bench] uds=/tmp/native_rdma-dp.sock op=put threads=4 duration=10s val_size=1024 keyspace=5000 prio=lo require_peer=true batch=1

==== nr_bench result ====
  elapsed       : 10.00 s
  elapsed_ms    : 10000.28
  threads       : 4
  op            : put
  ops ok/fail   : 1212454 / 0
  ops degraded  : 0 (rejected)
  ops/s         : 121242
  req_bytes     : 1253407108 (125.34 MB/s)
  resp_bytes    : 420196431 (42.02 MB/s)
  latency us    : avg=32.35  p50=22.10  p90=75.40  p99=136.45  p99.9=245.98  max=27365.12



[restore functional data-plane defaults]

[restart] env: {'SLAB_SLOT_SIZE': '4096', 'SLAB_TOTAL_BYTES': '4294967296', 'NR_ASYNC_REPL': '0', 'NR_LO_RATE_KOPS': None, 'NR_QOS_HI_WINDOW_US': None, 'NR_QOS_LO_BURST_MS': None}

[restart] exit=0
  SELF=192.168.0.218  PEER=192.168.0.214  FLASK_PORT=5000
[36m[demo_up][0m SLAB_SLOT_SIZE=4096  SLAB_TOTAL_BYTES=4294967296
[36m[demo_up][0m NR_GDR_ENABLE=0  NR_CUDA_DEVICE=0  NR_GDR_BYTES=67108864
[36m[demo_up][0m 清理残留进程 / IPC
[36m[demo_up][0m 启动 native_rdma_dp (role=A)
[36m[demo_up][0m   DP pid=390895
[36m[demo_up][0m role=A 等 UDS 就绪（最多 15s，要求对端 B 已在 listen）
[32m[  OK  ][0m Data Plane (A) 握手完成 (uds=/tmp/native_rdma-dp.sock)
[32m[  OK  ][0m 跳过 Flask 重启 (NR_SKIP_FLASK=1)，保留现有控制面

