[attempt 1/3]
$ /home/wangshouxin/native-rdma-web/native_rdma/build-current/bin/nr_mempool_bench --threads=8
exit=0
{
  "metric":            "perf_09_mempool",
  "threads_multi":     8,
  "malloc_ops_1t":     14103802,
  "slab_ops_1t":       45381182,
  "overhead_pct":      0.00,
  "malloc_ops_Nt":     23106518,
  "slab_ops_Nt":       18453869,
  "scale_gain_pct":    -20.14,
  "malloc_rss_kb":     5172,
  "malloc_live_rss_kb": 303504,
  "slab_live_rss_kb":  268696,
  "live_objects":      262144,
  "live_requested_kb": 262144,
  "baseline_metadata_bytes": 128,
  "throughput_metadata_bytes": 16,
  "malloc_usable_kb":  296960,
  "slab_usable_kb":    263168,
  "savings_pct":       11.47,
  "thresholds": { "overhead_pct": 5.0, "savings_pct": 7.0, "scale_gain_pct": 20.0 },
  "passed_overhead":   true,
  "passed_savings":    true,
  "passed_scale":      false,
  "passed":            false
}


[attempt 2/3]
$ /home/wangshouxin/native-rdma-web/native_rdma/build-current/bin/nr_mempool_bench --threads=8
exit=0
{
  "metric":            "perf_09_mempool",
  "threads_multi":     8,
  "malloc_ops_1t":     15311109,
  "slab_ops_1t":       45727529,
  "overhead_pct":      0.00,
  "malloc_ops_Nt":     14447090,
  "slab_ops_Nt":       19257380,
  "scale_gain_pct":    33.30,
  "malloc_rss_kb":     5180,
  "malloc_live_rss_kb": 303492,
  "slab_live_rss_kb":  268684,
  "live_objects":      262144,
  "live_requested_kb": 262144,
  "baseline_metadata_bytes": 128,
  "throughput_metadata_bytes": 16,
  "malloc_usable_kb":  296960,
  "slab_usable_kb":    263168,
  "savings_pct":       11.47,
  "thresholds": { "overhead_pct": 5.0, "savings_pct": 7.0, "scale_gain_pct": 20.0 },
  "passed_overhead":   true,
  "passed_savings":    true,
  "passed_scale":      true,
  "passed":            true
}

