[09:53:27] start storage/FN-2 多层感知、冷热分离与调度
[09:53:27] repo_root=/home/wangshouxin/native-rdma-web
[09:53:27] uds=/tmp/native_rdma-dp.sock ctrl_url=http://127.0.0.1:5000
[09:53:27] rpc RPC_ADMIN_FLUSH body_len=0
[09:53:27] rpc RPC_ADMIN_FLUSH resp_len=27 resp={"ok":true,"freed_slabs":0}
[09:53:27] rpc RPC_KV_PUT body_len=66
[09:53:27] rpc RPC_KV_PUT resp_len=374 resp={"ok":true,"key":"fn_storage_tier_manual_1779846807875_3425956","tenant_id":0,"size":21,"offset":6287360,"repl_ns":36360,"degraded":false,"transport":"rdma","async_repl":false,"tcp_data_ready":true,"qos":{"priority":"hi","qp_idx":2,"hi_qp_start":0,"hi_qp_count":16,"lo_qp_start":16,"lo_qp_count":13},"route":{"primary":"192.168.0.214","replica":"","local_is_primary":false}}
[09:53:27] rpc RPC_TIER_DEMOTE body_len=49
[09:53:27] rpc RPC_TIER_DEMOTE resp_len=76 resp={"ok":true,"key":"fn_storage_tier_manual_1779846807875_3425956","to":"nvme"}
[09:53:27] rpc RPC_KV_GET body_len=44
[09:53:27] rpc RPC_KV_GET resp_len=72 resp={"ok":true,"hit":"nvme_promote","size":21,"val":"tiering_probe_payload"}
[09:53:27] rpc RPC_KV_PUT body_len=68
[09:53:27] rpc RPC_KV_PUT resp_len=372 resp={"ok":true,"key":"fn_storage_tier_cold_1779846807876_3425956","tenant_id":0,"size":25,"offset":8384512,"repl_ns":19916,"degraded":false,"transport":"rdma","async_repl":false,"tcp_data_ready":true,"qos":{"priority":"hi","qp_idx":3,"hi_qp_start":0,"hi_qp_count":16,"lo_qp_start":16,"lo_qp_count":13},"route":{"primary":"192.168.0.214","replica":"","local_is_primary":false}}
[09:53:27] rpc RPC_KV_PUT body_len=66
[09:53:27] rpc RPC_KV_PUT resp_len=370 resp={"ok":true,"key":"fn_storage_tier_hot_1779846807876_3425956","tenant_id":0,"size":24,"offset":9433088,"repl_ns":17341,"degraded":false,"transport":"rdma","async_repl":false,"tcp_data_ready":true,"qos":{"priority":"hi","qp_idx":4,"hi_qp_start":0,"hi_qp_count":16,"lo_qp_start":16,"lo_qp_count":13},"route":{"primary":"192.168.0.218","replica":"","local_is_primary":true}}
[09:53:27] rpc RPC_KV_GET body_len=41
[09:53:27] rpc RPC_KV_GET resp_len=68 resp={"ok":true,"hit":"local","size":24,"val":"auto-hot-tiering-payload"}
[09:53:27] rpc RPC_TIER_STATS body_len=0
[09:53:27] rpc RPC_TIER_STATS resp_len=314 resp={"ok":true,"dram":3,"nvme":0,"hdd":0,"demoted_d_n":1,"demoted_n_h":0,"events":[{"ts_ns":9476862065823284,"key":"fn_storage_tier_manual_1779846807875_3425956","from":"nvme","to":"dram","bytes":21},{"ts_ns":9476862065711786,"key":"fn_storage_tier_manual_1779846807875_3425956","from":"dram","to":"nvme","bytes":21}]}
[09:53:28] rpc RPC_KV_GET body_len=41
[09:53:28] rpc RPC_KV_GET resp_len=68 resp={"ok":true,"hit":"local","size":24,"val":"auto-hot-tiering-payload"}
[09:53:28] rpc RPC_TIER_STATS body_len=0
[09:53:28] rpc RPC_TIER_STATS resp_len=314 resp={"ok":true,"dram":3,"nvme":0,"hdd":0,"demoted_d_n":1,"demoted_n_h":0,"events":[{"ts_ns":9476862065823284,"key":"fn_storage_tier_manual_1779846807875_3425956","from":"nvme","to":"dram","bytes":21},{"ts_ns":9476862065711786,"key":"fn_storage_tier_manual_1779846807875_3425956","from":"dram","to":"nvme","bytes":21}]}
[09:53:29] rpc RPC_KV_GET body_len=41
[09:53:29] rpc RPC_KV_GET resp_len=68 resp={"ok":true,"hit":"local","size":24,"val":"auto-hot-tiering-payload"}
[09:53:29] rpc RPC_TIER_STATS body_len=0
[09:53:29] rpc RPC_TIER_STATS resp_len=314 resp={"ok":true,"dram":3,"nvme":0,"hdd":0,"demoted_d_n":1,"demoted_n_h":0,"events":[{"ts_ns":9476862065823284,"key":"fn_storage_tier_manual_1779846807875_3425956","from":"nvme","to":"dram","bytes":21},{"ts_ns":9476862065711786,"key":"fn_storage_tier_manual_1779846807875_3425956","from":"dram","to":"nvme","bytes":21}]}
[09:53:30] rpc RPC_KV_GET body_len=41
[09:53:30] rpc RPC_KV_GET resp_len=68 resp={"ok":true,"hit":"local","size":24,"val":"auto-hot-tiering-payload"}
[09:53:30] rpc RPC_TIER_STATS body_len=0
[09:53:30] rpc RPC_TIER_STATS resp_len=314 resp={"ok":true,"dram":3,"nvme":0,"hdd":0,"demoted_d_n":1,"demoted_n_h":0,"events":[{"ts_ns":9476862065823284,"key":"fn_storage_tier_manual_1779846807875_3425956","from":"nvme","to":"dram","bytes":21},{"ts_ns":9476862065711786,"key":"fn_storage_tier_manual_1779846807875_3425956","from":"dram","to":"nvme","bytes":21}]}
[09:53:31] rpc RPC_KV_GET body_len=41
[09:53:31] rpc RPC_KV_GET resp_len=68 resp={"ok":true,"hit":"local","size":24,"val":"auto-hot-tiering-payload"}
[09:53:31] rpc RPC_TIER_STATS body_len=0
[09:53:31] rpc RPC_TIER_STATS resp_len=429 resp={"ok":true,"dram":2,"nvme":1,"hdd":0,"demoted_d_n":2,"demoted_n_h":0,"events":[{"ts_ns":9476865385245710,"key":"fn_storage_tier_cold_1779846807876_3425956","from":"dram","to":"nvme","bytes":25},{"ts_ns":9476862065823284,"key":"fn_storage_tier_manual_1779846807875_3425956","from":"nvme","to":"dram","bytes":21},{"ts_ns":9476862065711786,"key":"fn_storage_tier_manual_1779846807875_3425956","from":"dram","to":"nvme","bytes":21}]}
[09:53:31] rpc RPC_TIER_STATS body_len=0
[09:53:31] rpc RPC_TIER_STATS resp_len=429 resp={"ok":true,"dram":2,"nvme":1,"hdd":0,"demoted_d_n":2,"demoted_n_h":0,"events":[{"ts_ns":9476865385245710,"key":"fn_storage_tier_cold_1779846807876_3425956","from":"dram","to":"nvme","bytes":25},{"ts_ns":9476862065823284,"key":"fn_storage_tier_manual_1779846807875_3425956","from":"nvme","to":"dram","bytes":21},{"ts_ns":9476862065711786,"key":"fn_storage_tier_manual_1779846807875_3425956","from":"dram","to":"nvme","bytes":21}]}
[09:53:31] rpc RPC_KV_GET body_len=42
[09:53:31] rpc RPC_KV_GET resp_len=76 resp={"ok":true,"hit":"nvme_promote","size":25,"val":"auto-cold-tiering-payload"}
[09:53:31] rpc RPC_KV_GET body_len=41
[09:53:31] rpc RPC_KV_GET resp_len=68 resp={"ok":true,"hit":"local","size":24,"val":"auto-hot-tiering-payload"}
[09:53:31] result=PASS completion=完成
