[restart] env: {'SLAB_SLOT_SIZE': '4096', 'SLAB_TOTAL_BYTES': '4294967296', 'NR_ASYNC_REPL': '1', 'NR_TRANSPORT': 'rdma', 'NR_GDR_ENABLE': '0', 'NR_SKIP_FLASK': '1'}
[restart] exit=0
已清理
[start] stop old peer stack
[demo_down] 精确匹配 native_rdma_dp ...
[demo_down] 已清理
[start] start peer role B
[36m[demo_up][0m ROLE=B  SELF=192.168.0.214  PEER=192.168.0.218  FLASK_PORT=5001
[36m[demo_up][0m SLAB_SLOT_SIZE=4096  SLAB_TOTAL_BYTES=4294967296
[36m[demo_up][0m NR_GDR_ENABLE=0  NR_CUDA_DEVICE=0  NR_GDR_BYTES=67108864
[36m[demo_up][0m 清理残留进程 / IPC
[36m[demo_up][0m 启动 native_rdma_dp (role=B)
[36m[demo_up][0m   DP pid=3043929
[36m[demo_up][0m role=B 是 OOB listener，等 TCP:18515 进入 LISTEN（最多 20s）
[32m[  OK  ][0m Data Plane (B) 已监听 TCP:18515，等待 A 端 connect 即可完成握手
[32m[  OK  ][0m 跳过 Flask 重启 (NR_SKIP_FLASK=1)，保留现有控制面
[start] start local role A
[36m[demo_up][0m ROLE=A  SELF=192.168.0.218  PEER=192.168.0.214  FLASK_PORT=5000
[36m[demo_up][0m SLAB_SLOT_SIZE=4096  SLAB_TOTAL_BYTES=4294967296
[36m[demo_up][0m NR_GDR_ENABLE=0  NR_CUDA_DEVICE=0  NR_GDR_BYTES=67108864
[36m[demo_up][0m 清理残留进程 / IPC
[36m[demo_up][0m 启动 native_rdma_dp (role=A)
[36m[demo_up][0m   DP pid=3578806
[36m[demo_up][0m role=A 等 UDS 就绪（最多 15s，要求对端 B 已在 listen）
[32m[  OK  ][0m Data Plane (A) 握手完成 (uds=/tmp/native_rdma-dp.sock)
[32m[  OK  ][0m 跳过 Flask 重启 (NR_SKIP_FLASK=1)，保留现有控制面


[cluster-ready] {"ok": true, "self": "A", "peer_alive": true, "local_slab_base": 140167238725632, "local_slab_len": 4294967296, "local_slab_lkey": 96256, "local_slab_rkey": 96256, "peer_slab_base": 139863904964608, "peer_slab_len": 4294967296, "peer_slab_rkey": 71936, "peer_num_qp": 32, "local_gpu_enabled": false, "local_gpu_len": 0, "local_gpu_lkey": 0, "local_gpu_rkey": 0, "peer_gpu_enabled": false, "peer_gpu_base": 0, "peer_gpu_len": 0, "peer_gpu_rkey": 0, "degraded_puts": 0, "degraded_bytes": 0, "transport": "rdma", "async_repl": true, "tcp_data_ready": true, "tcp_data_port": 18516, "tcp_puts_received": 0, "tcp_gets_received": 0}

[scenario-A-1] $ /home/wangshouxin/native-rdma-web/native_rdma/build-current/bin/nr_bench --uds=/tmp/native_rdma-dp.sock --op=put --batch=100 --count=1000 --val-size=1024 --keyspace=1000 --require-peer=1
exit=0
[nr_bench] uds=/tmp/native_rdma-dp.sock op=put threads=8 duration=10s val_size=1024 keyspace=1000 prio=default require_peer=true batch=100 max_iops=0

==== nr_bench result ====
  elapsed       : 0.12 s
  elapsed_ms    : 124.45
  threads       : 8
  op            : put
  ops ok/fail   : 100000 / 0
  ops degraded  : 0 (rejected)
  ops/s         : 803568
  req_bytes     : 103793000 (834.05 MB/s)
  resp_bytes    : 196000 (1.57 MB/s)
  latency us    : avg=0.00  p50=0.00  p90=0.00  p99=0.00  p99.9=0.00  max=0.00


[scenario-A-2] $ /home/wangshouxin/native-rdma-web/native_rdma/build-current/bin/nr_bench --uds=/tmp/native_rdma-dp.sock --op=put --batch=100 --count=1000 --val-size=1024 --keyspace=1000 --require-peer=1
exit=0
[nr_bench] uds=/tmp/native_rdma-dp.sock op=put threads=8 duration=10s val_size=1024 keyspace=1000 prio=default require_peer=true batch=100 max_iops=0

==== nr_bench result ====
  elapsed       : 0.21 s
  elapsed_ms    : 212.47
  threads       : 8
  op            : put
  ops ok/fail   : 100000 / 0
  ops degraded  : 0 (rejected)
  ops/s         : 470655
  req_bytes     : 103793000 (488.51 MB/s)
  resp_bytes    : 196184 (0.92 MB/s)
  latency us    : avg=0.00  p50=0.00  p90=0.00  p99=0.00  p99.9=0.00  max=0.00


[scenario-A-3] $ /home/wangshouxin/native-rdma-web/native_rdma/build-current/bin/nr_bench --uds=/tmp/native_rdma-dp.sock --op=put --batch=100 --count=1000 --val-size=1024 --keyspace=1000 --require-peer=1
exit=0
[nr_bench] uds=/tmp/native_rdma-dp.sock op=put threads=8 duration=10s val_size=1024 keyspace=1000 prio=default require_peer=true batch=100 max_iops=0

==== nr_bench result ====
  elapsed       : 0.13 s
  elapsed_ms    : 131.42
  threads       : 8
  op            : put
  ops ok/fail   : 100000 / 0
  ops degraded  : 0 (rejected)
  ops/s         : 760918
  req_bytes     : 103793000 (789.78 MB/s)
  resp_bytes    : 196001 (1.49 MB/s)
  latency us    : avg=0.00  p50=0.00  p90=0.00  p99=0.00  p99.9=0.00  max=0.00


[scenario-B-1] $ /home/wangshouxin/native-rdma-web/native_rdma/build-current/bin/nr_bench --uds=/tmp/native_rdma-dp.sock --op=put --batch=1000 --count=100 --val-size=1024 --keyspace=1000 --require-peer=1
exit=0
[nr_bench] uds=/tmp/native_rdma-dp.sock op=put threads=8 duration=10s val_size=1024 keyspace=1000 prio=default require_peer=true batch=1000 max_iops=0

==== nr_bench result ====
  elapsed       : 0.12 s
  elapsed_ms    : 122.40
  threads       : 8
  op            : put
  ops ok/fail   : 100000 / 0
  ops degraded  : 0 (rejected)
  ops/s         : 816962
  req_bytes     : 103789400 (847.92 MB/s)
  resp_bytes    : 20000 (0.16 MB/s)
  latency us    : avg=0.00  p50=0.00  p90=0.00  p99=0.00  p99.9=0.00  max=0.00


[scenario-B-2] $ /home/wangshouxin/native-rdma-web/native_rdma/build-current/bin/nr_bench --uds=/tmp/native_rdma-dp.sock --op=put --batch=1000 --count=100 --val-size=1024 --keyspace=1000 --require-peer=1
exit=0
[nr_bench] uds=/tmp/native_rdma-dp.sock op=put threads=8 duration=10s val_size=1024 keyspace=1000 prio=default require_peer=true batch=1000 max_iops=0

==== nr_bench result ====
  elapsed       : 0.16 s
  elapsed_ms    : 157.77
  threads       : 8
  op            : put
  ops ok/fail   : 100000 / 0
  ops degraded  : 0 (rejected)
  ops/s         : 633850
  req_bytes     : 103789400 (657.87 MB/s)
  resp_bytes    : 20000 (0.13 MB/s)
  latency us    : avg=0.00  p50=0.00  p90=0.00  p99=0.00  p99.9=0.00  max=0.00


[scenario-B-3] $ /home/wangshouxin/native-rdma-web/native_rdma/build-current/bin/nr_bench --uds=/tmp/native_rdma-dp.sock --op=put --batch=1000 --count=100 --val-size=1024 --keyspace=1000 --require-peer=1
exit=0
[nr_bench] uds=/tmp/native_rdma-dp.sock op=put threads=8 duration=10s val_size=1024 keyspace=1000 prio=default require_peer=true batch=1000 max_iops=0

==== nr_bench result ====
  elapsed       : 0.09 s
  elapsed_ms    : 92.23
  threads       : 8
  op            : put
  ops ok/fail   : 100000 / 0
  ops degraded  : 0 (rejected)
  ops/s         : 1084273
  req_bytes     : 103789400 (1125.36 MB/s)
  resp_bytes    : 20000 (0.22 MB/s)
  latency us    : avg=0.00  p50=0.00  p90=0.00  p99=0.00  p99.9=0.00  max=0.00



[restore functional data-plane defaults]

[restart] env: {'SLAB_SLOT_SIZE': '4096', 'SLAB_TOTAL_BYTES': '4294967296', 'NR_ASYNC_REPL': '0', 'NR_TRANSPORT': 'rdma', 'NR_GDR_ENABLE': '0', 'NR_SKIP_FLASK': '1'}
[restart] exit=0
已清理
[start] stop old peer stack
[demo_down] 精确匹配 native_rdma_dp ...
[demo_down] 已清理
[start] start peer role B
[36m[demo_up][0m ROLE=B  SELF=192.168.0.214  PEER=192.168.0.218  FLASK_PORT=5001
[36m[demo_up][0m SLAB_SLOT_SIZE=4096  SLAB_TOTAL_BYTES=4294967296
[36m[demo_up][0m NR_GDR_ENABLE=0  NR_CUDA_DEVICE=0  NR_GDR_BYTES=67108864
[36m[demo_up][0m 清理残留进程 / IPC
[36m[demo_up][0m 启动 native_rdma_dp (role=B)
[36m[demo_up][0m   DP pid=3044432
[36m[demo_up][0m role=B 是 OOB listener，等 TCP:18515 进入 LISTEN（最多 20s）
[32m[  OK  ][0m Data Plane (B) 已监听 TCP:18515，等待 A 端 connect 即可完成握手
[32m[  OK  ][0m 跳过 Flask 重启 (NR_SKIP_FLASK=1)，保留现有控制面
[start] start local role A
[36m[demo_up][0m ROLE=A  SELF=192.168.0.218  PEER=192.168.0.214  FLASK_PORT=5000
[36m[demo_up][0m SLAB_SLOT_SIZE=4096  SLAB_TOTAL_BYTES=4294967296
[36m[demo_up][0m NR_GDR_ENABLE=0  NR_CUDA_DEVICE=0  NR_GDR_BYTES=67108864
[36m[demo_up][0m 清理残留进程 / IPC
[36m[demo_up][0m 启动 native_rdma_dp (role=A)
[36m[demo_up][0m   DP pid=3579239
[36m[demo_up][0m role=A 等 UDS 就绪（最多 15s，要求对端 B 已在 listen）
[32m[  OK  ][0m Data Plane (A) 握手完成 (uds=/tmp/native_rdma-dp.sock)
[32m[  OK  ][0m 跳过 Flask 重启 (NR_SKIP_FLASK=1)，保留现有控制面

