[23:42:41] start storage/FN-1 仿真引擎异构存储统一访问接口
[23:42:41] repo_root=/home/wangshouxin/native-rdma-web
[23:42:41] uds=/tmp/native_rdma-dp.sock ctrl_url=http://127.0.0.1:5000
[23:42:41] rpc RPC_TIER_STATS body_len=0
[23:42:41] rpc RPC_TIER_STATS resp_len=771 resp={"ok":true,"dram":0,"nvme":2,"hdd":0,"demoted_d_n":4,"demoted_n_h":0,"events":[{"ts_ns":7539407669022797,"key":"fn_storage_iface_nvme_1777909348052_2395786","from":"dram","to":"nvme","bytes":20},{"ts_ns":7539407669009622,"key":"fn_storage_iface_hdd_1777909348052_2395786","from":"dram","to":"nvme","bytes":19},{"ts_ns":7539402242604586,"key":"fn_storage_iface_hdd_1777909348052_2395786","from":"hdd","to":"dram","bytes":19},{"ts_ns":7539402242416204,"key":"fn_storage_iface_hdd_1777909348052_2395786"
[23:42:41] rpc RPC_KV_PUT body_len=64
[23:42:41] rpc RPC_KV_PUT resp_len=385 resp={"ok":true,"key":"fn_storage_iface_nvme_1777909361853_2396049","tenant_id":0,"size":20,"offset":6287360,"repl_ns":29395,"degraded":false,"transport":"rdma","async_repl":false,"tcp_data_ready":true,"qos":{"priority":"hi","qp_idx":2,"hi_qp_start":0,"hi_qp_count":16,"lo_qp_start":16,"lo_qp_count":13},"route":{"primary":"192.168.0.218","replica":"192.168.0.214","local_is_primary":true}}
[23:42:41] rpc RPC_TIER_DEMOTE body_len=48
[23:42:41] rpc RPC_TIER_DEMOTE resp_len=75 resp={"ok":true,"key":"fn_storage_iface_nvme_1777909361853_2396049","to":"nvme"}
[23:42:41] rpc RPC_TIER_STATS body_len=0
[23:42:41] rpc RPC_TIER_STATS resp_len=887 resp={"ok":true,"dram":0,"nvme":3,"hdd":0,"demoted_d_n":5,"demoted_n_h":0,"events":[{"ts_ns":7539416042894988,"key":"fn_storage_iface_nvme_1777909361853_2396049","from":"dram","to":"nvme","bytes":20},{"ts_ns":7539407669022797,"key":"fn_storage_iface_nvme_1777909348052_2395786","from":"dram","to":"nvme","bytes":20},{"ts_ns":7539407669009622,"key":"fn_storage_iface_hdd_1777909348052_2395786","from":"dram","to":"nvme","bytes":19},{"ts_ns":7539402242604586,"key":"fn_storage_iface_hdd_1777909348052_239578
[23:42:41] rpc RPC_KV_GET body_len=43
[23:42:41] rpc RPC_KV_GET resp_len=71 resp={"ok":true,"hit":"nvme_promote","size":20,"val":"nvme-interface-probe"}
[23:42:41] rpc RPC_KV_PUT body_len=62
[23:42:41] rpc RPC_KV_PUT resp_len=371 resp={"ok":true,"key":"fn_storage_iface_hdd_1777909361853_2396049","tenant_id":0,"size":19,"offset":8384512,"repl_ns":18383,"degraded":false,"transport":"rdma","async_repl":false,"tcp_data_ready":true,"qos":{"priority":"hi","qp_idx":3,"hi_qp_start":0,"hi_qp_count":16,"lo_qp_start":16,"lo_qp_count":13},"route":{"primary":"192.168.0.218","replica":"","local_is_primary":true}}
[23:42:41] rpc RPC_TIER_DEMOTE body_len=46
[23:42:41] rpc RPC_TIER_DEMOTE resp_len=73 resp={"ok":true,"key":"fn_storage_iface_hdd_1777909361853_2396049","to":"hdd"}
[23:42:41] rpc RPC_TIER_STATS body_len=0
[23:42:41] rpc RPC_TIER_STATS resp_len=1117 resp={"ok":true,"dram":1,"nvme":2,"hdd":1,"demoted_d_n":6,"demoted_n_h":0,"events":[{"ts_ns":7539416043299130,"key":"fn_storage_iface_hdd_1777909361853_2396049","from":"dram","to":"hdd","bytes":19},{"ts_ns":7539416043093829,"key":"fn_storage_iface_nvme_1777909361853_2396049","from":"nvme","to":"dram","bytes":20},{"ts_ns":7539416042894988,"key":"fn_storage_iface_nvme_1777909361853_2396049","from":"dram","to":"nvme","bytes":20},{"ts_ns":7539407669022797,"key":"fn_storage_iface_nvme_1777909348052_239578
[23:42:41] rpc RPC_KV_GET body_len=42
[23:42:41] rpc RPC_KV_GET resp_len=69 resp={"ok":true,"hit":"hdd_promote","size":19,"val":"hdd-interface-probe"}
[23:42:41] result=PASS completion=完成
