============================================================
Sub-test B: large-object bandwidth utilization
============================================================

[restart] env: {'SLAB_SLOT_SIZE': '1048576', 'SLAB_TOTAL_BYTES': '4294967296', 'NR_ASYNC_REPL': '1'}

[restart] exit=0
LF=192.168.0.218  PEER=192.168.0.214  FLASK_PORT=5000
[36m[demo_up][0m SLAB_SLOT_SIZE=1048576  SLAB_TOTAL_BYTES=4294967296
[36m[demo_up][0m NR_GDR_ENABLE=0  NR_CUDA_DEVICE=0  NR_GDR_BYTES=67108864
[36m[demo_up][0m 清理残留进程 / IPC
[36m[demo_up][0m 启动 native_rdma_dp (role=A)
[36m[demo_up][0m   DP pid=4182761
[36m[demo_up][0m role=A 等 UDS 就绪（最多 15s，要求对端 B 已在 listen）
[32m[  OK  ][0m Data Plane (A) 握手完成 (uds=/tmp/native_rdma-dp.sock)
[32m[  OK  ][0m 跳过 Flask 重启 (NR_SKIP_FLASK=1)，保留现有控制面


[warmup-bw] $ /home/wangshouxin/native-rdma-web/native_rdma/build-current/bin/nr_bench --uds=/tmp/native_rdma-dp.sock --op=put --threads=4 --val-size=1048576 --duration=5 --keyspace=512 --shared-keyspace=1 --batch=1
exit=0
[nr_bench] uds=/tmp/native_rdma-dp.sock op=put threads=4 duration=5s val_size=1048576 keyspace=512(shared) prio=default require_peer=false batch=1 max_iops=0

==== nr_bench result ====
  elapsed       : 5.00 s
  elapsed_ms    : 5001.00
  threads       : 4
  op            : put
  ops ok/fail   : 32904 / 0
  ops degraded  : 5821
  ops/s         : 6579
  req_bytes     : 34502567912 (6899.14 MB/s)
  resp_bytes    : 11384685 (2.28 MB/s)
  latency us    : avg=543.51  p50=488.22  p90=682.60  p99=966.69  p99.9=2676.81  max=34638.98


[measured-bw threads=2] $ /home/wangshouxin/native-rdma-web/native_rdma/build-current/bin/nr_bench --uds=/tmp/native_rdma-dp.sock --op=put --threads=2 --val-size=1048576 --duration=15 --keyspace=512 --shared-keyspace=1 --require-peer=1 --batch=1
exit=0
[nr_bench] uds=/tmp/native_rdma-dp.sock op=put threads=2 duration=15s val_size=1048576 keyspace=512(shared) prio=default require_peer=true batch=1 max_iops=0

==== nr_bench result ====
  elapsed       : 15.00 s
  elapsed_ms    : 15000.75
  threads       : 2
  op            : put
  ops ok/fail   : 57008 / 0
  ops degraded  : 0 (rejected)
  ops/s         : 3800
  req_bytes     : 59777607375 (3984.97 MB/s)
  resp_bytes    : 19745995 (1.32 MB/s)
  latency us    : avg=473.85  p50=438.44  p90=539.15  p99=997.45  p99.9=2430.78  max=32088.97

network_samples={"samples": [{"ts_ns": 9506181125433901, "bw_tx_gbps": 52.72240128}, {"ts_ns": 9506181325561265, "bw_tx_gbps": 39.929774079999994}, {"ts_ns": 9506181525703739, "bw_tx_gbps": 29.150412799999998}, {"ts_ns": 9506181725838737, "bw_tx_gbps": 31.121735679999997}, {"ts_ns": 9506181925979913, "bw_tx_gbps": 33.38665984}, {"ts_ns": 9506182126115886, "bw_tx_gbps": 30.21568254726368}, {"ts_ns": 9506182326378045, "bw_tx_gbps": 32.17031168}, {"ts_ns": 9506182526565958, "bw_tx_gbps": 29.360127999999996}, {"ts_ns": 9506182726643497, "bw_tx_gbps": 32.46391296}, {"ts_ns": 9506182926788925, "bw_tx_gbps": 32.42196992}, {"ts_ns": 9506183126909319, "bw_tx_gbps": 32.380026879999996}, {"ts_ns": 9506183327010377, "bw_tx_gbps": 34.89660928}, {"ts_ns": 9506183527172320, "bw_tx_gbps": 34.6395255721393}, {"ts_ns": 9506183727330254, "bw_tx_gbps": 33.218887679999995}, {"ts_ns": 9506183927444059, "bw_tx_gbps": 30.786191359999997}, {"ts_ns": 9506184127599565, "bw_tx_gbps": 32.58974208}, {"ts_ns": 9506184327762628, "bw_tx_gbps": 33.554432}, {"ts_ns": 9506184527898617, "bw_tx_gbps": 33.806090239999996}, {"ts_ns": 9506184728077232, "bw_tx_gbps": 32.67801026865671}, {"ts_ns": 9506184928252761, "bw_tx_gbps": 32.338083839999996}, {"ts_ns": 9506185128409148, "bw_tx_gbps": 31.037849599999998}, {"ts_ns": 9506185328585044, "bw_tx_gbps": 29.44401408}, {"ts_ns": 9506185528736622, "bw_tx_gbps": 30.91202048}, {"ts_ns": 9506185728851953, "bw_tx_gbps": 32.84140032}, {"ts_ns": 9506185928999033, "bw_tx_gbps": 33.135001599999995}, {"ts_ns": 9506186129103026, "bw_tx_gbps": 27.2525424079602}, {"ts_ns": 9506186329225500, "bw_tx_gbps": 31.20562176}, {"ts_ns": 9506186529358744, "bw_tx_gbps": 30.828134399999996}, {"ts_ns": 9506186729514375, "bw_tx_gbps": 32.00253952}, {"ts_ns": 9506186929644420, "bw_tx_gbps": 30.74424832}, {"ts_ns": 9506187129821799, "bw_tx_gbps": 32.79945728}, {"ts_ns": 9506187329963242, "bw_tx_gbps": 32.505855999999994}, {"ts_ns": 9506187530107576, "bw_tx_gbps": 32.051994746268655}, {"ts_ns": 9506187730239140, "bw_tx_gbps": 32.547799039999994}, {"ts_ns": 9506187930419425, "bw_tx_gbps": 31.62505216}, {"ts_ns": 9506188130574360, "bw_tx_gbps": 34.01580544}, {"ts_ns": 9506188330737409, "bw_tx_gbps": 32.42196992}, {"ts_ns": 9506188530920436, "bw_tx_gbps": 29.44401408}, {"ts_ns": 9506188731120847, "bw_tx_gbps": 31.300776119402983}, {"ts_ns": 9506188931224304, "bw_tx_gbps": 31.20562176}, {"ts_ns": 9506189131381854, "bw_tx_gbps": 33.00917248}, {"ts_ns": 9506189331552913, "bw_tx_gbps": 32.380026879999996}, {"ts_ns": 9506189531724668, "bw_tx_gbps": 30.660362239999998}, {"ts_ns": 9506189731842803, "bw_tx_gbps": 32.12836864}, {"ts_ns": 9506189931929149, "bw_tx_gbps": 31.121735679999997}, {"ts_ns": 9506190132087422, "bw_tx_gbps": 32.97015084577114}, {"ts_ns": 9506190332240437, "bw_tx_gbps": 30.324817919999997}, {"ts_ns": 9506190532359786, "bw_tx_gbps": 32.12836864}, {"ts_ns": 9506190732520870, "bw_tx_gbps": 32.00253952}, {"ts_ns": 9506190932788235, "bw_tx_gbps": 30.24093184}, {"ts_ns": 9506191132911581, "bw_tx_gbps": 32.75751424}, {"ts_ns": 9506191333069876, "bw_tx_gbps": 29.756604497512434}, {"ts_ns": 9506191533206423, "bw_tx_gbps": 32.79945728}, {"ts_ns": 9506191733338821, "bw_tx_gbps": 33.59637504}, {"ts_ns": 9506191933474152, "bw_tx_gbps": 32.75751424}, {"ts_ns": 9506192133638469, "bw_tx_gbps": 34.05774848}, {"ts_ns": 9506192333812396, "bw_tx_gbps": 35.357982719999995}, {"ts_ns": 9506192533933930, "bw_tx_gbps": 34.93855232}, {"ts_ns": 9506192734054720, "bw_tx_gbps": 32.55280716417911}, {"ts_ns": 9506192934194105, "bw_tx_gbps": 32.84140032}, {"ts_ns": 9506193134302994, "bw_tx_gbps": 33.68026112}, {"ts_ns": 9506193334431813, "bw_tx_gbps": 29.02458368}, {"ts_ns": 9506193534537819, "bw_tx_gbps": 31.079792639999997}, {"ts_ns": 9506193734691041, "bw_tx_gbps": 32.0864256}, {"ts_ns": 9506193934851348, "bw_tx_gbps": 34.47717888}, {"ts_ns": 9506194135014580, "bw_tx_gbps": 32.84140032}, {"ts_ns": 9506194335158027, "bw_tx_gbps": 32.26066658706468}, {"ts_ns": 9506194535308627, "bw_tx_gbps": 31.62505216}, {"ts_ns": 9506194735440167, "bw_tx_gbps": 31.121735679999997}, {"ts_ns": 9506194935589405, "bw_tx_gbps": 28.898754559999997}, {"ts_ns": 9506195135748877, "bw_tx_gbps": 29.653729279999997}, {"ts_ns": 9506195335851006, "bw_tx_gbps": 32.7155712}, {"ts_ns": 9506195535976268, "bw_tx_gbps": 29.192355839999998}, {"ts_ns": 9506195736112796, "bw_tx_gbps": 30.466088756218905}, {"ts_ns": 9506195936208007, "bw_tx_gbps": 31.28950784}, {"ts_ns": 9506196136403117, "bw_tx_gbps": 31.373393919999998}], "positive_samples": 76, "network_tx_gbps_avg": 32.2805425799005, "network_tx_gbps_peak": 52.72240128}

[measured-bw threads=3] $ /home/wangshouxin/native-rdma-web/native_rdma/build-current/bin/nr_bench --uds=/tmp/native_rdma-dp.sock --op=put --threads=3 --val-size=1048576 --duration=15 --keyspace=512 --shared-keyspace=1 --require-peer=1 --batch=1
exit=0
[nr_bench] uds=/tmp/native_rdma-dp.sock op=put threads=3 duration=15s val_size=1048576 keyspace=512(shared) prio=default require_peer=true batch=1 max_iops=0

==== nr_bench result ====
  elapsed       : 15.00 s
  elapsed_ms    : 15000.92
  threads       : 3
  op            : put
  ops ok/fail   : 81330 / 0
  ops degraded  : 0 (rejected)
  ops/s         : 5422
  req_bytes     : 85281237863 (5685.07 MB/s)
  resp_bytes    : 28168535 (1.88 MB/s)
  latency us    : avg=497.73  p50=453.54  p90=617.01  p99=1002.76  p99.9=2601.07  max=32540.12

network_samples={"samples": [{"ts_ns": 9506196136403117, "bw_tx_gbps": 31.373393919999998}, {"ts_ns": 9506196336533597, "bw_tx_gbps": 32.42196992}, {"ts_ns": 9506196536664245, "bw_tx_gbps": 46.17928703999999}, {"ts_ns": 9506196736804904, "bw_tx_gbps": 46.85037568}, {"ts_ns": 9506196936971599, "bw_tx_gbps": 46.640660479999994}, {"ts_ns": 9506197137110617, "bw_tx_gbps": 46.57555486567164}, {"ts_ns": 9506197337315328, "bw_tx_gbps": 44.4596224}, {"ts_ns": 9506197537501041, "bw_tx_gbps": 43.494932479999996}, {"ts_ns": 9506197737669136, "bw_tx_gbps": 42.152755199999994}, {"ts_ns": 9506197937802775, "bw_tx_gbps": 41.271951359999996}, {"ts_ns": 9506198137908674, "bw_tx_gbps": 42.53024256}, {"ts_ns": 9506198338021527, "bw_tx_gbps": 42.99161599999999}, {"ts_ns": 9506198538168626, "bw_tx_gbps": 44.53057082587064}, {"ts_ns": 9506198738319245, "bw_tx_gbps": 43.74659072}, {"ts_ns": 9506198938474864, "bw_tx_gbps": 43.66270464}, {"ts_ns": 9506199138665132, "bw_tx_gbps": 46.472888319999996}, {"ts_ns": 9506199338800596, "bw_tx_gbps": 44.96293888}, {"ts_ns": 9506199538946452, "bw_tx_gbps": 47.64729344}, {"ts_ns": 9506199739127736, "bw_tx_gbps": 44.86444577114428}, {"ts_ns": 9506199939287197, "bw_tx_gbps": 43.28521728}, {"ts_ns": 9506200139401610, "bw_tx_gbps": 46.682603519999994}, {"ts_ns": 9506200339553202, "bw_tx_gbps": 47.185919999999996}, {"ts_ns": 9506200539693219, "bw_tx_gbps": 47.85700864}, {"ts_ns": 9506200739831551, "bw_tx_gbps": 48.73781248}, {"ts_ns": 9506200940007114, "bw_tx_gbps": 46.89231871999999}, {"ts_ns": 9506201140176743, "bw_tx_gbps": 47.493710965174124}, {"ts_ns": 9506201340322322, "bw_tx_gbps": 47.353692159999994}, {"ts_ns": 9506201540454756, "bw_tx_gbps": 47.47952127999999}, {"ts_ns": 9506201740584476, "bw_tx_gbps": 44.04019199999999}, {"ts_ns": 9506201940728293, "bw_tx_gbps": 44.83710976}, {"ts_ns": 9506202140952933, "bw_tx_gbps": 47.43757824}, {"ts_ns": 9506202341098854, "bw_tx_gbps": 46.241679920398006}, {"ts_ns": 9506202541321915, "bw_tx_gbps": 43.578818559999995}, {"ts_ns": 9506202741454625, "bw_tx_gbps": 48.611983359999996}, {"ts_ns": 9506202941579850, "bw_tx_gbps": 46.430945279999996}, {"ts_ns": 9506203141711009, "bw_tx_gbps": 48.653926399999996}, {"ts_ns": 9506203341827049, "bw_tx_gbps": 45.96957183999999}, {"ts_ns": 9506203542004837, "bw_tx_gbps": 47.143976959999996}, {"ts_ns": 9506203742162702, "bw_tx_gbps": 46.53382049751243}, {"ts_ns": 9506203942350022, "bw_tx_gbps": 43.15938816}, {"ts_ns": 9506204142471535, "bw_tx_gbps": 44.71128064}, {"ts_ns": 9506204342601241, "bw_tx_gbps": 47.185919999999996}, {"ts_ns": 9506204542741076, "bw_tx_gbps": 47.64729344}, {"ts_ns": 9506204742906641, "bw_tx_gbps": 46.640660479999994}, {"ts_ns": 9506204943050530, "bw_tx_gbps": 41.90130563184079}, {"ts_ns": 9506205143182059, "bw_tx_gbps": 48.528097280000004}, {"ts_ns": 9506205343324863, "bw_tx_gbps": 47.01814784}, {"ts_ns": 9506205543504759, "bw_tx_gbps": 47.22786304}, {"ts_ns": 9506205743623024, "bw_tx_gbps": 44.08213504}, {"ts_ns": 9506205943738884, "bw_tx_gbps": 43.15938816}, {"ts_ns": 9506206143883306, "bw_tx_gbps": 43.78853376}, {"ts_ns": 9506206344043947, "bw_tx_gbps": 44.166021119999996}, {"ts_ns": 9506206544192190, "bw_tx_gbps": 40.899680796019894}, {"ts_ns": 9506206744325383, "bw_tx_gbps": 43.78853376}, {"ts_ns": 9506206944456075, "bw_tx_gbps": 44.6693376}, {"ts_ns": 9506207144603567, "bw_tx_gbps": 46.38900224}, {"ts_ns": 9506207344722734, "bw_tx_gbps": 46.22123008}, {"ts_ns": 9506207544854108, "bw_tx_gbps": 49.45084416}, {"ts_ns": 9506207745011351, "bw_tx_gbps": 45.80179968}, {"ts_ns": 9506207945115523, "bw_tx_gbps": 44.36363335323383}, {"ts_ns": 9506208145259303, "bw_tx_gbps": 41.3138944}, {"ts_ns": 9506208345406776, "bw_tx_gbps": 46.9762048}, {"ts_ns": 9506208545585402, "bw_tx_gbps": 44.920995839999996}, {"ts_ns": 9506208745744242, "bw_tx_gbps": 45.59208448}, {"ts_ns": 9506208945894004, "bw_tx_gbps": 49.74444543999999}, {"ts_ns": 9506209146041839, "bw_tx_gbps": 45.80179968}, {"ts_ns": 9506209346239174, "bw_tx_gbps": 45.323523820895524}, {"ts_ns": 9506209546469768, "bw_tx_gbps": 45.9276288}, {"ts_ns": 9506209746583842, "bw_tx_gbps": 48.821698559999994}, {"ts_ns": 9506209946736931, "bw_tx_gbps": 45.004881919999995}, {"ts_ns": 9506210146871255, "bw_tx_gbps": 42.65607168}, {"ts_ns": 9506210347016121, "bw_tx_gbps": 43.2013312}, {"ts_ns": 9506210547164608, "bw_tx_gbps": 43.028133572139296}, {"ts_ns": 9506210747372373, "bw_tx_gbps": 44.207964159999996}, {"ts_ns": 9506210947568871, "bw_tx_gbps": 46.430945279999996}, {"ts_ns": 9506211147709111, "bw_tx_gbps": 45.9276288}], "positive_samples": 76, "network_tx_gbps_avg": 45.144164882367114, "network_tx_gbps_peak": 49.74444543999999}

[measured-bw threads=4] $ /home/wangshouxin/native-rdma-web/native_rdma/build-current/bin/nr_bench --uds=/tmp/native_rdma-dp.sock --op=put --threads=4 --val-size=1048576 --duration=15 --keyspace=512 --shared-keyspace=1 --require-peer=1 --batch=1
exit=0
[nr_bench] uds=/tmp/native_rdma-dp.sock op=put threads=4 duration=15s val_size=1048576 keyspace=512(shared) prio=default require_peer=true batch=1 max_iops=0

==== nr_bench result ====
  elapsed       : 15.00 s
  elapsed_ms    : 15000.97
  threads       : 4
  op            : put
  ops ok/fail   : 105553 / 0
  ops degraded  : 0 (rejected)
  ops/s         : 7036
  req_bytes     : 110681058668 (7378.26 MB/s)
  resp_bytes    : 36558670 (2.44 MB/s)
  latency us    : avg=510.29  p50=464.70  p90=635.58  p99=988.61  p99.9=2889.39  max=33123.51

network_samples={"samples": [{"ts_ns": 9506211147709111, "bw_tx_gbps": 45.9276288}, {"ts_ns": 9506211347876247, "bw_tx_gbps": 43.87241984}, {"ts_ns": 9506211548008217, "bw_tx_gbps": 59.181629439999995}, {"ts_ns": 9506211748191191, "bw_tx_gbps": 56.675271960199}, {"ts_ns": 9506211948463893, "bw_tx_gbps": 59.26551552}, {"ts_ns": 9506212148628128, "bw_tx_gbps": 61.48849664}, {"ts_ns": 9506212348802248, "bw_tx_gbps": 59.72688896}, {"ts_ns": 9506212548947442, "bw_tx_gbps": 57.2522496}, {"ts_ns": 9506212749108818, "bw_tx_gbps": 56.42486575124377}, {"ts_ns": 9506212949248708, "bw_tx_gbps": 57.042534399999994}, {"ts_ns": 9506213149396002, "bw_tx_gbps": 58.510540799999994}, {"ts_ns": 9506213349518752, "bw_tx_gbps": 57.503907840000004}, {"ts_ns": 9506213549693551, "bw_tx_gbps": 56.66504704}, {"ts_ns": 9506213749824984, "bw_tx_gbps": 59.013857279999996}, {"ts_ns": 9506213949970195, "bw_tx_gbps": 53.0579456}, {"ts_ns": 9506214150091479, "bw_tx_gbps": 58.928927840796014}, {"ts_ns": 9506214350232146, "bw_tx_gbps": 58.42665472}, {"ts_ns": 9506214550407964, "bw_tx_gbps": 56.58116095999999}, {"ts_ns": 9506214750598459, "bw_tx_gbps": 57.503907840000004}, {"ts_ns": 9506214950776989, "bw_tx_gbps": 58.80414208}, {"ts_ns": 9506215150912281, "bw_tx_gbps": 56.79087616}, {"ts_ns": 9506215351073015, "bw_tx_gbps": 59.88881830845771}, {"ts_ns": 9506215551298307, "bw_tx_gbps": 62.872616959999995}, {"ts_ns": 9506215751448479, "bw_tx_gbps": 56.32950272}, {"ts_ns": 9506215951595746, "bw_tx_gbps": 61.99181312}, {"ts_ns": 9506216151769871, "bw_tx_gbps": 59.43328767999999}, {"ts_ns": 9506216351890850, "bw_tx_gbps": 59.5591168}, {"ts_ns": 9506216552047693, "bw_tx_gbps": 61.78209791999999}, {"ts_ns": 9506216752221857, "bw_tx_gbps": 58.928927840796014}, {"ts_ns": 9506216952392199, "bw_tx_gbps": 59.72688896}, {"ts_ns": 9506217152590961, "bw_tx_gbps": 59.1396864}, {"ts_ns": 9506217352753560, "bw_tx_gbps": 54.525952}, {"ts_ns": 9506217552892247, "bw_tx_gbps": 60.817408}, {"ts_ns": 9506217753042807, "bw_tx_gbps": 60.8904431442786}, {"ts_ns": 9506217953265712, "bw_tx_gbps": 58.17499648}, {"ts_ns": 9506218153428314, "bw_tx_gbps": 58.0911104}, {"ts_ns": 9506218353611052, "bw_tx_gbps": 57.96528128}, {"ts_ns": 9506218553799900, "bw_tx_gbps": 59.181629439999995}, {"ts_ns": 9506218753933032, "bw_tx_gbps": 57.16836351999999}, {"ts_ns": 9506218954084318, "bw_tx_gbps": 57.00914690547263}, {"ts_ns": 9506219154243968, "bw_tx_gbps": 56.874762239999995}, {"ts_ns": 9506219354436571, "bw_tx_gbps": 58.00722431999999}, {"ts_ns": 9506219554575033, "bw_tx_gbps": 65.05365504}, {"ts_ns": 9506219754746694, "bw_tx_gbps": 56.79087616}, {"ts_ns": 9506219954856490, "bw_tx_gbps": 56.161730559999995}, {"ts_ns": 9506220154991667, "bw_tx_gbps": 58.55248384}, {"ts_ns": 9506220355141901, "bw_tx_gbps": 58.135974845771145}, {"ts_ns": 9506220555296391, "bw_tx_gbps": 61.865984}, {"ts_ns": 9506220755487793, "bw_tx_gbps": 57.2522496}, {"ts_ns": 9506220955614797, "bw_tx_gbps": 54.819553279999994}, {"ts_ns": 9506221155777078, "bw_tx_gbps": 60.649635839999995}, {"ts_ns": 9506221355951145, "bw_tx_gbps": 59.181629439999995}, {"ts_ns": 9506221556141430, "bw_tx_gbps": 60.681771303482584}, {"ts_ns": 9506221756341093, "bw_tx_gbps": 58.258882559999996}, {"ts_ns": 9506221956515894, "bw_tx_gbps": 62.11764224}, {"ts_ns": 9506222156690098, "bw_tx_gbps": 57.29419263999999}, {"ts_ns": 9506222356845882, "bw_tx_gbps": 63.04038912}, {"ts_ns": 9506222556963748, "bw_tx_gbps": 62.159585279999995}, {"ts_ns": 9506222757160031, "bw_tx_gbps": 63.77011454726368}, {"ts_ns": 9506222957331933, "bw_tx_gbps": 58.88802816}, {"ts_ns": 9506223157507403, "bw_tx_gbps": 60.523806719999996}, {"ts_ns": 9506223357682488, "bw_tx_gbps": 61.865984}, {"ts_ns": 9506223557852294, "bw_tx_gbps": 63.501762559999996}, {"ts_ns": 9506223758020869, "bw_tx_gbps": 57.503907840000004}, {"ts_ns": 9506223958168641, "bw_tx_gbps": 56.42486575124377}, {"ts_ns": 9506224158286040, "bw_tx_gbps": 58.468597759999994}, {"ts_ns": 9506224358390158, "bw_tx_gbps": 62.746787839999996}, {"ts_ns": 9506224558539216, "bw_tx_gbps": 59.810775039999996}, {"ts_ns": 9506224758668366, "bw_tx_gbps": 60.1882624}, {"ts_ns": 9506224958785633, "bw_tx_gbps": 62.11764224}, {"ts_ns": 9506225158911540, "bw_tx_gbps": 61.27878144}, {"ts_ns": 9506225359037285, "bw_tx_gbps": 56.71700632835821}, {"ts_ns": 9506225559183200, "bw_tx_gbps": 60.69157888}, {"ts_ns": 9506225759308459, "bw_tx_gbps": 62.28541439999999}, {"ts_ns": 9506225959460494, "bw_tx_gbps": 58.72025599999999}, {"ts_ns": 9506226159595044, "bw_tx_gbps": 55.7842432}], "positive_samples": 76, "network_tx_gbps_avg": 58.68825782062321, "network_tx_gbps_peak": 65.05365504}


============================================================
Sub-test A: 1KB ops throughput
============================================================

[restart] env: {'SLAB_SLOT_SIZE': '4096', 'SLAB_TOTAL_BYTES': '4294967296', 'NR_ASYNC_REPL': '1'}

[restart] exit=0
 SELF=192.168.0.218  PEER=192.168.0.214  FLASK_PORT=5000
[36m[demo_up][0m SLAB_SLOT_SIZE=4096  SLAB_TOTAL_BYTES=4294967296
[36m[demo_up][0m NR_GDR_ENABLE=0  NR_CUDA_DEVICE=0  NR_GDR_BYTES=67108864
[36m[demo_up][0m 清理残留进程 / IPC
[36m[demo_up][0m 启动 native_rdma_dp (role=A)
[36m[demo_up][0m   DP pid=4184406
[36m[demo_up][0m role=A 等 UDS 就绪（最多 15s，要求对端 B 已在 listen）
[32m[  OK  ][0m Data Plane (A) 握手完成 (uds=/tmp/native_rdma-dp.sock)
[32m[  OK  ][0m 跳过 Flask 重启 (NR_SKIP_FLASK=1)，保留现有控制面


[measured-ops] $ /home/wangshouxin/native-rdma-web/native_rdma/build-current/bin/nr_bench --uds=/tmp/native_rdma-dp.sock --op=put --threads=4 --val-size=1024 --duration=15 --require-peer=1 --batch=64
exit=0
[nr_bench] uds=/tmp/native_rdma-dp.sock op=put threads=4 duration=15s val_size=1024 keyspace=10000 prio=default require_peer=true batch=64 max_iops=0

==== nr_bench result ====
  elapsed       : 15.00 s
  elapsed_ms    : 15000.48
  threads       : 4
  op            : put
  ops ok/fail   : 26291264 / 0
  ops degraded  : 0 (rejected)
  ops/s         : 1752694
  req_bytes     : 27315346144 (1820.96 MB/s)
  resp_bytes    : 79292059 (5.29 MB/s)
  latency us    : avg=2.07  p50=1.80  p90=2.40  p99=4.05  p99.9=56.28  max=474.79



============================================================
Restore functional data-plane defaults
============================================================

[restart] env: {'SLAB_SLOT_SIZE': '4096', 'SLAB_TOTAL_BYTES': '4294967296', 'NR_ASYNC_REPL': '0'}

[restart] exit=0
 SELF=192.168.0.218  PEER=192.168.0.214  FLASK_PORT=5000
[36m[demo_up][0m SLAB_SLOT_SIZE=4096  SLAB_TOTAL_BYTES=4294967296
[36m[demo_up][0m NR_GDR_ENABLE=0  NR_CUDA_DEVICE=0  NR_GDR_BYTES=67108864
[36m[demo_up][0m 清理残留进程 / IPC
[36m[demo_up][0m 启动 native_rdma_dp (role=A)
[36m[demo_up][0m   DP pid=4185564
[36m[demo_up][0m role=A 等 UDS 就绪（最多 15s，要求对端 B 已在 listen）
[32m[  OK  ][0m Data Plane (A) 握手完成 (uds=/tmp/native_rdma-dp.sock)
[32m[  OK  ][0m 跳过 Flask 重启 (NR_SKIP_FLASK=1)，保留现有控制面

