[06:54:07] start storage/FN-4 可配置压缩与去重
[06:54:07] repo_root=/home/wangshouxin/native-rdma-web
[06:54:07] uds=/tmp/native_rdma-dp.sock ctrl_url=http://127.0.0.1:5000
[06:54:07] rpc RPC_COMPRESS_STATS body_len=0
[06:54:07] rpc RPC_COMPRESS_STATS resp_len=82 resp={"ok":true,"raw_bytes":0,"cmp_bytes":0,"objects":0,"ratio":0.0000,"saved_bytes":0}
[06:54:07] rpc RPC_DEDUP_STATS body_len=0
[06:54:07] rpc RPC_DEDUP_STATS resp_len=86 resp={"ok":true,"unique_objects":0,"duplicate_objects":0,"saved_bytes":0,"logical_bytes":0}
[06:54:07] rpc RPC_KV_PUT body_len=4137
[06:54:07] rpc RPC_KV_PUT resp_len=374 resp={"ok":true,"key":"fn_compress_dedup_a_1777935247074_308080","tenant_id":0,"size":4096,"offset":24113152,"repl_ns":22064,"degraded":false,"transport":"rdma","async_repl":false,"tcp_data_ready":true,"qos":{"priority":"hi","qp_idx":15,"hi_qp_start":0,"hi_qp_count":16,"lo_qp_start":16,"lo_qp_count":13},"route":{"primary":"192.168.0.214","replica":"","local_is_primary":false}}
[06:54:07] rpc RPC_KV_PUT body_len=4137
[06:54:07] rpc RPC_KV_PUT resp_len=373 resp={"ok":true,"key":"fn_compress_dedup_b_1777935247074_308080","tenant_id":0,"size":4096,"offset":25161728,"repl_ns":18272,"degraded":false,"transport":"rdma","async_repl":false,"tcp_data_ready":true,"qos":{"priority":"hi","qp_idx":0,"hi_qp_start":0,"hi_qp_count":16,"lo_qp_start":16,"lo_qp_count":13},"route":{"primary":"192.168.0.214","replica":"","local_is_primary":false}}
[06:54:07] rpc RPC_TIER_DEMOTE body_len=44
[06:54:07] rpc RPC_TIER_DEMOTE resp_len=71 resp={"ok":true,"key":"fn_compress_dedup_a_1777935247074_308080","to":"hdd"}
[06:54:07] rpc RPC_COMPRESS_STATS body_len=0
[06:54:07] rpc RPC_COMPRESS_STATS resp_len=89 resp={"ok":true,"raw_bytes":4096,"cmp_bytes":19,"objects":1,"ratio":0.0046,"saved_bytes":4077}
[06:54:07] rpc RPC_TIER_DEMOTE body_len=44
[06:54:07] rpc RPC_TIER_DEMOTE resp_len=71 resp={"ok":true,"key":"fn_compress_dedup_b_1777935247074_308080","to":"hdd"}
[06:54:07] rpc RPC_COMPRESS_STATS body_len=0
[06:54:07] rpc RPC_COMPRESS_STATS resp_len=89 resp={"ok":true,"raw_bytes":4096,"cmp_bytes":19,"objects":1,"ratio":0.0046,"saved_bytes":4077}
[06:54:07] rpc RPC_DEDUP_STATS body_len=0
[06:54:07] rpc RPC_DEDUP_STATS resp_len=90 resp={"ok":true,"unique_objects":1,"duplicate_objects":1,"saved_bytes":19,"logical_bytes":8192}
[06:54:07] rpc RPC_KV_GET body_len=40
[06:54:07] rpc RPC_KV_GET resp_len=116 resp={"ok":true,"hit":"hdd_promote","size":4096,"val":"AAAAAAAAAAAAAAAAAAAAAAAAAAAAAAAAAAAAAAAAAAAAAAAAAAAAAAAAAAAAAAAA"}
[06:54:07] rpc RPC_KV_GET body_len=40
[06:54:07] rpc RPC_KV_GET resp_len=116 resp={"ok":true,"hit":"hdd_promote","size":4096,"val":"AAAAAAAAAAAAAAAAAAAAAAAAAAAAAAAAAAAAAAAAAAAAAAAAAAAAAAAAAAAAAAAA"}
[06:54:07] result=PASS completion=完成
