[12:10:35] start storage/FN-2 多层感知、冷热分离与调度
[12:10:35] repo_root=/home/wangshouxin/native-rdma-web
[12:10:35] uds=/tmp/native_rdma-dp.sock ctrl_url=http://127.0.0.1:5000
[12:10:35] rpc RPC_ADMIN_FLUSH body_len=0
[12:10:35] rpc RPC_ADMIN_FLUSH resp_len=27 resp={"ok":true,"freed_slabs":4}
[12:10:35] rpc RPC_KV_PUT body_len=66
[12:10:35] rpc RPC_KV_PUT resp_len=375 resp={"ok":true,"key":"fn_storage_tier_manual_1780027835295_3577695","tenant_id":0,"size":21,"offset":10481664,"repl_ns":29740,"degraded":false,"transport":"rdma","async_repl":false,"tcp_data_ready":true,"qos":{"priority":"hi","qp_idx":4,"hi_qp_start":0,"hi_qp_count":16,"lo_qp_start":16,"lo_qp_count":13},"route":{"primary":"192.168.0.214","replica":"","local_is_primary":false}}
[12:10:35] rpc RPC_TIER_DEMOTE body_len=49
[12:10:35] rpc RPC_TIER_DEMOTE resp_len=76 resp={"ok":true,"key":"fn_storage_tier_manual_1780027835295_3577695","to":"nvme"}
[12:10:35] rpc RPC_KV_GET body_len=44
[12:10:35] rpc RPC_KV_GET resp_len=72 resp={"ok":true,"hit":"nvme_promote","size":21,"val":"tiering_probe_payload"}
[12:10:35] rpc RPC_KV_PUT body_len=68
[12:10:35] rpc RPC_KV_PUT resp_len=373 resp={"ok":true,"key":"fn_storage_tier_cold_1780027835296_3577695","tenant_id":0,"size":25,"offset":12578816,"repl_ns":45998,"degraded":false,"transport":"rdma","async_repl":false,"tcp_data_ready":true,"qos":{"priority":"hi","qp_idx":5,"hi_qp_start":0,"hi_qp_count":16,"lo_qp_start":16,"lo_qp_count":13},"route":{"primary":"192.168.0.214","replica":"","local_is_primary":false}}
[12:10:35] rpc RPC_KV_PUT body_len=66
[12:10:35] rpc RPC_KV_PUT resp_len=384 resp={"ok":true,"key":"fn_storage_tier_hot_1780027835296_3577695","tenant_id":0,"size":24,"offset":13627392,"repl_ns":17890,"degraded":false,"transport":"rdma","async_repl":false,"tcp_data_ready":true,"qos":{"priority":"hi","qp_idx":6,"hi_qp_start":0,"hi_qp_count":16,"lo_qp_start":16,"lo_qp_count":13},"route":{"primary":"192.168.0.218","replica":"192.168.0.214","local_is_primary":true}}
[12:10:35] rpc RPC_KV_GET body_len=41
[12:10:35] rpc RPC_KV_GET resp_len=68 resp={"ok":true,"hit":"local","size":24,"val":"auto-hot-tiering-payload"}
[12:10:35] rpc RPC_TIER_STATS body_len=0
[12:10:35] rpc RPC_TIER_STATS resp_len=314 resp={"ok":true,"dram":3,"nvme":0,"hdd":0,"demoted_d_n":1,"demoted_n_h":0,"events":[{"ts_ns":9657889486035337,"key":"fn_storage_tier_manual_1780027835295_3577695","from":"nvme","to":"dram","bytes":21},{"ts_ns":9657889485861136,"key":"fn_storage_tier_manual_1780027835295_3577695","from":"dram","to":"nvme","bytes":21}]}
[12:10:36] rpc RPC_KV_GET body_len=41
[12:10:36] rpc RPC_KV_GET resp_len=68 resp={"ok":true,"hit":"local","size":24,"val":"auto-hot-tiering-payload"}
[12:10:36] rpc RPC_TIER_STATS body_len=0
[12:10:36] rpc RPC_TIER_STATS resp_len=314 resp={"ok":true,"dram":3,"nvme":0,"hdd":0,"demoted_d_n":1,"demoted_n_h":0,"events":[{"ts_ns":9657889486035337,"key":"fn_storage_tier_manual_1780027835295_3577695","from":"nvme","to":"dram","bytes":21},{"ts_ns":9657889485861136,"key":"fn_storage_tier_manual_1780027835295_3577695","from":"dram","to":"nvme","bytes":21}]}
[12:10:37] rpc RPC_KV_GET body_len=41
[12:10:37] rpc RPC_KV_GET resp_len=68 resp={"ok":true,"hit":"local","size":24,"val":"auto-hot-tiering-payload"}
[12:10:37] rpc RPC_TIER_STATS body_len=0
[12:10:37] rpc RPC_TIER_STATS resp_len=314 resp={"ok":true,"dram":3,"nvme":0,"hdd":0,"demoted_d_n":1,"demoted_n_h":0,"events":[{"ts_ns":9657889486035337,"key":"fn_storage_tier_manual_1780027835295_3577695","from":"nvme","to":"dram","bytes":21},{"ts_ns":9657889485861136,"key":"fn_storage_tier_manual_1780027835295_3577695","from":"dram","to":"nvme","bytes":21}]}
[12:10:38] rpc RPC_KV_GET body_len=41
[12:10:38] rpc RPC_KV_GET resp_len=68 resp={"ok":true,"hit":"local","size":24,"val":"auto-hot-tiering-payload"}
[12:10:38] rpc RPC_TIER_STATS body_len=0
[12:10:38] rpc RPC_TIER_STATS resp_len=314 resp={"ok":true,"dram":3,"nvme":0,"hdd":0,"demoted_d_n":1,"demoted_n_h":0,"events":[{"ts_ns":9657889486035337,"key":"fn_storage_tier_manual_1780027835295_3577695","from":"nvme","to":"dram","bytes":21},{"ts_ns":9657889485861136,"key":"fn_storage_tier_manual_1780027835295_3577695","from":"dram","to":"nvme","bytes":21}]}
[12:10:39] rpc RPC_KV_GET body_len=41
[12:10:39] rpc RPC_KV_GET resp_len=68 resp={"ok":true,"hit":"local","size":24,"val":"auto-hot-tiering-payload"}
[12:10:39] rpc RPC_TIER_STATS body_len=0
[12:10:39] rpc RPC_TIER_STATS resp_len=429 resp={"ok":true,"dram":2,"nvme":1,"hdd":0,"demoted_d_n":2,"demoted_n_h":0,"events":[{"ts_ns":9657892676942095,"key":"fn_storage_tier_cold_1780027835296_3577695","from":"dram","to":"nvme","bytes":25},{"ts_ns":9657889486035337,"key":"fn_storage_tier_manual_1780027835295_3577695","from":"nvme","to":"dram","bytes":21},{"ts_ns":9657889485861136,"key":"fn_storage_tier_manual_1780027835295_3577695","from":"dram","to":"nvme","bytes":21}]}
[12:10:39] rpc RPC_TIER_STATS body_len=0
[12:10:39] rpc RPC_TIER_STATS resp_len=429 resp={"ok":true,"dram":2,"nvme":1,"hdd":0,"demoted_d_n":2,"demoted_n_h":0,"events":[{"ts_ns":9657892676942095,"key":"fn_storage_tier_cold_1780027835296_3577695","from":"dram","to":"nvme","bytes":25},{"ts_ns":9657889486035337,"key":"fn_storage_tier_manual_1780027835295_3577695","from":"nvme","to":"dram","bytes":21},{"ts_ns":9657889485861136,"key":"fn_storage_tier_manual_1780027835295_3577695","from":"dram","to":"nvme","bytes":21}]}
[12:10:39] rpc RPC_KV_GET body_len=42
[12:10:39] rpc RPC_KV_GET resp_len=76 resp={"ok":true,"hit":"nvme_promote","size":25,"val":"auto-cold-tiering-payload"}
[12:10:39] rpc RPC_KV_GET body_len=41
[12:10:39] rpc RPC_KV_GET resp_len=68 resp={"ok":true,"hit":"local","size":24,"val":"auto-hot-tiering-payload"}
[12:10:39] result=PASS completion=完成
