[12:34:46] start storage/FN-2 多层感知、冷热分离与调度
[12:34:46] repo_root=/home/wangshouxin/native-rdma-web
[12:34:46] uds=/tmp/native_rdma-dp.sock ctrl_url=http://127.0.0.1:5000
[12:34:46] rpc RPC_ADMIN_FLUSH body_len=0
[12:34:46] rpc RPC_ADMIN_FLUSH resp_len=27 resp={"ok":true,"freed_slabs":2}
[12:34:46] rpc RPC_KV_PUT body_len=66
[12:34:46] rpc RPC_KV_PUT resp_len=374 resp={"ok":true,"key":"fn_storage_tier_manual_1779856486023_3683657","tenant_id":0,"size":21,"offset":9433088,"repl_ns":36732,"degraded":false,"transport":"rdma","async_repl":false,"tcp_data_ready":true,"qos":{"priority":"hi","qp_idx":3,"hi_qp_start":0,"hi_qp_count":16,"lo_qp_start":16,"lo_qp_count":13},"route":{"primary":"192.168.0.214","replica":"","local_is_primary":false}}
[12:34:46] rpc RPC_TIER_DEMOTE body_len=49
[12:34:46] rpc RPC_TIER_DEMOTE resp_len=76 resp={"ok":true,"key":"fn_storage_tier_manual_1779856486023_3683657","to":"nvme"}
[12:34:46] rpc RPC_KV_GET body_len=44
[12:34:46] rpc RPC_KV_GET resp_len=72 resp={"ok":true,"hit":"nvme_promote","size":21,"val":"tiering_probe_payload"}
[12:34:46] rpc RPC_KV_PUT body_len=68
[12:34:46] rpc RPC_KV_PUT resp_len=373 resp={"ok":true,"key":"fn_storage_tier_cold_1779856486024_3683657","tenant_id":0,"size":25,"offset":11530240,"repl_ns":60743,"degraded":false,"transport":"rdma","async_repl":false,"tcp_data_ready":true,"qos":{"priority":"hi","qp_idx":4,"hi_qp_start":0,"hi_qp_count":16,"lo_qp_start":16,"lo_qp_count":13},"route":{"primary":"192.168.0.214","replica":"","local_is_primary":false}}
[12:34:46] rpc RPC_KV_PUT body_len=66
[12:34:46] rpc RPC_KV_PUT resp_len=371 resp={"ok":true,"key":"fn_storage_tier_hot_1779856486024_3683657","tenant_id":0,"size":24,"offset":12578816,"repl_ns":26385,"degraded":false,"transport":"rdma","async_repl":false,"tcp_data_ready":true,"qos":{"priority":"hi","qp_idx":5,"hi_qp_start":0,"hi_qp_count":16,"lo_qp_start":16,"lo_qp_count":13},"route":{"primary":"192.168.0.218","replica":"","local_is_primary":true}}
[12:34:46] rpc RPC_KV_GET body_len=41
[12:34:46] rpc RPC_KV_GET resp_len=68 resp={"ok":true,"hit":"local","size":24,"val":"auto-hot-tiering-payload"}
[12:34:46] rpc RPC_TIER_STATS body_len=0
[12:34:46] rpc RPC_TIER_STATS resp_len=314 resp={"ok":true,"dram":3,"nvme":0,"hdd":0,"demoted_d_n":1,"demoted_n_h":0,"events":[{"ts_ns":9486540213414890,"key":"fn_storage_tier_manual_1779856486023_3683657","from":"nvme","to":"dram","bytes":21},{"ts_ns":9486540213299032,"key":"fn_storage_tier_manual_1779856486023_3683657","from":"dram","to":"nvme","bytes":21}]}
[12:34:47] rpc RPC_KV_GET body_len=41
[12:34:47] rpc RPC_KV_GET resp_len=68 resp={"ok":true,"hit":"local","size":24,"val":"auto-hot-tiering-payload"}
[12:34:47] rpc RPC_TIER_STATS body_len=0
[12:34:47] rpc RPC_TIER_STATS resp_len=314 resp={"ok":true,"dram":3,"nvme":0,"hdd":0,"demoted_d_n":1,"demoted_n_h":0,"events":[{"ts_ns":9486540213414890,"key":"fn_storage_tier_manual_1779856486023_3683657","from":"nvme","to":"dram","bytes":21},{"ts_ns":9486540213299032,"key":"fn_storage_tier_manual_1779856486023_3683657","from":"dram","to":"nvme","bytes":21}]}
[12:34:48] rpc RPC_KV_GET body_len=41
[12:34:48] rpc RPC_KV_GET resp_len=68 resp={"ok":true,"hit":"local","size":24,"val":"auto-hot-tiering-payload"}
[12:34:48] rpc RPC_TIER_STATS body_len=0
[12:34:48] rpc RPC_TIER_STATS resp_len=314 resp={"ok":true,"dram":3,"nvme":0,"hdd":0,"demoted_d_n":1,"demoted_n_h":0,"events":[{"ts_ns":9486540213414890,"key":"fn_storage_tier_manual_1779856486023_3683657","from":"nvme","to":"dram","bytes":21},{"ts_ns":9486540213299032,"key":"fn_storage_tier_manual_1779856486023_3683657","from":"dram","to":"nvme","bytes":21}]}
[12:34:49] rpc RPC_KV_GET body_len=41
[12:34:49] rpc RPC_KV_GET resp_len=68 resp={"ok":true,"hit":"local","size":24,"val":"auto-hot-tiering-payload"}
[12:34:49] rpc RPC_TIER_STATS body_len=0
[12:34:49] rpc RPC_TIER_STATS resp_len=314 resp={"ok":true,"dram":3,"nvme":0,"hdd":0,"demoted_d_n":1,"demoted_n_h":0,"events":[{"ts_ns":9486540213414890,"key":"fn_storage_tier_manual_1779856486023_3683657","from":"nvme","to":"dram","bytes":21},{"ts_ns":9486540213299032,"key":"fn_storage_tier_manual_1779856486023_3683657","from":"dram","to":"nvme","bytes":21}]}
[12:34:50] rpc RPC_KV_GET body_len=41
[12:34:50] rpc RPC_KV_GET resp_len=68 resp={"ok":true,"hit":"local","size":24,"val":"auto-hot-tiering-payload"}
[12:34:50] rpc RPC_TIER_STATS body_len=0
[12:34:50] rpc RPC_TIER_STATS resp_len=429 resp={"ok":true,"dram":2,"nvme":1,"hdd":0,"demoted_d_n":2,"demoted_n_h":0,"events":[{"ts_ns":9486543463510546,"key":"fn_storage_tier_cold_1779856486024_3683657","from":"dram","to":"nvme","bytes":25},{"ts_ns":9486540213414890,"key":"fn_storage_tier_manual_1779856486023_3683657","from":"nvme","to":"dram","bytes":21},{"ts_ns":9486540213299032,"key":"fn_storage_tier_manual_1779856486023_3683657","from":"dram","to":"nvme","bytes":21}]}
[12:34:50] rpc RPC_TIER_STATS body_len=0
[12:34:50] rpc RPC_TIER_STATS resp_len=429 resp={"ok":true,"dram":2,"nvme":1,"hdd":0,"demoted_d_n":2,"demoted_n_h":0,"events":[{"ts_ns":9486543463510546,"key":"fn_storage_tier_cold_1779856486024_3683657","from":"dram","to":"nvme","bytes":25},{"ts_ns":9486540213414890,"key":"fn_storage_tier_manual_1779856486023_3683657","from":"nvme","to":"dram","bytes":21},{"ts_ns":9486540213299032,"key":"fn_storage_tier_manual_1779856486023_3683657","from":"dram","to":"nvme","bytes":21}]}
[12:34:50] rpc RPC_KV_GET body_len=42
[12:34:50] rpc RPC_KV_GET resp_len=76 resp={"ok":true,"hit":"nvme_promote","size":25,"val":"auto-cold-tiering-payload"}
[12:34:50] rpc RPC_KV_GET body_len=41
[12:34:50] rpc RPC_KV_GET resp_len=68 resp={"ok":true,"hit":"local","size":24,"val":"auto-hot-tiering-payload"}
[12:34:50] result=PASS completion=完成
