[11:29:38] start storage/FN-2 多层感知、冷热分离与调度
[11:29:38] repo_root=/home/wangshouxin/native-rdma-web
[11:29:38] uds=/tmp/native_rdma-dp.sock ctrl_url=http://127.0.0.1:5000
[11:29:38] rpc RPC_ADMIN_FLUSH body_len=0
[11:29:38] rpc RPC_ADMIN_FLUSH resp_len=30 resp={"ok":true,"freed_slabs":5524}
[11:29:38] rpc RPC_KV_PUT body_len=66
[11:29:38] rpc RPC_KV_PUT resp_len=387 resp={"ok":true,"key":"fn_storage_tier_manual_1780025378942_3341030","tenant_id":0,"size":21,"offset":43921408,"repl_ns":54049,"degraded":false,"transport":"rdma","async_repl":false,"tcp_data_ready":true,"qos":{"priority":"hi","qp_idx":0,"hi_qp_start":0,"hi_qp_count":16,"lo_qp_start":16,"lo_qp_count":13},"route":{"primary":"192.168.0.218","replica":"192.168.0.214","local_is_primary":true}}
[11:29:38] rpc RPC_TIER_DEMOTE body_len=49
[11:29:38] rpc RPC_TIER_DEMOTE resp_len=76 resp={"ok":true,"key":"fn_storage_tier_manual_1780025378942_3341030","to":"nvme"}
[11:29:38] rpc RPC_KV_GET body_len=44
[11:29:38] rpc RPC_KV_GET resp_len=72 resp={"ok":true,"hit":"nvme_promote","size":21,"val":"tiering_probe_payload"}
[11:29:38] rpc RPC_KV_PUT body_len=68
[11:29:38] rpc RPC_KV_PUT resp_len=373 resp={"ok":true,"key":"fn_storage_tier_cold_1780025378943_3341030","tenant_id":0,"size":25,"offset":37965824,"repl_ns":36581,"degraded":false,"transport":"rdma","async_repl":false,"tcp_data_ready":true,"qos":{"priority":"hi","qp_idx":3,"hi_qp_start":0,"hi_qp_count":16,"lo_qp_start":16,"lo_qp_count":13},"route":{"primary":"192.168.0.214","replica":"","local_is_primary":false}}
[11:29:38] rpc RPC_KV_PUT body_len=66
[11:29:38] rpc RPC_KV_PUT resp_len=372 resp={"ok":true,"key":"fn_storage_tier_hot_1780025378943_3341030","tenant_id":0,"size":24,"offset":42684416,"repl_ns":27304,"degraded":false,"transport":"rdma","async_repl":false,"tcp_data_ready":true,"qos":{"priority":"hi","qp_idx":4,"hi_qp_start":0,"hi_qp_count":16,"lo_qp_start":16,"lo_qp_count":13},"route":{"primary":"192.168.0.214","replica":"","local_is_primary":false}}
[11:29:38] rpc RPC_KV_GET body_len=41
[11:29:38] rpc RPC_KV_GET resp_len=68 resp={"ok":true,"hit":"local","size":24,"val":"auto-hot-tiering-payload"}
[11:29:38] rpc RPC_TIER_STATS body_len=0
[11:29:38] rpc RPC_TIER_STATS resp_len=546 resp={"ok":true,"dram":3,"nvme":0,"hdd":2,"demoted_d_n":3,"demoted_n_h":0,"events":[{"ts_ns":9655433132927644,"key":"fn_compress_unique_b_1780025378942_3341035","from":"dram","to":"hdd","bytes":4096},{"ts_ns":9655433132571104,"key":"fn_compress_unique_a_1780025378942_3341035","from":"dram","to":"hdd","bytes":4096},{"ts_ns":9655433132399480,"key":"fn_storage_tier_manual_1780025378942_3341030","from":"nvme","to":"dram","bytes":21},{"ts_ns":9655433132251150,"key":"fn_storage_tier_manual_1780025378942_33
[11:29:39] rpc RPC_KV_GET body_len=41
[11:29:39] rpc RPC_KV_GET resp_len=68 resp={"ok":true,"hit":"local","size":24,"val":"auto-hot-tiering-payload"}
[11:29:39] rpc RPC_TIER_STATS body_len=0
[11:29:39] rpc RPC_TIER_STATS resp_len=1230 resp={"ok":true,"dram":7,"nvme":0,"hdd":0,"demoted_d_n":5,"demoted_n_h":0,"events":[{"ts_ns":9655433134422077,"key":"fn_dedup_unique_b_1780025378942_3341035","from":"hdd","to":"dram","bytes":4096},{"ts_ns":9655433134321171,"key":"fn_dedup_unique_a_1780025378942_3341035","from":"hdd","to":"dram","bytes":4096},{"ts_ns":9655433134194429,"key":"fn_compress_unique_b_1780025378942_3341035","from":"hdd","to":"dram","bytes":4096},{"ts_ns":9655433134063736,"key":"fn_compress_unique_a_1780025378942_3341035","f
[11:29:40] rpc RPC_KV_GET body_len=41
[11:29:40] rpc RPC_KV_GET resp_len=68 resp={"ok":true,"hit":"local","size":24,"val":"auto-hot-tiering-payload"}
[11:29:40] rpc RPC_TIER_STATS body_len=0
[11:29:40] rpc RPC_TIER_STATS resp_len=1230 resp={"ok":true,"dram":7,"nvme":0,"hdd":0,"demoted_d_n":5,"demoted_n_h":0,"events":[{"ts_ns":9655433134422077,"key":"fn_dedup_unique_b_1780025378942_3341035","from":"hdd","to":"dram","bytes":4096},{"ts_ns":9655433134321171,"key":"fn_dedup_unique_a_1780025378942_3341035","from":"hdd","to":"dram","bytes":4096},{"ts_ns":9655433134194429,"key":"fn_compress_unique_b_1780025378942_3341035","from":"hdd","to":"dram","bytes":4096},{"ts_ns":9655433134063736,"key":"fn_compress_unique_a_1780025378942_3341035","f
[11:29:41] rpc RPC_KV_GET body_len=41
[11:29:41] rpc RPC_KV_GET resp_len=68 resp={"ok":true,"hit":"local","size":24,"val":"auto-hot-tiering-payload"}
[11:29:41] rpc RPC_TIER_STATS body_len=0
[11:29:41] rpc RPC_TIER_STATS resp_len=1230 resp={"ok":true,"dram":7,"nvme":0,"hdd":0,"demoted_d_n":5,"demoted_n_h":0,"events":[{"ts_ns":9655433134422077,"key":"fn_dedup_unique_b_1780025378942_3341035","from":"hdd","to":"dram","bytes":4096},{"ts_ns":9655433134321171,"key":"fn_dedup_unique_a_1780025378942_3341035","from":"hdd","to":"dram","bytes":4096},{"ts_ns":9655433134194429,"key":"fn_compress_unique_b_1780025378942_3341035","from":"hdd","to":"dram","bytes":4096},{"ts_ns":9655433134063736,"key":"fn_compress_unique_a_1780025378942_3341035","f
[11:29:42] rpc RPC_KV_GET body_len=41
[11:29:42] rpc RPC_KV_GET resp_len=68 resp={"ok":true,"hit":"local","size":24,"val":"auto-hot-tiering-payload"}
[11:29:42] rpc RPC_TIER_STATS body_len=0
[11:29:42] rpc RPC_TIER_STATS resp_len=1345 resp={"ok":true,"dram":6,"nvme":1,"hdd":0,"demoted_d_n":6,"demoted_n_h":0,"events":[{"ts_ns":9655436349919296,"key":"fn_storage_tier_cold_1780025378943_3341030","from":"dram","to":"nvme","bytes":25},{"ts_ns":9655433134422077,"key":"fn_dedup_unique_b_1780025378942_3341035","from":"hdd","to":"dram","bytes":4096},{"ts_ns":9655433134321171,"key":"fn_dedup_unique_a_1780025378942_3341035","from":"hdd","to":"dram","bytes":4096},{"ts_ns":9655433134194429,"key":"fn_compress_unique_b_1780025378942_3341035","fr
[11:29:42] rpc RPC_TIER_STATS body_len=0
[11:29:42] rpc RPC_TIER_STATS resp_len=1345 resp={"ok":true,"dram":6,"nvme":1,"hdd":0,"demoted_d_n":6,"demoted_n_h":0,"events":[{"ts_ns":9655436349919296,"key":"fn_storage_tier_cold_1780025378943_3341030","from":"dram","to":"nvme","bytes":25},{"ts_ns":9655433134422077,"key":"fn_dedup_unique_b_1780025378942_3341035","from":"hdd","to":"dram","bytes":4096},{"ts_ns":9655433134321171,"key":"fn_dedup_unique_a_1780025378942_3341035","from":"hdd","to":"dram","bytes":4096},{"ts_ns":9655433134194429,"key":"fn_compress_unique_b_1780025378942_3341035","fr
[11:29:42] rpc RPC_KV_GET body_len=42
[11:29:42] rpc RPC_KV_GET resp_len=76 resp={"ok":true,"hit":"nvme_promote","size":25,"val":"auto-cold-tiering-payload"}
[11:29:42] rpc RPC_KV_GET body_len=41
[11:29:42] rpc RPC_KV_GET resp_len=68 resp={"ok":true,"hit":"local","size":24,"val":"auto-hot-tiering-payload"}
[11:29:42] result=PASS completion=完成
