[13:09:14] start rdma/FN-2 聚合数据传输
[13:09:14] repo_root=/home/wangshouxin/native-rdma-web
[13:09:14] uds=/tmp/native_rdma-dp.sock ctrl_url=http://127.0.0.1:5000
[13:09:14] rpc RPC_CLUSTER_STATUS body_len=0
[13:09:14] rpc RPC_CLUSTER_STATUS resp_len=573 resp={"ok":true,"self":"A","peer_alive":true,"local_slab_base":140313420095488,"local_slab_len":4294967296,"local_slab_lkey":96256,"local_slab_rkey":96256,"peer_slab_base":139947844448256,"peer_slab_len":4294967296,"peer_slab_rkey":71936,"peer_num_qp":32,"local_gpu_enabled":false,"local_gpu_len":0,"local_gpu_lkey":0,"local_gpu_rkey":0,"peer_gpu_enabled":false,"peer_gpu_base":0,"peer_gpu_len":0,"peer_gpu_rkey":0,"degraded_puts":0,"degraded_bytes":0,"transport":"rdma","async_repl":false,"tcp_data_ready
[13:09:14] read data-plane log /home/wangshouxin/native-rdma-web/native_rdma/logs/dp_A.log bytes=1983057
[13:09:14] rpc RPC_KV_PUT_BATCH body_len=412
[13:09:14] rpc RPC_KV_PUT_BATCH resp_len=192 resp={"ok":true,"n":8,"ok_n":8,"peer_alive":true,"replicated_n":8,"degraded_n":0,"repl_failed_n":0,"degraded":false,"transport":"rdma","async_repl":false,"aggregation":"batch_rpc","repl_ns":151454}
[13:09:14] rpc RPC_TCP_GET_PEER body_len=32
[13:09:14] rpc RPC_TCP_GET_PEER resp_len=118 resp={"ok":true,"transport":"tcp","key":"fn_batch_1778130554129_1122030_0","size":13,"tcp_ns":400878,"val":"batch-value-0"}
[13:09:14] rpc RPC_TCP_GET_PEER body_len=32
[13:09:14] rpc RPC_TCP_GET_PEER resp_len=118 resp={"ok":true,"transport":"tcp","key":"fn_batch_1778130554129_1122030_1","size":13,"tcp_ns":233455,"val":"batch-value-1"}
[13:09:14] rpc RPC_TCP_GET_PEER body_len=32
[13:09:14] rpc RPC_TCP_GET_PEER resp_len=118 resp={"ok":true,"transport":"tcp","key":"fn_batch_1778130554129_1122030_2","size":13,"tcp_ns":263580,"val":"batch-value-2"}
[13:09:14] rpc RPC_TCP_GET_PEER body_len=32
[13:09:14] rpc RPC_TCP_GET_PEER resp_len=118 resp={"ok":true,"transport":"tcp","key":"fn_batch_1778130554129_1122030_3","size":13,"tcp_ns":317260,"val":"batch-value-3"}
[13:09:14] rpc RPC_TCP_GET_PEER body_len=32
[13:09:14] rpc RPC_TCP_GET_PEER resp_len=118 resp={"ok":true,"transport":"tcp","key":"fn_batch_1778130554129_1122030_4","size":13,"tcp_ns":194138,"val":"batch-value-4"}
[13:09:14] rpc RPC_TCP_GET_PEER body_len=32
[13:09:14] rpc RPC_TCP_GET_PEER resp_len=118 resp={"ok":true,"transport":"tcp","key":"fn_batch_1778130554129_1122030_5","size":13,"tcp_ns":211404,"val":"batch-value-5"}
[13:09:14] rpc RPC_TCP_GET_PEER body_len=32
[13:09:14] rpc RPC_TCP_GET_PEER resp_len=118 resp={"ok":true,"transport":"tcp","key":"fn_batch_1778130554129_1122030_6","size":13,"tcp_ns":188188,"val":"batch-value-6"}
[13:09:14] rpc RPC_TCP_GET_PEER body_len=32
[13:09:14] rpc RPC_TCP_GET_PEER resp_len=118 resp={"ok":true,"transport":"tcp","key":"fn_batch_1778130554129_1122030_7","size":13,"tcp_ns":225885,"val":"batch-value-7"}
[13:09:14] result=PASS completion=完成
