[01:22:05] start rdma/FN-2 聚合数据传输
[01:22:05] repo_root=/home/wangshouxin/native-rdma-web
[01:22:05] uds=/tmp/native_rdma-dp.sock ctrl_url=http://127.0.0.1:5000
[01:22:05] rpc RPC_CLUSTER_STATUS body_len=0
[01:22:05] rpc RPC_CLUSTER_STATUS resp_len=573 resp={"ok":true,"self":"A","peer_alive":true,"local_slab_base":140029932552192,"local_slab_len":4294967296,"local_slab_lkey":96256,"local_slab_rkey":96256,"peer_slab_base":139930621902848,"peer_slab_len":4294967296,"peer_slab_rkey":71936,"peer_num_qp":32,"local_gpu_enabled":false,"local_gpu_len":0,"local_gpu_lkey":0,"local_gpu_rkey":0,"peer_gpu_enabled":false,"peer_gpu_base":0,"peer_gpu_len":0,"peer_gpu_rkey":0,"degraded_puts":0,"degraded_bytes":0,"transport":"rdma","async_repl":false,"tcp_data_ready
[01:22:05] read data-plane log /home/wangshouxin/native-rdma-web/native_rdma/logs/dp_A.log bytes=786183
[01:22:05] rpc RPC_KV_PUT_BATCH body_len=412
[01:22:05] rpc RPC_KV_PUT_BATCH resp_len=192 resp={"ok":true,"n":8,"ok_n":8,"peer_alive":true,"replicated_n":8,"degraded_n":0,"repl_failed_n":0,"degraded":false,"transport":"rdma","async_repl":false,"aggregation":"batch_rpc","repl_ns":110993}
[01:22:05] rpc RPC_TCP_GET_PEER body_len=32
[01:22:05] rpc RPC_TCP_GET_PEER resp_len=118 resp={"ok":true,"transport":"tcp","key":"fn_batch_1777915325412_3050822_0","size":13,"tcp_ns":415883,"val":"batch-value-0"}
[01:22:05] rpc RPC_TCP_GET_PEER body_len=32
[01:22:05] rpc RPC_TCP_GET_PEER resp_len=118 resp={"ok":true,"transport":"tcp","key":"fn_batch_1777915325412_3050822_1","size":13,"tcp_ns":318125,"val":"batch-value-1"}
[01:22:05] rpc RPC_TCP_GET_PEER body_len=32
[01:22:05] rpc RPC_TCP_GET_PEER resp_len=118 resp={"ok":true,"transport":"tcp","key":"fn_batch_1777915325412_3050822_2","size":13,"tcp_ns":195227,"val":"batch-value-2"}
[01:22:05] rpc RPC_TCP_GET_PEER body_len=32
[01:22:05] rpc RPC_TCP_GET_PEER resp_len=118 resp={"ok":true,"transport":"tcp","key":"fn_batch_1777915325412_3050822_3","size":13,"tcp_ns":246446,"val":"batch-value-3"}
[01:22:05] rpc RPC_TCP_GET_PEER body_len=32
[01:22:05] rpc RPC_TCP_GET_PEER resp_len=118 resp={"ok":true,"transport":"tcp","key":"fn_batch_1777915325412_3050822_4","size":13,"tcp_ns":195852,"val":"batch-value-4"}
[01:22:05] rpc RPC_TCP_GET_PEER body_len=32
[01:22:05] rpc RPC_TCP_GET_PEER resp_len=118 resp={"ok":true,"transport":"tcp","key":"fn_batch_1777915325412_3050822_5","size":13,"tcp_ns":211211,"val":"batch-value-5"}
[01:22:05] rpc RPC_TCP_GET_PEER body_len=32
[01:22:05] rpc RPC_TCP_GET_PEER resp_len=118 resp={"ok":true,"transport":"tcp","key":"fn_batch_1777915325412_3050822_6","size":13,"tcp_ns":226062,"val":"batch-value-6"}
[01:22:05] rpc RPC_TCP_GET_PEER body_len=32
[01:22:05] rpc RPC_TCP_GET_PEER resp_len=118 resp={"ok":true,"transport":"tcp","key":"fn_batch_1777915325412_3050822_7","size":13,"tcp_ns":179478,"val":"batch-value-7"}
[01:22:05] result=PASS completion=完成
