[06:53:57] start storage/FN-1 仿真引擎异构存储统一访问接口
[06:53:57] repo_root=/home/wangshouxin/native-rdma-web
[06:53:57] uds=/tmp/native_rdma-dp.sock ctrl_url=http://127.0.0.1:5000
[06:53:57] rpc RPC_TIER_STATS body_len=0
[06:53:57] rpc RPC_TIER_STATS resp_len=81 resp={"ok":true,"dram":0,"nvme":0,"hdd":0,"demoted_d_n":0,"demoted_n_h":0,"events":[]}
[06:53:57] rpc RPC_KV_PUT body_len=63
[06:53:57] rpc RPC_KV_PUT resp_len=372 resp={"ok":true,"key":"fn_storage_iface_nvme_1777935237035_307680","tenant_id":0,"size":20,"offset":2093056,"repl_ns":56902,"degraded":false,"transport":"rdma","async_repl":false,"tcp_data_ready":true,"qos":{"priority":"hi","qp_idx":0,"hi_qp_start":0,"hi_qp_count":16,"lo_qp_start":16,"lo_qp_count":13},"route":{"primary":"192.168.0.214","replica":"","local_is_primary":false}}
[06:53:57] rpc RPC_TIER_DEMOTE body_len=47
[06:53:57] rpc RPC_TIER_DEMOTE resp_len=74 resp={"ok":true,"key":"fn_storage_iface_nvme_1777935237035_307680","to":"nvme"}
[06:53:57] rpc RPC_TIER_STATS body_len=0
[06:53:57] rpc RPC_TIER_STATS resp_len=195 resp={"ok":true,"dram":0,"nvme":1,"hdd":0,"demoted_d_n":1,"demoted_n_h":0,"events":[{"ts_ns":7565291224867146,"key":"fn_storage_iface_nvme_1777935237035_307680","from":"dram","to":"nvme","bytes":20}]}
[06:53:57] rpc RPC_KV_GET body_len=42
[06:53:57] rpc RPC_KV_GET resp_len=71 resp={"ok":true,"hit":"nvme_promote","size":20,"val":"nvme-interface-probe"}
[06:53:57] rpc RPC_KV_PUT body_len=61
[06:53:57] rpc RPC_KV_PUT resp_len=370 resp={"ok":true,"key":"fn_storage_iface_hdd_1777935237035_307680","tenant_id":0,"size":19,"offset":4190208,"repl_ns":17589,"degraded":false,"transport":"rdma","async_repl":false,"tcp_data_ready":true,"qos":{"priority":"hi","qp_idx":1,"hi_qp_start":0,"hi_qp_count":16,"lo_qp_start":16,"lo_qp_count":13},"route":{"primary":"192.168.0.218","replica":"","local_is_primary":true}}
[06:53:57] rpc RPC_TIER_DEMOTE body_len=45
[06:53:57] rpc RPC_TIER_DEMOTE resp_len=72 resp={"ok":true,"key":"fn_storage_iface_hdd_1777935237035_307680","to":"hdd"}
[06:53:57] rpc RPC_TIER_STATS body_len=0
[06:53:57] rpc RPC_TIER_STATS resp_len=423 resp={"ok":true,"dram":1,"nvme":0,"hdd":1,"demoted_d_n":2,"demoted_n_h":0,"events":[{"ts_ns":7565291225296795,"key":"fn_storage_iface_hdd_1777935237035_307680","from":"dram","to":"hdd","bytes":19},{"ts_ns":7565291225059962,"key":"fn_storage_iface_nvme_1777935237035_307680","from":"nvme","to":"dram","bytes":20},{"ts_ns":7565291224867146,"key":"fn_storage_iface_nvme_1777935237035_307680","from":"dram","to":"nvme","bytes":20}]}
[06:53:57] rpc RPC_KV_GET body_len=41
[06:53:57] rpc RPC_KV_GET resp_len=69 resp={"ok":true,"hit":"hdd_promote","size":19,"val":"hdd-interface-probe"}
[06:53:57] result=PASS completion=完成
