============================================================
Sub-test B: large-object bandwidth utilization
============================================================

[restart] env: {'SLAB_SLOT_SIZE': '1048576', 'SLAB_TOTAL_BYTES': '4294967296', 'NR_ASYNC_REPL': '1'}

[restart] exit=0
══════════════════════════════════════════[0m

  ➤ 本端 Flask:   http://192.168.0.218:5000/
  ➤ Dashboard:    http://192.168.0.218:5000/
                  （前端只连本端 Flask；对端数据自动走 /api/peer/ 反向代理，无需配置 ?b= 参数）

  ➤ 健康检查:
      curl -s http://192.168.0.218:5000/api/demo3/cluster | python3 -m json.tool
      curl -s http://192.168.0.218:5000/api/peer/demo3/cluster | python3 -m json.tool

  ➤ 停止本端栈:
      bash scripts/demo_down.sh

  ➤ 日志:
      tail -f logs/dp_A.log
      tail -f logs/cp_A.stdout.log



[warmup-bw] $ /home/wangshouxin/native-rdma-web/native_rdma/build-current/bin/nr_bench --uds=/tmp/native_rdma-dp.sock --op=put --threads=4 --val-size=1048576 --duration=5 --keyspace=512 --shared-keyspace=1 --batch=1
exit=0
[nr_bench] uds=/tmp/native_rdma-dp.sock op=put threads=4 duration=5s val_size=1048576 keyspace=512(shared) prio=default require_peer=false batch=1

==== nr_bench result ====
  elapsed       : 5.00 s
  elapsed_ms    : 5000.78
  threads       : 4
  op            : put
  ops ok/fail   : 44355 / 0
  ops degraded  : 3549
  ops/s         : 8870
  req_bytes     : 46509889393 (9300.52 MB/s)
  resp_bytes    : 15355215 (3.07 MB/s)
  latency us    : avg=412.94  p50=407.59  p90=439.69  p99=548.38  p99.9=609.38  max=15868.49


[measured-bw threads=2] $ /home/wangshouxin/native-rdma-web/native_rdma/build-current/bin/nr_bench --uds=/tmp/native_rdma-dp.sock --op=put --threads=2 --val-size=1048576 --duration=15 --keyspace=512 --shared-keyspace=1 --require-peer=1 --batch=1
exit=0
[nr_bench] uds=/tmp/native_rdma-dp.sock op=put threads=2 duration=15s val_size=1048576 keyspace=512(shared) prio=default require_peer=true batch=1

==== nr_bench result ====
  elapsed       : 15.00 s
  elapsed_ms    : 15000.50
  threads       : 2
  op            : put
  ops ok/fail   : 70660 / 0
  ops degraded  : 0 (rejected)
  ops/s         : 4711
  req_bytes     : 74092859556 (4939.36 MB/s)
  resp_bytes    : 24472581 (1.63 MB/s)
  latency us    : avg=388.34  p50=387.01  p90=425.53  p99=518.42  p99.9=556.83  max=28895.55

network_samples={"samples": [{"ts_ns": 7540702731119528, "bw_tx_gbps": 73.57769106467661}, {"ts_ns": 7540702931262804, "bw_tx_gbps": 70.71596543999999}, {"ts_ns": 7540703131419788, "bw_tx_gbps": 39.55228672}, {"ts_ns": 7540703331553226, "bw_tx_gbps": 40.516976639999996}, {"ts_ns": 7540703531706586, "bw_tx_gbps": 40.18143232}, {"ts_ns": 7540703731854129, "bw_tx_gbps": 40.60086272}, {"ts_ns": 7540703931987252, "bw_tx_gbps": 40.39114752}, {"ts_ns": 7540704132109583, "bw_tx_gbps": 39.8145872238806}, {"ts_ns": 7540704332266750, "bw_tx_gbps": 40.22337536}, {"ts_ns": 7540704532401538, "bw_tx_gbps": 40.18143232}, {"ts_ns": 7540704732583444, "bw_tx_gbps": 40.43309056}, {"ts_ns": 7540704932722129, "bw_tx_gbps": 40.516976639999996}, {"ts_ns": 7540705132863831, "bw_tx_gbps": 40.516976639999996}, {"ts_ns": 7540705333011198, "bw_tx_gbps": 40.43309056}, {"ts_ns": 7540705533162479, "bw_tx_gbps": 40.14846216915423}, {"ts_ns": 7540705733318822, "bw_tx_gbps": 39.887831039999995}, {"ts_ns": 7540705933453556, "bw_tx_gbps": 40.39114752}, {"ts_ns": 7540706133595080, "bw_tx_gbps": 40.18143232}, {"ts_ns": 7540706333731952, "bw_tx_gbps": 39.97171712}, {"ts_ns": 7540706533875714, "bw_tx_gbps": 40.34920448}, {"ts_ns": 7540706734022612, "bw_tx_gbps": 40.558919679999995}, {"ts_ns": 7540706934166099, "bw_tx_gbps": 39.898055960199}, {"ts_ns": 7540707134310175, "bw_tx_gbps": 39.97171712}, {"ts_ns": 7540707334466802, "bw_tx_gbps": 40.13948927999999}, {"ts_ns": 7540707534604208, "bw_tx_gbps": 39.929774079999994}, {"ts_ns": 7540707734744734, "bw_tx_gbps": 39.55228672}, {"ts_ns": 7540708135067454, "bw_tx_gbps": 37.43572823880597}, {"ts_ns": 7540708335197877, "bw_tx_gbps": 38.00039424}, {"ts_ns": 7540708535333532, "bw_tx_gbps": 38.293995519999996}, {"ts_ns": 7540708735454214, "bw_tx_gbps": 38.335938559999995}, {"ts_ns": 7540708935585635, "bw_tx_gbps": 38.252052479999996}, {"ts_ns": 7540709135772253, "bw_tx_gbps": 38.12622336}, {"ts_ns": 7540709335919864, "bw_tx_gbps": 38.252052479999996}, {"ts_ns": 7540709536071242, "bw_tx_gbps": 38.22868123383084}, {"ts_ns": 7540709736253135, "bw_tx_gbps": 38.293995519999996}, {"ts_ns": 7540709936381919, "bw_tx_gbps": 38.12622336}, {"ts_ns": 7540710136527562, "bw_tx_gbps": 38.461767679999994}, {"ts_ns": 7540710336711411, "bw_tx_gbps": 37.91650816}, {"ts_ns": 7540710536840438, "bw_tx_gbps": 38.1681664}, {"ts_ns": 7540710736981059, "bw_tx_gbps": 38.293995519999996}, {"ts_ns": 7540710937134720, "bw_tx_gbps": 35.47421293532338}, {"ts_ns": 7540711137281364, "bw_tx_gbps": 37.91650816}, {"ts_ns": 7540711337432347, "bw_tx_gbps": 38.335938559999995}, {"ts_ns": 7540711537592009, "bw_tx_gbps": 38.3778816}, {"ts_ns": 7540711737728902, "bw_tx_gbps": 38.3778816}, {"ts_ns": 7540711937913223, "bw_tx_gbps": 38.21010944}, {"ts_ns": 7540712138058666, "bw_tx_gbps": 39.9397903283582}, {"ts_ns": 7540712338191679, "bw_tx_gbps": 39.720058879999996}, {"ts_ns": 7540712538322269, "bw_tx_gbps": 40.13948927999999}, {"ts_ns": 7540712738466366, "bw_tx_gbps": 39.97171712}, {"ts_ns": 7540712938613439, "bw_tx_gbps": 39.59422976}, {"ts_ns": 7540713138758131, "bw_tx_gbps": 39.6361728}, {"ts_ns": 7540713338899265, "bw_tx_gbps": 40.18143232}, {"ts_ns": 7540713539032360, "bw_tx_gbps": 40.01366016}, {"ts_ns": 7540713739181978, "bw_tx_gbps": 40.023259064676616}, {"ts_ns": 7540713939321818, "bw_tx_gbps": 38.00039424}, {"ts_ns": 7540714139462068, "bw_tx_gbps": 40.05560319999999}, {"ts_ns": 7540714339611735, "bw_tx_gbps": 40.26531839999999}, {"ts_ns": 7540714539754305, "bw_tx_gbps": 40.13948927999999}, {"ts_ns": 7540714739895955, "bw_tx_gbps": 40.26531839999999}, {"ts_ns": 7540714940053839, "bw_tx_gbps": 40.023259064676616}, {"ts_ns": 7540715140206437, "bw_tx_gbps": 40.39114752}, {"ts_ns": 7540715340354017, "bw_tx_gbps": 40.26531839999999}, {"ts_ns": 7540715540494833, "bw_tx_gbps": 40.39114752}, {"ts_ns": 7540715740628676, "bw_tx_gbps": 40.34920448}, {"ts_ns": 7540715940754296, "bw_tx_gbps": 40.18143232}, {"ts_ns": 7540716140899192, "bw_tx_gbps": 40.13948927999999}, {"ts_ns": 7540716341049674, "bw_tx_gbps": 39.929774079999994}, {"ts_ns": 7540716541190392, "bw_tx_gbps": 39.56418101492537}, {"ts_ns": 7540716741347133, "bw_tx_gbps": 39.845887999999995}, {"ts_ns": 7540716941489082, "bw_tx_gbps": 40.13948927999999}, {"ts_ns": 7540717141665353, "bw_tx_gbps": 39.97171712}, {"ts_ns": 7540717341814298, "bw_tx_gbps": 40.34920448}, {"ts_ns": 7540717541949990, "bw_tx_gbps": 39.51034368}, {"ts_ns": 7540717742108487, "bw_tx_gbps": 39.35550917412935}, {"ts_ns": 7540717942253764, "bw_tx_gbps": 37.41319168}], "positive_samples": 76, "network_tx_gbps_avg": 40.33263703411363, "network_tx_gbps_peak": 73.57769106467661}

[measured-bw threads=3] $ /home/wangshouxin/native-rdma-web/native_rdma/build-current/bin/nr_bench --uds=/tmp/native_rdma-dp.sock --op=put --threads=3 --val-size=1048576 --duration=15 --keyspace=512 --shared-keyspace=1 --require-peer=1 --batch=1
exit=0
[nr_bench] uds=/tmp/native_rdma-dp.sock op=put threads=3 duration=15s val_size=1048576 keyspace=512(shared) prio=default require_peer=true batch=1

==== nr_bench result ====
  elapsed       : 15.00 s
  elapsed_ms    : 15000.85
  threads       : 3
  op            : put
  ops ok/fail   : 106791 / 0
  ops degraded  : 0 (rejected)
  ops/s         : 7119
  req_bytes     : 111979204163 (7464.86 MB/s)
  resp_bytes    : 36986140 (2.47 MB/s)
  latency us    : avg=382.81  p50=381.38  p90=400.76  p99=525.00  p99.9=588.36  max=27984.95

network_samples={"samples": [{"ts_ns": 7540717942253764, "bw_tx_gbps": 37.41319168}, {"ts_ns": 7540718142374391, "bw_tx_gbps": 53.267660799999994}, {"ts_ns": 7540718342512295, "bw_tx_gbps": 57.4619648}, {"ts_ns": 7540718542668691, "bw_tx_gbps": 59.181629439999995}, {"ts_ns": 7540718742838866, "bw_tx_gbps": 59.26551552}, {"ts_ns": 7540718943020323, "bw_tx_gbps": 57.37807872}, {"ts_ns": 7540719143154525, "bw_tx_gbps": 55.298037810945274}, {"ts_ns": 7540719343334119, "bw_tx_gbps": 58.76219904}, {"ts_ns": 7540719543486838, "bw_tx_gbps": 56.035901439999996}, {"ts_ns": 7540719743641879, "bw_tx_gbps": 58.97191424}, {"ts_ns": 7540719943787792, "bw_tx_gbps": 58.97191424}, {"ts_ns": 7540720143955459, "bw_tx_gbps": 58.72025599999999}, {"ts_ns": 7540720344127613, "bw_tx_gbps": 58.720256}, {"ts_ns": 7540720544264210, "bw_tx_gbps": 56.66504704}, {"ts_ns": 7540720744456097, "bw_tx_gbps": 56.79087616}, {"ts_ns": 7540720944631491, "bw_tx_gbps": 57.08447743999999}, {"ts_ns": 7540721144802820, "bw_tx_gbps": 55.406755839999995}, {"ts_ns": 7540721344955901, "bw_tx_gbps": 60.607692799999995}, {"ts_ns": 7540721545121544, "bw_tx_gbps": 60.306161990049745}, {"ts_ns": 7540721745283250, "bw_tx_gbps": 58.63636992}, {"ts_ns": 7540721945454328, "bw_tx_gbps": 60.523806719999996}, {"ts_ns": 7540722145643261, "bw_tx_gbps": 60.020490239999994}, {"ts_ns": 7540722345803342, "bw_tx_gbps": 60.43992064}, {"ts_ns": 7540722545969632, "bw_tx_gbps": 60.35603455999999}, {"ts_ns": 7540722746128213, "bw_tx_gbps": 60.09749014925373}, {"ts_ns": 7540722946295748, "bw_tx_gbps": 60.649635839999995}, {"ts_ns": 7540723146445416, "bw_tx_gbps": 60.523806719999996}, {"ts_ns": 7540723346612686, "bw_tx_gbps": 60.77546496}, {"ts_ns": 7540723546768708, "bw_tx_gbps": 60.31409152}, {"ts_ns": 7540723746903684, "bw_tx_gbps": 60.06243328}, {"ts_ns": 7540723947047528, "bw_tx_gbps": 60.35603455999999}, {"ts_ns": 7540724147208792, "bw_tx_gbps": 59.34627152238805}, {"ts_ns": 7540724347348638, "bw_tx_gbps": 59.64300287999999}, {"ts_ns": 7540724547489079, "bw_tx_gbps": 55.95201536}, {"ts_ns": 7540724747612985, "bw_tx_gbps": 55.86812927999999}, {"ts_ns": 7540724947786444, "bw_tx_gbps": 56.623104}, {"ts_ns": 7540725147963687, "bw_tx_gbps": 60.23020544}, {"ts_ns": 7540725348201195, "bw_tx_gbps": 60.26442762189055}, {"ts_ns": 7540725548374852, "bw_tx_gbps": 59.936604159999995}, {"ts_ns": 7540725748510482, "bw_tx_gbps": 60.649635839999995}, {"ts_ns": 7540725948649640, "bw_tx_gbps": 60.523806719999996}, {"ts_ns": 7540726148797772, "bw_tx_gbps": 60.649635839999995}, {"ts_ns": 7540726348930955, "bw_tx_gbps": 60.35603455999999}, {"ts_ns": 7540726549087046, "bw_tx_gbps": 60.38963072636816}, {"ts_ns": 7540726749221072, "bw_tx_gbps": 60.56574976}, {"ts_ns": 7540726949348864, "bw_tx_gbps": 60.607692799999995}, {"ts_ns": 7540727149473907, "bw_tx_gbps": 60.56574976}, {"ts_ns": 7540727349621379, "bw_tx_gbps": 60.56574976}, {"ts_ns": 7540727549761643, "bw_tx_gbps": 57.4619648}, {"ts_ns": 7540727749907758, "bw_tx_gbps": 56.37144575999999}, {"ts_ns": 7540727950051731, "bw_tx_gbps": 58.76219904}, {"ts_ns": 7540728150187195, "bw_tx_gbps": 58.51158415920398}, {"ts_ns": 7540728350326367, "bw_tx_gbps": 59.43328767999999}, {"ts_ns": 7540728550516081, "bw_tx_gbps": 61.65626879999999}, {"ts_ns": 7540728750644228, "bw_tx_gbps": 61.65626879999999}, {"ts_ns": 7540728950789115, "bw_tx_gbps": 61.65626879999999}, {"ts_ns": 7540729150934050, "bw_tx_gbps": 62.28541439999999}, {"ts_ns": 7540729351082064, "bw_tx_gbps": 61.85033361194029}, {"ts_ns": 7540729551205991, "bw_tx_gbps": 62.11764224}, {"ts_ns": 7540729751318213, "bw_tx_gbps": 61.69821184}, {"ts_ns": 7540729951447283, "bw_tx_gbps": 62.033756159999996}, {"ts_ns": 7540730151562822, "bw_tx_gbps": 61.82404096}, {"ts_ns": 7540730351672463, "bw_tx_gbps": 60.85935103999999}, {"ts_ns": 7540730551818714, "bw_tx_gbps": 61.78209791999999}, {"ts_ns": 7540730751970596, "bw_tx_gbps": 61.865984}, {"ts_ns": 7540730952092282, "bw_tx_gbps": 61.766864875621884}, {"ts_ns": 7540731152239846, "bw_tx_gbps": 61.65626879999999}, {"ts_ns": 7540731352389151, "bw_tx_gbps": 61.40461056}, {"ts_ns": 7540731552535307, "bw_tx_gbps": 61.865984}, {"ts_ns": 7540731752685138, "bw_tx_gbps": 61.94987008}, {"ts_ns": 7540731952830262, "bw_tx_gbps": 62.033756159999996}, {"ts_ns": 7540732152977345, "bw_tx_gbps": 60.77546496}, {"ts_ns": 7540732353099785, "bw_tx_gbps": 61.474724298507454}, {"ts_ns": 7540732553247029, "bw_tx_gbps": 58.510540799999994}, {"ts_ns": 7540732753417604, "bw_tx_gbps": 60.43992064}, {"ts_ns": 7540732953565348, "bw_tx_gbps": 57.042534399999994}], "positive_samples": 76, "network_tx_gbps_avg": 59.37564757534432, "network_tx_gbps_peak": 62.28541439999999}

[measured-bw threads=4] $ /home/wangshouxin/native-rdma-web/native_rdma/build-current/bin/nr_bench --uds=/tmp/native_rdma-dp.sock --op=put --threads=4 --val-size=1048576 --duration=15 --keyspace=512 --shared-keyspace=1 --require-peer=1 --batch=1
exit=0
[nr_bench] uds=/tmp/native_rdma-dp.sock op=put threads=4 duration=15s val_size=1048576 keyspace=512(shared) prio=default require_peer=true batch=1

==== nr_bench result ====
  elapsed       : 15.00 s
  elapsed_ms    : 15000.88
  threads       : 4
  op            : put
  ops ok/fail   : 87139 / 55505
  ops degraded  : 0 (rejected)
  ops/s         : 5809
  req_bytes     : 91372455222 (6091.14 MB/s)
  resp_bytes    : 30188815 (2.01 MB/s)
  latency us    : avg=412.93  p50=407.11  p90=440.44  p99=554.31  p99.9=608.67  max=29925.13

network_samples={"samples": [{"ts_ns": 7540732953565348, "bw_tx_gbps": 57.042534399999994}, {"ts_ns": 7540733153710600, "bw_tx_gbps": 67.15080703999999}, {"ts_ns": 7540733353867075, "bw_tx_gbps": 76.83964927999999}, {"ts_ns": 7540733554165964, "bw_tx_gbps": 74.62105026865672}, {"ts_ns": 7540733754337886, "bw_tx_gbps": 75.07804159999999}, {"ts_ns": 7540733954500563, "bw_tx_gbps": 74.07140863999999}, {"ts_ns": 7540734154651942, "bw_tx_gbps": 74.53278208}, {"ts_ns": 7540734354805995, "bw_tx_gbps": 74.53278208}, {"ts_ns": 7540734554935998, "bw_tx_gbps": 74.6586112}, {"ts_ns": 7540734755108545, "bw_tx_gbps": 74.07850348258705}, {"ts_ns": 7540734955244560, "bw_tx_gbps": 74.95221248}, {"ts_ns": 7540735155362250, "bw_tx_gbps": 75.07804159999999}, {"ts_ns": 7540735355517882, "bw_tx_gbps": 74.99415551999999}, {"ts_ns": 7540735555679197, "bw_tx_gbps": 74.99415551999999}, {"ts_ns": 7540735755860093, "bw_tx_gbps": 74.8683264}, {"ts_ns": 7540735956043125, "bw_tx_gbps": 74.78444031999999}, {"ts_ns": 7540736156212546, "bw_tx_gbps": 74.20370658706467}, {"ts_ns": 7540736356384421, "bw_tx_gbps": 74.57472512}, {"ts_ns": 7540736556553061, "bw_tx_gbps": 74.53278208}, {"ts_ns": 7540736756701412, "bw_tx_gbps": 74.8683264}, {"ts_ns": 7540736956848505, "bw_tx_gbps": 75.11998464}, {"ts_ns": 7540737156999542, "bw_tx_gbps": 74.91026944}, {"ts_ns": 7540737357150710, "bw_tx_gbps": 72.2839256517413}, {"ts_ns": 7540737557317142, "bw_tx_gbps": 74.8683264}, {"ts_ns": 7540737757484995, "bw_tx_gbps": 73.98752255999999}, {"ts_ns": 7540737957642405, "bw_tx_gbps": 76.46216192}, {"ts_ns": 7540738157781673, "bw_tx_gbps": 77.13325056}, {"ts_ns": 7540738357945800, "bw_tx_gbps": 76.83964927999999}, {"ts_ns": 7540738558103596, "bw_tx_gbps": 76.83297178109453}, {"ts_ns": 7540738758336973, "bw_tx_gbps": 76.7557632}, {"ts_ns": 7540738958485258, "bw_tx_gbps": 74.82638336}, {"ts_ns": 7540739158612211, "bw_tx_gbps": 69.75127552}, {"ts_ns": 7540739358736544, "bw_tx_gbps": 72.30980095999999}, {"ts_ns": 7540739558863796, "bw_tx_gbps": 75.20387072}, {"ts_ns": 7540739759005940, "bw_tx_gbps": 74.70055423999999}, {"ts_ns": 7540739959151479, "bw_tx_gbps": 74.4958471641791}, {"ts_ns": 7540740159310915, "bw_tx_gbps": 74.78444031999999}, {"ts_ns": 7540740359455750, "bw_tx_gbps": 75.32969984}, {"ts_ns": 7540740559599626, "bw_tx_gbps": 75.45552896}, {"ts_ns": 7540740759765890, "bw_tx_gbps": 75.74913024}, {"ts_ns": 7540740959908365, "bw_tx_gbps": 75.74913024}, {"ts_ns": 7540741160111145, "bw_tx_gbps": 53.5869287164179}, {"ts_ns": 7540741360274524, "bw_tx_gbps": 18.4549376}, {"ts_ns": 7540741560435146, "bw_tx_gbps": 18.70659584}, {"ts_ns": 7540741760618698, "bw_tx_gbps": 18.28716544}, {"ts_ns": 7540741960783326, "bw_tx_gbps": 18.28716544}, {"ts_ns": 7540742160937518, "bw_tx_gbps": 18.496880639999997}, {"ts_ns": 7540742361115975, "bw_tx_gbps": 16.56854415920398}, {"ts_ns": 7540742561277598, "bw_tx_gbps": 18.874367999999997}, {"ts_ns": 7540742761440017, "bw_tx_gbps": 19.126026239999998}, {"ts_ns": 7540742961617298, "bw_tx_gbps": 19.0840832}, {"ts_ns": 7540743161784427, "bw_tx_gbps": 19.167969279999998}, {"ts_ns": 7540743361947823, "bw_tx_gbps": 19.0840832}, {"ts_ns": 7540743562122055, "bw_tx_gbps": 19.030871880597015}, {"ts_ns": 7540743762280128, "bw_tx_gbps": 18.11939328}, {"ts_ns": 7540743962446037, "bw_tx_gbps": 17.15470336}, {"ts_ns": 7540744162654912, "bw_tx_gbps": 18.371051519999998}, {"ts_ns": 7540744362813941, "bw_tx_gbps": 16.73527296}, {"ts_ns": 7540744562986571, "bw_tx_gbps": 18.2452224}, {"ts_ns": 7540744763127056, "bw_tx_gbps": 16.944153472636817}, {"ts_ns": 7540744963291375, "bw_tx_gbps": 17.280532479999998}, {"ts_ns": 7540745163422697, "bw_tx_gbps": 17.23858944}, {"ts_ns": 7540745363547751, "bw_tx_gbps": 17.280532479999998}, {"ts_ns": 7540745563709256, "bw_tx_gbps": 17.280532479999998}, {"ts_ns": 7540745763882532, "bw_tx_gbps": 17.783848959999997}, {"ts_ns": 7540745964161168, "bw_tx_gbps": 16.985887840796018}, {"ts_ns": 7540746164304404, "bw_tx_gbps": 17.1966464}, {"ts_ns": 7540746364456906, "bw_tx_gbps": 17.74190592}, {"ts_ns": 7540746564605436, "bw_tx_gbps": 17.90967808}, {"ts_ns": 7540746764740503, "bw_tx_gbps": 17.90967808}, {"ts_ns": 7540746964901658, "bw_tx_gbps": 17.99356416}, {"ts_ns": 7540747165061414, "bw_tx_gbps": 17.904043940298507}, {"ts_ns": 7540747365242664, "bw_tx_gbps": 17.74190592}, {"ts_ns": 7540747565403975, "bw_tx_gbps": 17.86773504}, {"ts_ns": 7540747765568519, "bw_tx_gbps": 17.99356416}, {"ts_ns": 7540747965698105, "bw_tx_gbps": 17.99356416}], "positive_samples": 76, "network_tx_gbps_avg": 48.79518625349043, "network_tx_gbps_peak": 77.13325056}


============================================================
Sub-test A: 1KB ops throughput
============================================================

[restart] env: {'SLAB_SLOT_SIZE': '4096', 'SLAB_TOTAL_BYTES': '4294967296', 'NR_ASYNC_REPL': '1'}

[restart] exit=0
══════════════════════════════════════════[0m

  ➤ 本端 Flask:   http://192.168.0.218:5000/
  ➤ Dashboard:    http://192.168.0.218:5000/
                  （前端只连本端 Flask；对端数据自动走 /api/peer/ 反向代理，无需配置 ?b= 参数）

  ➤ 健康检查:
      curl -s http://192.168.0.218:5000/api/demo3/cluster | python3 -m json.tool
      curl -s http://192.168.0.218:5000/api/peer/demo3/cluster | python3 -m json.tool

  ➤ 停止本端栈:
      bash scripts/demo_down.sh

  ➤ 日志:
      tail -f logs/dp_A.log
      tail -f logs/cp_A.stdout.log



[measured-ops] $ /home/wangshouxin/native-rdma-web/native_rdma/build-current/bin/nr_bench --uds=/tmp/native_rdma-dp.sock --op=put --threads=4 --val-size=1024 --duration=15 --require-peer=1 --batch=64
exit=0
[nr_bench] uds=/tmp/native_rdma-dp.sock op=put threads=4 duration=15s val_size=1024 keyspace=10000 prio=default require_peer=true batch=64

==== nr_bench result ====
  elapsed       : 15.00 s
  elapsed_ms    : 15000.34
  threads       : 4
  op            : put
  ops ok/fail   : 3493440 / 12072448
  ops degraded  : 0 (rejected)
  ops/s         : 232891
  req_bytes     : 3629517602 (241.96 MB/s)
  resp_bytes    : 10548068 (0.70 MB/s)
  latency us    : avg=3.32  p50=2.23  p90=4.19  p99=36.92  p99.9=132.11  max=325.75

