[09:43:48] start storage/FN-2 多层感知、冷热分离与调度
[09:43:48] repo_root=/home/wangshouxin/native-rdma-web
[09:43:48] uds=/tmp/native_rdma-dp.sock ctrl_url=http://127.0.0.1:5000
[09:43:48] rpc RPC_ADMIN_FLUSH body_len=0
[09:43:48] rpc RPC_ADMIN_FLUSH resp_len=27 resp={"ok":true,"freed_slabs":0}
[09:43:48] rpc RPC_KV_PUT body_len=66
[09:43:48] rpc RPC_KV_PUT resp_len=375 resp={"ok":true,"key":"fn_storage_tier_manual_1780019028772_3153484","tenant_id":0,"size":21,"offset":16019456,"repl_ns":33400,"degraded":false,"transport":"rdma","async_repl":false,"tcp_data_ready":true,"qos":{"priority":"hi","qp_idx":2,"hi_qp_start":0,"hi_qp_count":16,"lo_qp_start":16,"lo_qp_count":13},"route":{"primary":"192.168.0.214","replica":"","local_is_primary":false}}
[09:43:48] rpc RPC_TIER_DEMOTE body_len=49
[09:43:48] rpc RPC_TIER_DEMOTE resp_len=76 resp={"ok":true,"key":"fn_storage_tier_manual_1780019028772_3153484","to":"nvme"}
[09:43:48] rpc RPC_KV_GET body_len=44
[09:43:48] rpc RPC_KV_GET resp_len=72 resp={"ok":true,"hit":"nvme_promote","size":21,"val":"tiering_probe_payload"}
[09:43:48] rpc RPC_KV_PUT body_len=68
[09:43:48] rpc RPC_KV_PUT resp_len=385 resp={"ok":true,"key":"fn_storage_tier_cold_1780019028773_3153484","tenant_id":0,"size":25,"offset":8687616,"repl_ns":17949,"degraded":false,"transport":"rdma","async_repl":false,"tcp_data_ready":true,"qos":{"priority":"hi","qp_idx":3,"hi_qp_start":0,"hi_qp_count":16,"lo_qp_start":16,"lo_qp_count":13},"route":{"primary":"192.168.0.214","replica":"192.168.0.218","local_is_primary":false}}
[09:43:48] rpc RPC_KV_PUT body_len=66
[09:43:48] rpc RPC_KV_PUT resp_len=385 resp={"ok":true,"key":"fn_storage_tier_hot_1780019028773_3153484","tenant_id":0,"size":24,"offset":21245952,"repl_ns":20496,"degraded":false,"transport":"rdma","async_repl":false,"tcp_data_ready":true,"qos":{"priority":"hi","qp_idx":4,"hi_qp_start":0,"hi_qp_count":16,"lo_qp_start":16,"lo_qp_count":13},"route":{"primary":"192.168.0.214","replica":"192.168.0.218","local_is_primary":false}}
[09:43:48] rpc RPC_KV_GET body_len=41
[09:43:48] rpc RPC_KV_GET resp_len=68 resp={"ok":true,"hit":"local","size":24,"val":"auto-hot-tiering-payload"}
[09:43:48] rpc RPC_TIER_STATS body_len=0
[09:43:48] rpc RPC_TIER_STATS resp_len=314 resp={"ok":true,"dram":3,"nvme":0,"hdd":0,"demoted_d_n":1,"demoted_n_h":0,"events":[{"ts_ns":9649082962631876,"key":"fn_storage_tier_manual_1780019028772_3153484","from":"nvme","to":"dram","bytes":21},{"ts_ns":9649082962528294,"key":"fn_storage_tier_manual_1780019028772_3153484","from":"dram","to":"nvme","bytes":21}]}
[09:43:49] rpc RPC_KV_GET body_len=41
[09:43:49] rpc RPC_KV_GET resp_len=68 resp={"ok":true,"hit":"local","size":24,"val":"auto-hot-tiering-payload"}
[09:43:49] rpc RPC_TIER_STATS body_len=0
[09:43:49] rpc RPC_TIER_STATS resp_len=314 resp={"ok":true,"dram":3,"nvme":0,"hdd":0,"demoted_d_n":1,"demoted_n_h":0,"events":[{"ts_ns":9649082962631876,"key":"fn_storage_tier_manual_1780019028772_3153484","from":"nvme","to":"dram","bytes":21},{"ts_ns":9649082962528294,"key":"fn_storage_tier_manual_1780019028772_3153484","from":"dram","to":"nvme","bytes":21}]}
[09:43:50] rpc RPC_KV_GET body_len=41
[09:43:50] rpc RPC_KV_GET resp_len=68 resp={"ok":true,"hit":"local","size":24,"val":"auto-hot-tiering-payload"}
[09:43:50] rpc RPC_TIER_STATS body_len=0
[09:43:50] rpc RPC_TIER_STATS resp_len=314 resp={"ok":true,"dram":3,"nvme":0,"hdd":0,"demoted_d_n":1,"demoted_n_h":0,"events":[{"ts_ns":9649082962631876,"key":"fn_storage_tier_manual_1780019028772_3153484","from":"nvme","to":"dram","bytes":21},{"ts_ns":9649082962528294,"key":"fn_storage_tier_manual_1780019028772_3153484","from":"dram","to":"nvme","bytes":21}]}
[09:43:51] rpc RPC_KV_GET body_len=41
[09:43:51] rpc RPC_KV_GET resp_len=68 resp={"ok":true,"hit":"local","size":24,"val":"auto-hot-tiering-payload"}
[09:43:51] rpc RPC_TIER_STATS body_len=0
[09:43:51] rpc RPC_TIER_STATS resp_len=314 resp={"ok":true,"dram":3,"nvme":0,"hdd":0,"demoted_d_n":1,"demoted_n_h":0,"events":[{"ts_ns":9649082962631876,"key":"fn_storage_tier_manual_1780019028772_3153484","from":"nvme","to":"dram","bytes":21},{"ts_ns":9649082962528294,"key":"fn_storage_tier_manual_1780019028772_3153484","from":"dram","to":"nvme","bytes":21}]}
[09:43:52] rpc RPC_KV_GET body_len=41
[09:43:52] rpc RPC_KV_GET resp_len=68 resp={"ok":true,"hit":"local","size":24,"val":"auto-hot-tiering-payload"}
[09:43:52] rpc RPC_TIER_STATS body_len=0
[09:43:52] rpc RPC_TIER_STATS resp_len=429 resp={"ok":true,"dram":2,"nvme":1,"hdd":0,"demoted_d_n":2,"demoted_n_h":0,"events":[{"ts_ns":9649086236696135,"key":"fn_storage_tier_cold_1780019028773_3153484","from":"dram","to":"nvme","bytes":25},{"ts_ns":9649082962631876,"key":"fn_storage_tier_manual_1780019028772_3153484","from":"nvme","to":"dram","bytes":21},{"ts_ns":9649082962528294,"key":"fn_storage_tier_manual_1780019028772_3153484","from":"dram","to":"nvme","bytes":21}]}
[09:43:52] rpc RPC_TIER_STATS body_len=0
[09:43:52] rpc RPC_TIER_STATS resp_len=429 resp={"ok":true,"dram":2,"nvme":1,"hdd":0,"demoted_d_n":2,"demoted_n_h":0,"events":[{"ts_ns":9649086236696135,"key":"fn_storage_tier_cold_1780019028773_3153484","from":"dram","to":"nvme","bytes":25},{"ts_ns":9649082962631876,"key":"fn_storage_tier_manual_1780019028772_3153484","from":"nvme","to":"dram","bytes":21},{"ts_ns":9649082962528294,"key":"fn_storage_tier_manual_1780019028772_3153484","from":"dram","to":"nvme","bytes":21}]}
[09:43:52] rpc RPC_KV_GET body_len=42
[09:43:52] rpc RPC_KV_GET resp_len=76 resp={"ok":true,"hit":"nvme_promote","size":25,"val":"auto-cold-tiering-payload"}
[09:43:52] rpc RPC_KV_GET body_len=41
[09:43:52] rpc RPC_KV_GET resp_len=68 resp={"ok":true,"hit":"local","size":24,"val":"auto-hot-tiering-payload"}
[09:43:52] result=PASS completion=完成
