[10:04:50] start storage/FN-1 仿真引擎异构存储统一访问接口
[10:04:50] repo_root=/home/wangshouxin/native-rdma-web
[10:04:50] uds=/tmp/native_rdma-dp.sock ctrl_url=http://127.0.0.1:5000
[10:04:50] rpc RPC_TIER_STATS body_len=0
[10:04:50] rpc RPC_TIER_STATS resp_len=81 resp={"ok":true,"dram":0,"nvme":0,"hdd":0,"demoted_d_n":0,"demoted_n_h":0,"events":[]}
[10:04:50] rpc RPC_KV_PUT body_len=63
[10:04:50] rpc RPC_KV_PUT resp_len=372 resp={"ok":true,"key":"fn_storage_iface_nvme_1777946690437_664285","tenant_id":0,"size":20,"offset":2093056,"repl_ns":57041,"degraded":false,"transport":"rdma","async_repl":false,"tcp_data_ready":true,"qos":{"priority":"hi","qp_idx":0,"hi_qp_start":0,"hi_qp_count":16,"lo_qp_start":16,"lo_qp_count":13},"route":{"primary":"192.168.0.214","replica":"","local_is_primary":false}}
[10:04:50] rpc RPC_TIER_DEMOTE body_len=47
[10:04:50] rpc RPC_TIER_DEMOTE resp_len=74 resp={"ok":true,"key":"fn_storage_iface_nvme_1777946690437_664285","to":"nvme"}
[10:04:50] rpc RPC_TIER_STATS body_len=0
[10:04:50] rpc RPC_TIER_STATS resp_len=195 resp={"ok":true,"dram":0,"nvme":1,"hdd":0,"demoted_d_n":1,"demoted_n_h":0,"events":[{"ts_ns":7576744627630773,"key":"fn_storage_iface_nvme_1777946690437_664285","from":"dram","to":"nvme","bytes":20}]}
[10:04:50] rpc RPC_KV_GET body_len=42
[10:04:50] rpc RPC_KV_GET resp_len=71 resp={"ok":true,"hit":"nvme_promote","size":20,"val":"nvme-interface-probe"}
[10:04:50] rpc RPC_KV_PUT body_len=61
[10:04:50] rpc RPC_KV_PUT resp_len=370 resp={"ok":true,"key":"fn_storage_iface_hdd_1777946690438_664285","tenant_id":0,"size":19,"offset":4190208,"repl_ns":18276,"degraded":false,"transport":"rdma","async_repl":false,"tcp_data_ready":true,"qos":{"priority":"hi","qp_idx":1,"hi_qp_start":0,"hi_qp_count":16,"lo_qp_start":16,"lo_qp_count":13},"route":{"primary":"192.168.0.218","replica":"","local_is_primary":true}}
[10:04:50] rpc RPC_TIER_DEMOTE body_len=45
[10:04:50] rpc RPC_TIER_DEMOTE resp_len=72 resp={"ok":true,"key":"fn_storage_iface_hdd_1777946690438_664285","to":"hdd"}
[10:04:50] rpc RPC_TIER_STATS body_len=0
[10:04:50] rpc RPC_TIER_STATS resp_len=423 resp={"ok":true,"dram":1,"nvme":0,"hdd":1,"demoted_d_n":2,"demoted_n_h":0,"events":[{"ts_ns":7576744628212308,"key":"fn_storage_iface_hdd_1777946690438_664285","from":"dram","to":"hdd","bytes":19},{"ts_ns":7576744627974761,"key":"fn_storage_iface_nvme_1777946690437_664285","from":"nvme","to":"dram","bytes":20},{"ts_ns":7576744627630773,"key":"fn_storage_iface_nvme_1777946690437_664285","from":"dram","to":"nvme","bytes":20}]}
[10:04:50] rpc RPC_KV_GET body_len=41
[10:04:50] rpc RPC_KV_GET resp_len=69 resp={"ok":true,"hit":"hdd_promote","size":19,"val":"hdd-interface-probe"}
[10:04:50] result=PASS completion=完成
