[restart] env: {'SLAB_SLOT_SIZE': '1048576', 'SLAB_TOTAL_BYTES': '4294967296', 'NR_ASYNC_REPL': '1', 'NR_SKIP_FLASK': '1'}
[restart] exit=0

[write]

$ /home/wangshouxin/native-rdma-web/native_rdma/build-current/bin/nr_bench --uds=/tmp/native_rdma-dp.sock --op=put --threads=6 --val-size=1048576 --duration=3 --keyspace=512 --shared-keyspace=1 --require-peer=1 --batch=2
exit=0
[nr_bench] uds=/tmp/native_rdma-dp.sock op=put threads=6 duration=3s val_size=1048576 keyspace=512(shared) prio=default require_peer=true batch=2 max_iops=0

==== nr_bench result ====
  elapsed       : 3.00 s
  elapsed_ms    : 3001.39
  threads       : 6
  op            : put
  ops ok/fail   : 32904 / 0
  ops degraded  : 0 (rejected)
  ops/s         : 10963
  req_bytes     : 34502798242 (11495.60 MB/s)
  resp_bytes    : 3110082 (1.04 MB/s)
  latency us    : avg=474.42  p50=445.47  p90=573.80  p99=802.04  p99.9=1352.37  max=3001.56



[drain] wait 8.0s for async RDMA completions before read phase


[read]

$ /home/wangshouxin/native-rdma-web/native_rdma/build-current/bin/nr_bench --uds=/tmp/native_rdma-dp.sock --op=get-raw --threads=12 --val-size=1048576 --duration=3 --keyspace=512 --shared-keyspace=1 --require-peer=1
exit=0
[nr_bench] uds=/tmp/native_rdma-dp.sock op=get-raw threads=12 duration=3s val_size=1048576 keyspace=512(shared) prio=default require_peer=true batch=1 max_iops=0

==== nr_bench result ====
  elapsed       : 3.00 s
  elapsed_ms    : 3001.32
  threads       : 12
  op            : get-raw
  ops ok/fail   : 62044 / 0
  ops degraded  : 0 (rejected)
  ops/s         : 20672
  req_bytes     : 358899 (0.12 MB/s)
  resp_bytes    : 65058159564 (21676.48 MB/s)
  latency us    : avg=579.03  p50=565.19  p90=681.29  p99=1007.09  p99.9=1509.49  max=6041.03



[restore]

[restart] env: {'SLAB_SLOT_SIZE': '4096', 'SLAB_TOTAL_BYTES': '4294967296', 'NR_ASYNC_REPL': '0', 'NR_SKIP_FLASK': '1'}
[restart] exit=0
