[warmup] $ /home/wangshouxin/native-rdma-web/native_rdma/build-current/bin/nr_bench --uds=/tmp/native_rdma-dp.sock --op=put --batch=100 --count=20 --val-size=1024 --keyspace=1000
exit=0
[nr_bench] uds=/tmp/native_rdma-dp.sock op=put threads=8 duration=10s val_size=1024 keyspace=1000 prio=default require_peer=false batch=100

==== nr_bench result ====
  elapsed       : 0.00 s
  elapsed_ms    : 2.19
  threads       : 8
  op            : put
  ops ok/fail   : 2000 / 0
  ops degraded  : 0
  ops/s         : 911217
  req_bytes     : 2075860 (945.78 MB/s)
  resp_bytes    : 3860 (1.76 MB/s)
  latency us    : avg=0.87  p50=0.89  p90=1.06  p99=1.72  p99.9=1.72  max=1.72


[scenario-A] $ /home/wangshouxin/native-rdma-web/native_rdma/build-current/bin/nr_bench --uds=/tmp/native_rdma-dp.sock --op=put --batch=100 --count=1000 --val-size=1024 --keyspace=1000
exit=0
[nr_bench] uds=/tmp/native_rdma-dp.sock op=put threads=8 duration=10s val_size=1024 keyspace=1000 prio=default require_peer=false batch=100

==== nr_bench result ====
  elapsed       : 0.06 s
  elapsed_ms    : 64.99
  threads       : 8
  op            : put
  ops ok/fail   : 100000 / 0
  ops degraded  : 0
  ops/s         : 1538649
  req_bytes     : 103793000 (1597.01 MB/s)
  resp_bytes    : 193000 (2.97 MB/s)
  latency us    : avg=0.49  p50=0.47  p90=0.54  p99=0.71  p99.9=4.97  max=4.97


[scenario-B] $ /home/wangshouxin/native-rdma-web/native_rdma/build-current/bin/nr_bench --uds=/tmp/native_rdma-dp.sock --op=put --batch=1000 --count=100 --val-size=1024 --keyspace=1000
exit=0
[nr_bench] uds=/tmp/native_rdma-dp.sock op=put threads=8 duration=10s val_size=1024 keyspace=1000 prio=default require_peer=false batch=1000

==== nr_bench result ====
  elapsed       : 0.05 s
  elapsed_ms    : 49.74
  threads       : 8
  op            : put
  ops ok/fail   : 100000 / 0
  ops degraded  : 0
  ops/s         : 2010544
  req_bytes     : 103789400 (2086.73 MB/s)
  resp_bytes    : 19600 (0.39 MB/s)
  latency us    : avg=0.34  p50=0.32  p90=0.36  p99=0.86  p99.9=0.86  max=0.86

