[23:30:57] start mempool/FN-4 跨节点内存自适应分配与热数据迁移
[23:30:57] repo_root=/home/wangshouxin/native-rdma-web
[23:30:57] uds=/tmp/native_rdma-dp.sock ctrl_url=http://127.0.0.1:5000
[23:30:57] rpc RPC_CLUSTER_STATUS body_len=0
[23:30:57] rpc RPC_CLUSTER_STATUS resp_len=573 resp={"ok":true,"self":"A","peer_alive":true,"local_slab_base":140331363024896,"local_slab_len":4294967296,"local_slab_lkey":96256,"local_slab_rkey":96256,"peer_slab_base":140252278923264,"peer_slab_len":4294967296,"peer_slab_rkey":71936,"peer_num_qp":32,"local_gpu_enabled":false,"local_gpu_len":0,"local_gpu_lkey":0,"local_gpu_rkey":0,"peer_gpu_enabled":false,"peer_gpu_base":0,"peer_gpu_len":0,"peer_gpu_rkey":0,"degraded_puts":0,"degraded_bytes":0,"transport":"rdma","async_repl":false,"tcp_data_ready
[23:30:57] rpc RPC_MEMPOOL_ADAPT_STATS body_len=0
[23:30:57] rpc RPC_MEMPOOL_ADAPT_STATS resp_len=129 resp={"ok":true,"hot_threshold":3,"remote_objects":0,"local_objects":0,"remote_puts":0,"remote_reads":0,"local_hits":0,"migrations":0}
[23:30:57] rpc RPC_MEMPOOL_ADAPT_PUT body_len=67
[23:30:57] rpc RPC_MEMPOOL_ADAPT_PUT resp_len=350 resp={"ok":true,"key":"fn_adapt_hot_1779809457357_2502545","policy":"cold_remote_first","placement":"remote","placement_reason":"cold_object","transport":"rdma","degraded":false,"local_cached":false,"size":32,"remote_offset":67108864,"remote_addr":140252346032128,"peer_slab_base":140252278923264,"peer_slab_rkey":71936,"write_ns":35581,"hot_threshold":3}
[23:30:57] rpc RPC_TCP_GET_PEER body_len=34
[23:30:57] rpc RPC_TCP_GET_PEER resp_len=64 resp={"ok":false,"transport":"tcp","err":"not found","tcp_ns":228395}
[23:30:57] rpc RPC_TCP_GET_PEER body_len=34
[23:30:57] rpc RPC_TCP_GET_PEER resp_len=64 resp={"ok":false,"transport":"tcp","err":"not found","tcp_ns":254092}
[23:30:57] rpc RPC_TCP_GET_PEER body_len=34
[23:30:57] rpc RPC_TCP_GET_PEER resp_len=64 resp={"ok":false,"transport":"tcp","err":"not found","tcp_ns":302026}
[23:30:57] rpc RPC_TCP_GET_PEER body_len=34
[23:30:57] rpc RPC_TCP_GET_PEER resp_len=64 resp={"ok":false,"transport":"tcp","err":"not found","tcp_ns":300825}
[23:30:57] rpc RPC_TCP_GET_PEER body_len=34
[23:30:57] rpc RPC_TCP_GET_PEER resp_len=64 resp={"ok":false,"transport":"tcp","err":"not found","tcp_ns":269866}
[23:30:57] rpc RPC_TCP_GET_PEER body_len=34
[23:30:57] rpc RPC_TCP_GET_PEER resp_len=64 resp={"ok":false,"transport":"tcp","err":"not found","tcp_ns":250114}
[23:30:57] rpc RPC_TCP_GET_PEER body_len=34
[23:30:57] rpc RPC_TCP_GET_PEER resp_len=64 resp={"ok":false,"transport":"tcp","err":"not found","tcp_ns":320188}
[23:30:57] rpc RPC_TCP_GET_PEER body_len=34
[23:30:57] rpc RPC_TCP_GET_PEER resp_len=64 resp={"ok":false,"transport":"tcp","err":"not found","tcp_ns":193494}
[23:30:57] rpc RPC_TCP_GET_PEER body_len=34
[23:30:57] rpc RPC_TCP_GET_PEER resp_len=64 resp={"ok":false,"transport":"tcp","err":"not found","tcp_ns":252833}
[23:30:57] rpc RPC_TCP_GET_PEER body_len=34
[23:30:57] rpc RPC_TCP_GET_PEER resp_len=64 resp={"ok":false,"transport":"tcp","err":"not found","tcp_ns":258818}
[23:30:57] result=FAIL completion=未完成
