[12:41:56] start storage/FN-1 仿真引擎异构存储统一访问接口
[12:41:56] repo_root=/home/wangshouxin/native-rdma-web
[12:41:56] uds=/tmp/native_rdma-dp.sock ctrl_url=http://127.0.0.1:5000
[12:41:56] rpc RPC_TIER_STATS body_len=0
[12:41:56] rpc RPC_TIER_STATS resp_len=1433 resp={"ok":true,"dram":6273,"nvme":16,"hdd":3712,"demoted_d_n":3728,"demoted_n_h":3712,"events":[{"ts_ns":9659770495472898,"key":"bk_0_3959","from":"dram","to":"nvme","bytes":1024},{"ts_ns":9659770495470726,"key":"bk_0_1557","from":"dram","to":"nvme","bytes":1024},{"ts_ns":9659770495468721,"key":"bk_0_9437","from":"dram","to":"nvme","bytes":1024},{"ts_ns":9659770495466411,"key":"bk_0_599","from":"dram","to":"nvme","bytes":1024},{"ts_ns":9659770495463652,"key":"bk_0_1726","from":"dram","to":"nvme","by
[12:41:56] rpc RPC_KV_PUT body_len=64
[12:41:56] rpc RPC_KV_PUT resp_len=374 resp={"ok":true,"key":"fn_storage_iface_nvme_1780029716427_3715778","tenant_id":0,"size":20,"offset":7962624,"repl_ns":40877,"degraded":false,"transport":"rdma","async_repl":false,"tcp_data_ready":true,"qos":{"priority":"hi","qp_idx":10,"hi_qp_start":0,"hi_qp_count":16,"lo_qp_start":16,"lo_qp_count":13},"route":{"primary":"192.168.0.214","replica":"","local_is_primary":false}}
[12:41:56] rpc RPC_TIER_DEMOTE body_len=48
[12:41:56] rpc RPC_TIER_DEMOTE resp_len=75 resp={"ok":true,"key":"fn_storage_iface_nvme_1780029716427_3715778","to":"nvme"}
[12:41:56] rpc RPC_TIER_STATS body_len=0
[12:41:56] rpc RPC_TIER_STATS resp_len=1465 resp={"ok":true,"dram":6273,"nvme":17,"hdd":3712,"demoted_d_n":3729,"demoted_n_h":3712,"events":[{"ts_ns":9659770617520711,"key":"fn_storage_iface_nvme_1780029716427_3715778","from":"dram","to":"nvme","bytes":20},{"ts_ns":9659770495472898,"key":"bk_0_3959","from":"dram","to":"nvme","bytes":1024},{"ts_ns":9659770495470726,"key":"bk_0_1557","from":"dram","to":"nvme","bytes":1024},{"ts_ns":9659770495468721,"key":"bk_0_9437","from":"dram","to":"nvme","bytes":1024},{"ts_ns":9659770495466411,"key":"bk_0_59
[12:41:56] rpc RPC_KV_GET body_len=43
[12:41:56] rpc RPC_KV_GET resp_len=71 resp={"ok":true,"hit":"nvme_promote","size":20,"val":"nvme-interface-probe"}
[12:41:56] rpc RPC_KV_PUT body_len=62
[12:41:56] rpc RPC_KV_PUT resp_len=386 resp={"ok":true,"key":"fn_storage_iface_hdd_1780029716429_3715778","tenant_id":0,"size":19,"offset":9981952,"repl_ns":21746,"degraded":false,"transport":"rdma","async_repl":false,"tcp_data_ready":true,"qos":{"priority":"hi","qp_idx":11,"hi_qp_start":0,"hi_qp_count":16,"lo_qp_start":16,"lo_qp_count":13},"route":{"primary":"192.168.0.214","replica":"192.168.0.218","local_is_primary":false}}
[12:41:56] rpc RPC_TIER_DEMOTE body_len=46
[12:41:56] rpc RPC_TIER_DEMOTE resp_len=73 resp={"ok":true,"key":"fn_storage_iface_hdd_1780029716429_3715778","to":"hdd"}
[12:41:56] rpc RPC_TIER_STATS body_len=0
[12:41:56] rpc RPC_TIER_STATS resp_len=1527 resp={"ok":true,"dram":6274,"nvme":16,"hdd":3713,"demoted_d_n":3730,"demoted_n_h":3712,"events":[{"ts_ns":9659770618762105,"key":"fn_storage_iface_hdd_1780029716429_3715778","from":"dram","to":"hdd","bytes":19},{"ts_ns":9659770618457771,"key":"fn_storage_iface_nvme_1780029716427_3715778","from":"nvme","to":"dram","bytes":20},{"ts_ns":9659770617520711,"key":"fn_storage_iface_nvme_1780029716427_3715778","from":"dram","to":"nvme","bytes":20},{"ts_ns":9659770495472898,"key":"bk_0_3959","from":"dram","to"
[12:41:56] rpc RPC_KV_GET body_len=42
[12:41:56] rpc RPC_KV_GET resp_len=69 resp={"ok":true,"hit":"hdd_promote","size":19,"val":"hdd-interface-probe"}
[12:41:56] result=PASS completion=完成
