[12:10:35] start storage/FN-4 可配置压缩与去重
[12:10:35] repo_root=/home/wangshouxin/native-rdma-web
[12:10:35] uds=/tmp/native_rdma-dp.sock ctrl_url=http://127.0.0.1:5000
[12:10:35] rpc RPC_COMPRESS_STATS body_len=0
[12:10:35] rpc RPC_COMPRESS_STATS resp_len=82 resp={"ok":true,"raw_bytes":0,"cmp_bytes":0,"objects":0,"ratio":0.0000,"saved_bytes":0}
[12:10:35] rpc RPC_DEDUP_STATS body_len=0
[12:10:35] rpc RPC_DEDUP_STATS resp_len=86 resp={"ok":true,"unique_objects":0,"duplicate_objects":0,"saved_bytes":0,"logical_bytes":0}
[12:10:35] rpc RPC_KV_PUT body_len=4139
[12:10:35] rpc RPC_KV_PUT resp_len=374 resp={"ok":true,"key":"fn_compress_unique_a_1780027835290_3577685","tenant_id":0,"size":4096,"offset":2093056,"repl_ns":92800,"degraded":false,"transport":"rdma","async_repl":false,"tcp_data_ready":true,"qos":{"priority":"hi","qp_idx":0,"hi_qp_start":0,"hi_qp_count":16,"lo_qp_start":16,"lo_qp_count":13},"route":{"primary":"192.168.0.214","replica":"","local_is_primary":false}}
[12:10:35] rpc RPC_KV_PUT body_len=4139
[12:10:35] rpc RPC_KV_PUT resp_len=374 resp={"ok":true,"key":"fn_compress_unique_b_1780027835290_3577685","tenant_id":0,"size":4096,"offset":3141632,"repl_ns":43147,"degraded":false,"transport":"rdma","async_repl":false,"tcp_data_ready":true,"qos":{"priority":"hi","qp_idx":1,"hi_qp_start":0,"hi_qp_count":16,"lo_qp_start":16,"lo_qp_count":13},"route":{"primary":"192.168.0.214","replica":"","local_is_primary":false}}
[12:10:35] rpc RPC_TIER_DEMOTE body_len=46
[12:10:35] rpc RPC_TIER_DEMOTE resp_len=73 resp={"ok":true,"key":"fn_compress_unique_a_1780027835290_3577685","to":"hdd"}
[12:10:35] rpc RPC_COMPRESS_STATS body_len=0
[12:10:35] rpc RPC_COMPRESS_STATS resp_len=89 resp={"ok":true,"raw_bytes":4096,"cmp_bytes":70,"objects":1,"ratio":0.0171,"saved_bytes":4026}
[12:10:35] rpc RPC_TIER_DEMOTE body_len=46
[12:10:35] rpc RPC_TIER_DEMOTE resp_len=73 resp={"ok":true,"key":"fn_compress_unique_b_1780027835290_3577685","to":"hdd"}
[12:10:35] rpc RPC_COMPRESS_STATS body_len=0
[12:10:35] rpc RPC_COMPRESS_STATS resp_len=90 resp={"ok":true,"raw_bytes":8192,"cmp_bytes":140,"objects":2,"ratio":0.0171,"saved_bytes":8052}
[12:10:35] rpc RPC_KV_PUT body_len=4136
[12:10:35] rpc RPC_KV_PUT resp_len=383 resp={"ok":true,"key":"fn_dedup_unique_a_1780027835290_3577685","tenant_id":0,"size":4096,"offset":4190208,"repl_ns":35457,"degraded":false,"transport":"rdma","async_repl":false,"tcp_data_ready":true,"qos":{"priority":"hi","qp_idx":2,"hi_qp_start":0,"hi_qp_count":16,"lo_qp_start":16,"lo_qp_count":13},"route":{"primary":"192.168.0.218","replica":"192.168.0.214","local_is_primary":true}}
[12:10:35] rpc RPC_KV_PUT body_len=4136
[12:10:35] rpc RPC_KV_PUT resp_len=371 resp={"ok":true,"key":"fn_dedup_unique_b_1780027835290_3577685","tenant_id":0,"size":4096,"offset":5238784,"repl_ns":21067,"degraded":false,"transport":"rdma","async_repl":false,"tcp_data_ready":true,"qos":{"priority":"hi","qp_idx":3,"hi_qp_start":0,"hi_qp_count":16,"lo_qp_start":16,"lo_qp_count":13},"route":{"primary":"192.168.0.214","replica":"","local_is_primary":false}}
[12:10:35] rpc RPC_TIER_DEMOTE body_len=43
[12:10:35] rpc RPC_TIER_DEMOTE resp_len=70 resp={"ok":true,"key":"fn_dedup_unique_a_1780027835290_3577685","to":"hdd"}
[12:10:35] rpc RPC_DEDUP_STATS body_len=0
[12:10:35] rpc RPC_DEDUP_STATS resp_len=90 resp={"ok":true,"unique_objects":3,"duplicate_objects":0,"saved_bytes":0,"logical_bytes":12288}
[12:10:35] rpc RPC_TIER_DEMOTE body_len=43
[12:10:35] rpc RPC_TIER_DEMOTE resp_len=70 resp={"ok":true,"key":"fn_dedup_unique_b_1780027835290_3577685","to":"hdd"}
[12:10:35] rpc RPC_DEDUP_STATS body_len=0
[12:10:35] rpc RPC_DEDUP_STATS resp_len=91 resp={"ok":true,"unique_objects":3,"duplicate_objects":1,"saved_bytes":68,"logical_bytes":16384}
[12:10:35] rpc RPC_KV_GET body_len=42
[12:10:35] rpc RPC_KV_GET resp_len=116 resp={"ok":true,"hit":"hdd_promote","size":4096,"val":"compress-a-fn_compress_unique_a_1780027835290_3577685|compress-a"}
[12:10:35] rpc RPC_KV_GET body_len=42
[12:10:35] rpc RPC_KV_GET resp_len=116 resp={"ok":true,"hit":"hdd_promote","size":4096,"val":"compress-b-fn_compress_unique_b_1780027835290_3577685|compress-b"}
[12:10:35] rpc RPC_KV_GET body_len=39
[12:10:35] rpc RPC_KV_GET resp_len=116 resp={"ok":true,"hit":"hdd_promote","size":4096,"val":"dedup-shared-fn_dedup_payload_1780027835290_3577685|dedup-shared"}
[12:10:35] rpc RPC_KV_GET body_len=39
[12:10:35] rpc RPC_KV_GET resp_len=116 resp={"ok":true,"hit":"hdd_promote","size":4096,"val":"dedup-shared-fn_dedup_payload_1780027835290_3577685|dedup-shared"}
[12:10:35] result=PASS completion=完成
