Command: bash /home/wangshouxin/native-rdma-web/functions/rdma/FN-1/run.sh

[function-dashboard] restart stack before function
[function-dashboard] restart command: bash /home/wangshouxin/native-rdma-web/native_rdma/start.sh

[start] repo=/home/wangshouxin/native-rdma-web
[start] build=/home/wangshouxin/native-rdma-web/native_rdma/build-current
[start] peer=xfusion4:/home/wangshouxin/native-rdma-web
[start] build local
-- ==== native_rdma build config ====
--   Build type   : Release
--   C++ std      : 17
--   io_uring     : ON
--   zstd         : ON
--   lz4          : ON
--   cuda/gdr     : OFF
--   tests        : ON
-- ==================================
-- Configuring done
-- Generating done
-- Build files have been written to: /home/wangshouxin/native-rdma-web/native_rdma/build-current
ninja: no work to do.
[start] check peer ssh
[start] sync repo to peer
sending incremental file list

sent 149,652 bytes  received 402 bytes  300,108.00 bytes/sec
total size is 141,398,371  speedup is 942.32
[start] build peer
-- ==== native_rdma build config ====
--   Build type   : Release
--   C++ std      : 17
--   io_uring     : ON
--   zstd         : ON
--   lz4          : ON
--   cuda/gdr     : OFF
--   tests        : ON
-- ==================================
-- Configuring done
-- Generating done
-- Build files have been written to: /home/wangshouxin/native-rdma-web/native_rdma/build-current
ninja: no work to do.
[start] clean cold-tier leftovers
[start] stop old local stack
[demo_down] 精确匹配 native_rdma_dp ...
[demo_down] 已清理
[start] stop old peer stack
[demo_down] 精确匹配 native_rdma_dp ...
[demo_down] 已清理
[start] start peer role B
[36m[demo_up][0m ROLE=B  SELF=192.168.0.214  PEER=192.168.0.218  FLASK_PORT=5001
[36m[demo_up][0m SLAB_SLOT_SIZE=4096  SLAB_TOTAL_BYTES=4294967296
[36m[demo_up][0m NR_GDR_ENABLE=0  NR_CUDA_DEVICE=0  NR_GDR_BYTES=67108864
[36m[demo_up][0m 清理残留进程 / IPC
[36m[demo_up][0m 启动 native_rdma_dp (role=B)
[36m[demo_up][0m   DP pid=4123154
[36m[demo_up][0m role=B 是 OOB listener，等 TCP:18515 进入 LISTEN（最多 20s）
[32m[  OK  ][0m Data Plane (B) 已监听 TCP:18515，等待 A 端 connect 即可完成握手
[32m[  OK  ][0m 跳过 Flask 重启 (NR_SKIP_FLASK=1)，保留现有控制面
[start] start local role A
[36m[demo_up][0m ROLE=A  SELF=192.168.0.218  PEER=192.168.0.214  FLASK_PORT=5000
[36m[demo_up][0m SLAB_SLOT_SIZE=4096  SLAB_TOTAL_BYTES=4294967296
[36m[demo_up][0m NR_GDR_ENABLE=0  NR_CUDA_DEVICE=0  NR_GDR_BYTES=67108864
[36m[demo_up][0m 清理残留进程 / IPC
[36m[demo_up][0m 启动 native_rdma_dp (role=A)
[36m[demo_up][0m   DP pid=3450135
[36m[demo_up][0m role=A 等 UDS 就绪（最多 15s，要求对端 B 已在 listen）
[32m[  OK  ][0m Data Plane (A) 握手完成 (uds=/tmp/native_rdma-dp.sock)
[32m[  OK  ][0m 跳过 Flask 重启 (NR_SKIP_FLASK=1)，保留现有控制面

[function-dashboard] restart exit=0

rdma/FN-1 SKIP - RDMA 与 TCP/IP 统一通信层
- REQUIRE_PEER=1 且 peer_alive=false，不能证明当前双节点 RDMA/TCP 通信层在线
summary: /home/wangshouxin/native-rdma-web/functions/rdma/FN-1/history/web_20260505_053121_fn_rdma_FN1_20260505_053121_0f0d70a1/summary.md
log: /home/wangshouxin/native-rdma-web/functions/rdma/FN-1/history/web_20260505_053121_fn_rdma_FN1_20260505_053121_0f0d70a1/logs/run_20260505_053121.log

[function-dashboard] restore stack after function
[start] repo=/home/wangshouxin/native-rdma-web
[start] build=/home/wangshouxin/native-rdma-web/native_rdma/build-current
[start] peer=xfusion4:/home/wangshouxin/native-rdma-web
[start] build local
-- ==== native_rdma build config ====
--   Build type   : Release
--   C++ std      : 17
--   io_uring     : ON
--   zstd         : ON
--   lz4          : ON
--   cuda/gdr     : OFF
--   tests        : ON
-- ==================================
-- Configuring done
-- Generating done
-- Build files have been written to: /home/wangshouxin/native-rdma-web/native_rdma/build-current
ninja: no work to do.
[start] check peer ssh
[start] sync repo to peer
sending incremental file list

sent 149,648 bytes  received 398 bytes  300,092.00 bytes/sec
total size is 141,398,371  speedup is 942.37
[start] build peer
-- ==== native_rdma build config ====
--   Build type   : Release
--   C++ std      : 17
--   io_uring     : ON
--   zstd         : ON
--   lz4          : ON
--   cuda/gdr     : OFF
--   tests        : ON
-- ==================================
-- Configuring done
-- Generating done
-- Build files have been written to: /home/wangshouxin/native-rdma-web/native_rdma/build-current
ninja: no work to do.
[start] clean cold-tier leftovers
[start] stop old local stack
[demo_down] 精确匹配 native_rdma_dp ...
[demo_down] 已清理
[start] stop old peer stack
[demo_down] 精确匹配 native_rdma_dp ...
[demo_down] 已清理
[start] start peer role B
[36m[demo_up][0m ROLE=B  SELF=192.168.0.214  PEER=192.168.0.218  FLASK_PORT=5001
[36m[demo_up][0m SLAB_SLOT_SIZE=4096  SLAB_TOTAL_BYTES=4294967296
[36m[demo_up][0m NR_GDR_ENABLE=0  NR_CUDA_DEVICE=0  NR_GDR_BYTES=67108864
[36m[demo_up][0m 清理残留进程 / IPC
[36m[demo_up][0m 启动 native_rdma_dp (role=B)
[36m[demo_up][0m   DP pid=4123587
[36m[demo_up][0m role=B 是 OOB listener，等 TCP:18515 进入 LISTEN（最多 20s）
[32m[  OK  ][0m Data Plane (B) 已监听 TCP:18515，等待 A 端 connect 即可完成握手
[32m[  OK  ][0m 跳过 Flask 重启 (NR_SKIP_FLASK=1)，保留现有控制面
[start] start local role A
[36m[demo_up][0m ROLE=A  SELF=192.168.0.218  PEER=192.168.0.214  FLASK_PORT=5000
[36m[demo_up][0m SLAB_SLOT_SIZE=4096  SLAB_TOTAL_BYTES=4294967296
[36m[demo_up][0m NR_GDR_ENABLE=0  NR_CUDA_DEVICE=0  NR_GDR_BYTES=67108864
[36m[demo_up][0m 清理残留进程 / IPC
[36m[demo_up][0m 启动 native_rdma_dp (role=A)
[36m[demo_up][0m   DP pid=3450536
[36m[demo_up][0m role=A 等 UDS 就绪（最多 15s，要求对端 B 已在 listen）
[32m[  OK  ][0m Data Plane (A) 握手完成 (uds=/tmp/native_rdma-dp.sock)
[32m[  OK  ][0m 跳过 Flask 重启 (NR_SKIP_FLASK=1)，保留现有控制面

[function-dashboard] restore exit=0
