[23:54:22] start mempool/FN-4 跨节点内存自适应分配与热数据迁移
[23:54:22] repo_root=/home/wangshouxin/native-rdma-web
[23:54:22] uds=/tmp/native_rdma-dp.sock ctrl_url=http://127.0.0.1:5000
[23:54:22] rpc RPC_CLUSTER_STATUS body_len=0
[23:54:22] rpc RPC_CLUSTER_STATUS resp_len=573 resp={"ok":true,"self":"A","peer_alive":true,"local_slab_base":140328535633920,"local_slab_len":4294967296,"local_slab_lkey":96256,"local_slab_rkey":96256,"peer_slab_base":140568335015936,"peer_slab_len":4294967296,"peer_slab_rkey":71936,"peer_num_qp":32,"local_gpu_enabled":false,"local_gpu_len":0,"local_gpu_lkey":0,"local_gpu_rkey":0,"peer_gpu_enabled":false,"peer_gpu_base":0,"peer_gpu_len":0,"peer_gpu_rkey":0,"degraded_puts":0,"degraded_bytes":0,"transport":"rdma","async_repl":false,"tcp_data_ready
[23:54:22] rpc RPC_MEMPOOL_ADAPT_STATS body_len=0
[23:54:22] rpc RPC_MEMPOOL_ADAPT_STATS resp_len=129 resp={"ok":true,"hot_threshold":3,"remote_objects":0,"local_objects":1,"remote_puts":1,"remote_reads":3,"local_hits":0,"migrations":1}
[23:54:22] rpc RPC_MEMPOOL_ADAPT_PUT body_len=67
[23:54:22] rpc RPC_MEMPOOL_ADAPT_PUT resp_len=350 resp={"ok":true,"key":"fn_adapt_hot_1778169262942_2138128","policy":"cold_remote_first","placement":"remote","placement_reason":"cold_object","transport":"rdma","degraded":false,"local_cached":false,"size":32,"remote_offset":67112960,"remote_addr":140568402128896,"peer_slab_base":140568335015936,"peer_slab_rkey":71936,"write_ns":32107,"hot_threshold":3}
[23:54:22] rpc RPC_TCP_GET_PEER body_len=34
[23:54:22] rpc RPC_TCP_GET_PEER resp_len=139 resp={"ok":true,"transport":"tcp","key":"fn_adapt_hot_1778169262942_2138128","size":32,"tcp_ns":311013,"val":"adaptive-remote-to-local-payload"}
[23:54:22] rpc RPC_MEMPOOL_ADAPT_GET body_len=34
[23:54:22] rpc RPC_MEMPOOL_ADAPT_GET resp_len=302 resp={"ok":true,"key":"fn_adapt_hot_1778169262942_2138128","hit":"remote_rdma_read","placement_before":"remote","placement_after":"remote","migrated":false,"transport":"rdma","remote_offset":67112960,"size":32,"access_count":1,"hot_threshold":3,"rdma_read_ns":16407,"val":"adaptive-remote-to-local-payload"}
[23:54:22] rpc RPC_MEMPOOL_ADAPT_GET body_len=34
[23:54:22] rpc RPC_MEMPOOL_ADAPT_GET resp_len=301 resp={"ok":true,"key":"fn_adapt_hot_1778169262942_2138128","hit":"remote_rdma_read","placement_before":"remote","placement_after":"remote","migrated":false,"transport":"rdma","remote_offset":67112960,"size":32,"access_count":2,"hot_threshold":3,"rdma_read_ns":9959,"val":"adaptive-remote-to-local-payload"}
[23:54:22] rpc RPC_MEMPOOL_ADAPT_GET body_len=34
[23:54:22] rpc RPC_MEMPOOL_ADAPT_GET resp_len=331 resp={"ok":true,"key":"fn_adapt_hot_1778169262942_2138128","hit":"remote_to_local_migrate","placement_before":"remote","placement_after":"local","migrated":true,"transport":"rdma","remote_offset":67112960,"local_offset":13627392,"size":32,"access_count":3,"hot_threshold":3,"rdma_read_ns":15169,"val":"adaptive-remote-to-local-payload"}
[23:54:22] rpc RPC_KV_GET body_len=34
[23:54:22] rpc RPC_KV_GET resp_len=76 resp={"ok":true,"hit":"local","size":32,"val":"adaptive-remote-to-local-payload"}
[23:54:22] rpc RPC_MEMPOOL_ADAPT_STATS body_len=0
[23:54:22] rpc RPC_MEMPOOL_ADAPT_STATS resp_len=129 resp={"ok":true,"hot_threshold":3,"remote_objects":0,"local_objects":2,"remote_puts":2,"remote_reads":6,"local_hits":0,"migrations":2}
[23:54:22] result=PASS completion=完成
