[23:30:57] start mempool/FN-5 任务级与用户级内存隔离
[23:30:57] repo_root=/home/wangshouxin/native-rdma-web
[23:30:57] uds=/tmp/native_rdma-dp.sock ctrl_url=http://127.0.0.1:5000
[23:30:57] rpc RPC_ISO_DENY body_len=20
[23:30:57] rpc RPC_ISO_DENY resp_len=69 resp={"ok":true,"action":"deny","tenant_id":10457,"pool":"default/slab1k"}
[23:30:57] rpc RPC_ISO_DENY body_len=21
[23:30:57] rpc RPC_ISO_DENY resp_len=70 resp={"ok":true,"action":"deny","tenant_id":110457,"pool":"default/slab1k"}
[23:30:57] rpc RPC_KV_PUT body_len=62
[23:30:57] rpc RPC_KV_PUT resp_len=68 resp={"ok":false,"err":"tenant 10457 not allowed on pool default/slab1k"}
[23:30:57] rpc RPC_KV_PUT body_len=63
[23:30:57] rpc RPC_KV_PUT resp_len=69 resp={"ok":false,"err":"tenant 110457 not allowed on pool default/slab1k"}
[23:30:57] rpc RPC_ISO_ALLOW body_len=20
[23:30:57] rpc RPC_ISO_ALLOW resp_len=70 resp={"ok":true,"action":"allow","tenant_id":10457,"pool":"default/slab1k"}
[23:30:57] rpc RPC_ISO_LIST body_len=0
[23:30:57] rpc RPC_ISO_LIST resp_len=65 resp={"ok":true,"allowed":["10457|default/slab1k","0|default/slab1k"]}
[23:30:57] rpc RPC_KV_PUT body_len=65
[23:30:57] rpc RPC_KV_PUT resp_len=371 resp={"ok":true,"key":"fn_iso_shared_1779809457943_2502571","tenant_id":10457,"size":22,"offset":230563840,"repl_ns":29146,"degraded":false,"transport":"rdma","async_repl":false,"tcp_data_ready":true,"qos":{"priority":"hi","qp_idx":2,"hi_qp_start":0,"hi_qp_count":16,"lo_qp_start":16,"lo_qp_count":13},"route":{"primary":"192.168.0.214","replica":"","local_is_primary":false}}
[23:30:57] rpc RPC_KV_GET body_len=42
[23:30:57] rpc RPC_KV_GET resp_len=66 resp={"ok":true,"hit":"local","size":22,"val":"tenant-a-private-value"}
[23:30:57] rpc RPC_KV_GET body_len=43
[23:30:57] rpc RPC_KV_GET resp_len=69 resp={"ok":false,"err":"tenant 110457 not allowed on pool default/slab1k"}
[23:30:57] rpc RPC_ISO_ALLOW body_len=21
[23:30:57] rpc RPC_ISO_ALLOW resp_len=71 resp={"ok":true,"action":"allow","tenant_id":110457,"pool":"default/slab1k"}
[23:30:57] rpc RPC_KV_GET body_len=43
[23:30:57] rpc RPC_KV_GET resp_len=30 resp={"ok":false,"err":"not found"}
[23:30:57] rpc RPC_KV_PUT body_len=66
[23:30:57] rpc RPC_KV_PUT resp_len=372 resp={"ok":true,"key":"fn_iso_shared_1779809457943_2502571","tenant_id":110457,"size":22,"offset":231612416,"repl_ns":17393,"degraded":false,"transport":"rdma","async_repl":false,"tcp_data_ready":true,"qos":{"priority":"hi","qp_idx":3,"hi_qp_start":0,"hi_qp_count":16,"lo_qp_start":16,"lo_qp_count":13},"route":{"primary":"192.168.0.214","replica":"","local_is_primary":false}}
[23:30:57] rpc RPC_KV_GET body_len=43
[23:30:57] rpc RPC_KV_GET resp_len=66 resp={"ok":true,"hit":"local","size":22,"val":"tenant-b-private-value"}
[23:30:57] rpc RPC_KV_GET body_len=42
[23:30:57] rpc RPC_KV_GET resp_len=66 resp={"ok":true,"hit":"local","size":22,"val":"tenant-a-private-value"}
[23:30:57] rpc RPC_ISO_DENY body_len=20
[23:30:57] rpc RPC_ISO_DENY resp_len=69 resp={"ok":true,"action":"deny","tenant_id":10457,"pool":"default/slab1k"}
[23:30:57] rpc RPC_KV_GET body_len=42
[23:30:57] rpc RPC_KV_GET resp_len=68 resp={"ok":false,"err":"tenant 10457 not allowed on pool default/slab1k"}
[23:30:57] rpc RPC_KV_PUT body_len=68
[23:30:57] rpc RPC_KV_PUT resp_len=68 resp={"ok":false,"err":"tenant 10457 not allowed on pool default/slab1k"}
[23:30:57] rpc RPC_KV_GET body_len=43
[23:30:57] rpc RPC_KV_GET resp_len=66 resp={"ok":true,"hit":"local","size":22,"val":"tenant-b-private-value"}
[23:30:57] rpc RPC_ISO_DENY body_len=21
[23:30:57] rpc RPC_ISO_DENY resp_len=70 resp={"ok":true,"action":"deny","tenant_id":110457,"pool":"default/slab1k"}
[23:30:57] rpc RPC_KV_PUT body_len=69
[23:30:57] rpc RPC_KV_PUT resp_len=69 resp={"ok":false,"err":"tenant 110457 not allowed on pool default/slab1k"}
[23:30:57] rpc RPC_ISO_LIST body_len=0
[23:30:57] rpc RPC_ISO_LIST resp_len=42 resp={"ok":true,"allowed":["0|default/slab1k"]}
[23:30:57] result=PASS completion=完成
