[15:50:56] start mempool/FN-5 任务级与用户级内存隔离
[15:50:56] repo_root=/home/wangshouxin/native-rdma-web
[15:50:56] uds=/tmp/native_rdma-dp.sock ctrl_url=http://127.0.0.1:5000
[15:50:56] rpc RPC_ISO_DENY body_len=20
[15:50:56] rpc RPC_ISO_DENY resp_len=69 resp={"ok":true,"action":"deny","tenant_id":82056,"pool":"default/slab1k"}
[15:50:56] rpc RPC_ISO_DENY body_len=21
[15:50:56] rpc RPC_ISO_DENY resp_len=70 resp={"ok":true,"action":"deny","tenant_id":182056,"pool":"default/slab1k"}
[15:50:56] rpc RPC_KV_PUT body_len=61
[15:50:56] rpc RPC_KV_PUT resp_len=68 resp={"ok":false,"err":"tenant 82056 not allowed on pool default/slab1k"}
[15:50:56] rpc RPC_KV_PUT body_len=62
[15:50:56] rpc RPC_KV_PUT resp_len=69 resp={"ok":false,"err":"tenant 182056 not allowed on pool default/slab1k"}
[15:50:56] rpc RPC_ISO_ALLOW body_len=20
[15:50:56] rpc RPC_ISO_ALLOW resp_len=70 resp={"ok":true,"action":"allow","tenant_id":82056,"pool":"default/slab1k"}
[15:50:56] rpc RPC_ISO_LIST body_len=0
[15:50:56] rpc RPC_ISO_LIST resp_len=65 resp={"ok":true,"allowed":["82056|default/slab1k","0|default/slab1k"]}
[15:50:56] rpc RPC_KV_PUT body_len=64
[15:50:56] rpc RPC_KV_PUT resp_len=380 resp={"ok":true,"key":"fn_iso_shared_1777881056790_535744","tenant_id":82056,"size":22,"offset":2093056,"repl_ns":64562,"degraded":false,"transport":"rdma","async_repl":false,"tcp_data_ready":true,"qos":{"priority":"hi","qp_idx":0,"hi_qp_start":0,"hi_qp_count":16,"lo_qp_start":16,"lo_qp_count":13},"route":{"primary":"192.168.0.218","replica":"192.168.0.214","local_is_primary":true}}
[15:50:56] rpc RPC_KV_GET body_len=41
[15:50:56] rpc RPC_KV_GET resp_len=66 resp={"ok":true,"hit":"local","size":22,"val":"tenant-a-private-value"}
[15:50:56] rpc RPC_KV_GET body_len=42
[15:50:56] rpc RPC_KV_GET resp_len=69 resp={"ok":false,"err":"tenant 182056 not allowed on pool default/slab1k"}
[15:50:56] rpc RPC_ISO_ALLOW body_len=21
[15:50:56] rpc RPC_ISO_ALLOW resp_len=71 resp={"ok":true,"action":"allow","tenant_id":182056,"pool":"default/slab1k"}
[15:50:56] rpc RPC_KV_GET body_len=42
[15:50:56] rpc RPC_KV_GET resp_len=30 resp={"ok":false,"err":"not found"}
[15:50:56] rpc RPC_KV_PUT body_len=65
[15:50:56] rpc RPC_KV_PUT resp_len=368 resp={"ok":true,"key":"fn_iso_shared_1777881056790_535744","tenant_id":182056,"size":22,"offset":3141632,"repl_ns":22809,"degraded":false,"transport":"rdma","async_repl":false,"tcp_data_ready":true,"qos":{"priority":"hi","qp_idx":1,"hi_qp_start":0,"hi_qp_count":16,"lo_qp_start":16,"lo_qp_count":13},"route":{"primary":"192.168.0.218","replica":"","local_is_primary":true}}
[15:50:56] rpc RPC_KV_GET body_len=42
[15:50:56] rpc RPC_KV_GET resp_len=66 resp={"ok":true,"hit":"local","size":22,"val":"tenant-b-private-value"}
[15:50:56] rpc RPC_KV_GET body_len=41
[15:50:56] rpc RPC_KV_GET resp_len=66 resp={"ok":true,"hit":"local","size":22,"val":"tenant-a-private-value"}
[15:50:56] rpc RPC_ISO_DENY body_len=20
[15:50:56] rpc RPC_ISO_DENY resp_len=69 resp={"ok":true,"action":"deny","tenant_id":82056,"pool":"default/slab1k"}
[15:50:56] rpc RPC_KV_GET body_len=41
[15:50:56] rpc RPC_KV_GET resp_len=68 resp={"ok":false,"err":"tenant 82056 not allowed on pool default/slab1k"}
[15:50:56] rpc RPC_KV_PUT body_len=67
[15:50:56] rpc RPC_KV_PUT resp_len=68 resp={"ok":false,"err":"tenant 82056 not allowed on pool default/slab1k"}
[15:50:56] rpc RPC_KV_GET body_len=42
[15:50:56] rpc RPC_KV_GET resp_len=66 resp={"ok":true,"hit":"local","size":22,"val":"tenant-b-private-value"}
[15:50:56] rpc RPC_ISO_DENY body_len=21
[15:50:56] rpc RPC_ISO_DENY resp_len=70 resp={"ok":true,"action":"deny","tenant_id":182056,"pool":"default/slab1k"}
[15:50:56] rpc RPC_KV_PUT body_len=68
[15:50:56] rpc RPC_KV_PUT resp_len=69 resp={"ok":false,"err":"tenant 182056 not allowed on pool default/slab1k"}
[15:50:56] rpc RPC_ISO_LIST body_len=0
[15:50:56] rpc RPC_ISO_LIST resp_len=42 resp={"ok":true,"allowed":["0|default/slab1k"]}
[15:50:56] result=PASS completion=完成
