[20:05:45] start mempool/FN-5 任务级与用户级内存隔离
[20:05:45] repo_root=/home/wangshouxin/native-rdma-web
[20:05:45] uds=/tmp/native_rdma-dp.sock ctrl_url=http://127.0.0.1:5000
[20:05:45] rpc RPC_ISO_DENY body_len=20
[20:05:45] rpc RPC_ISO_DENY resp_len=69 resp={"ok":true,"action":"deny","tenant_id":84545,"pool":"default/slab1k"}
[20:05:45] rpc RPC_ISO_DENY body_len=21
[20:05:45] rpc RPC_ISO_DENY resp_len=70 resp={"ok":true,"action":"deny","tenant_id":184545,"pool":"default/slab1k"}
[20:05:45] rpc RPC_KV_PUT body_len=61
[20:05:45] rpc RPC_KV_PUT resp_len=68 resp={"ok":false,"err":"tenant 84545 not allowed on pool default/slab1k"}
[20:05:45] rpc RPC_KV_PUT body_len=62
[20:05:45] rpc RPC_KV_PUT resp_len=69 resp={"ok":false,"err":"tenant 184545 not allowed on pool default/slab1k"}
[20:05:45] rpc RPC_ISO_ALLOW body_len=20
[20:05:45] rpc RPC_ISO_ALLOW resp_len=70 resp={"ok":true,"action":"allow","tenant_id":84545,"pool":"default/slab1k"}
[20:05:45] rpc RPC_ISO_LIST body_len=0
[20:05:45] rpc RPC_ISO_LIST resp_len=65 resp={"ok":true,"allowed":["84545|default/slab1k","0|default/slab1k"]}
[20:05:45] rpc RPC_KV_PUT body_len=64
[20:05:45] rpc RPC_KV_PUT resp_len=368 resp={"ok":true,"key":"fn_iso_shared_1779883545303_174858","tenant_id":84545,"size":22,"offset":10481664,"repl_ns":50296,"degraded":false,"transport":"rdma","async_repl":false,"tcp_data_ready":true,"qos":{"priority":"hi","qp_idx":2,"hi_qp_start":0,"hi_qp_count":16,"lo_qp_start":16,"lo_qp_count":13},"route":{"primary":"192.168.0.218","replica":"","local_is_primary":true}}
[20:05:45] rpc RPC_KV_GET body_len=41
[20:05:45] rpc RPC_KV_GET resp_len=66 resp={"ok":true,"hit":"local","size":22,"val":"tenant-a-private-value"}
[20:05:45] rpc RPC_KV_GET body_len=42
[20:05:45] rpc RPC_KV_GET resp_len=69 resp={"ok":false,"err":"tenant 184545 not allowed on pool default/slab1k"}
[20:05:45] rpc RPC_ISO_ALLOW body_len=21
[20:05:45] rpc RPC_ISO_ALLOW resp_len=71 resp={"ok":true,"action":"allow","tenant_id":184545,"pool":"default/slab1k"}
[20:05:45] rpc RPC_KV_GET body_len=42
[20:05:45] rpc RPC_KV_GET resp_len=30 resp={"ok":false,"err":"not found"}
[20:05:45] rpc RPC_KV_PUT body_len=65
[20:05:45] rpc RPC_KV_PUT resp_len=369 resp={"ok":true,"key":"fn_iso_shared_1779883545303_174858","tenant_id":184545,"size":22,"offset":11530240,"repl_ns":23965,"degraded":false,"transport":"rdma","async_repl":false,"tcp_data_ready":true,"qos":{"priority":"hi","qp_idx":3,"hi_qp_start":0,"hi_qp_count":16,"lo_qp_start":16,"lo_qp_count":13},"route":{"primary":"192.168.0.218","replica":"","local_is_primary":true}}
[20:05:45] rpc RPC_KV_GET body_len=42
[20:05:45] rpc RPC_KV_GET resp_len=66 resp={"ok":true,"hit":"local","size":22,"val":"tenant-b-private-value"}
[20:05:45] rpc RPC_KV_GET body_len=41
[20:05:45] rpc RPC_KV_GET resp_len=66 resp={"ok":true,"hit":"local","size":22,"val":"tenant-a-private-value"}
[20:05:45] rpc RPC_ISO_DENY body_len=20
[20:05:45] rpc RPC_ISO_DENY resp_len=69 resp={"ok":true,"action":"deny","tenant_id":84545,"pool":"default/slab1k"}
[20:05:45] rpc RPC_KV_GET body_len=41
[20:05:45] rpc RPC_KV_GET resp_len=68 resp={"ok":false,"err":"tenant 84545 not allowed on pool default/slab1k"}
[20:05:45] rpc RPC_KV_PUT body_len=67
[20:05:45] rpc RPC_KV_PUT resp_len=68 resp={"ok":false,"err":"tenant 84545 not allowed on pool default/slab1k"}
[20:05:45] rpc RPC_KV_GET body_len=42
[20:05:45] rpc RPC_KV_GET resp_len=66 resp={"ok":true,"hit":"local","size":22,"val":"tenant-b-private-value"}
[20:05:45] rpc RPC_ISO_DENY body_len=21
[20:05:45] rpc RPC_ISO_DENY resp_len=70 resp={"ok":true,"action":"deny","tenant_id":184545,"pool":"default/slab1k"}
[20:05:45] rpc RPC_KV_PUT body_len=68
[20:05:45] rpc RPC_KV_PUT resp_len=69 resp={"ok":false,"err":"tenant 184545 not allowed on pool default/slab1k"}
[20:05:45] rpc RPC_ISO_LIST body_len=0
[20:05:45] rpc RPC_ISO_LIST resp_len=42 resp={"ok":true,"allowed":["0|default/slab1k"]}
[20:05:45] result=PASS completion=完成
