[14:12:05] start mempool/FN-5 任务级与用户级内存隔离
[14:12:05] repo_root=/home/wangshouxin/native-rdma-web
[14:12:05] uds=/tmp/native_rdma-dp.sock ctrl_url=http://127.0.0.1:5000
[14:12:05] rpc RPC_ISO_DENY body_len=20
[14:12:05] rpc RPC_ISO_DENY resp_len=69 resp={"ok":true,"action":"deny","tenant_id":63325,"pool":"default/slab1k"}
[14:12:05] rpc RPC_ISO_DENY body_len=21
[14:12:05] rpc RPC_ISO_DENY resp_len=70 resp={"ok":true,"action":"deny","tenant_id":163325,"pool":"default/slab1k"}
[14:12:05] rpc RPC_KV_PUT body_len=62
[14:12:05] rpc RPC_KV_PUT resp_len=68 resp={"ok":false,"err":"tenant 63325 not allowed on pool default/slab1k"}
[14:12:05] rpc RPC_KV_PUT body_len=63
[14:12:05] rpc RPC_KV_PUT resp_len=69 resp={"ok":false,"err":"tenant 163325 not allowed on pool default/slab1k"}
[14:12:05] rpc RPC_ISO_ALLOW body_len=20
[14:12:05] rpc RPC_ISO_ALLOW resp_len=70 resp={"ok":true,"action":"allow","tenant_id":63325,"pool":"default/slab1k"}
[14:12:05] rpc RPC_ISO_LIST body_len=0
[14:12:05] rpc RPC_ISO_LIST resp_len=65 resp={"ok":true,"allowed":["63325|default/slab1k","0|default/slab1k"]}
[14:12:05] rpc RPC_KV_PUT body_len=65
[14:12:05] rpc RPC_KV_PUT resp_len=370 resp={"ok":true,"key":"fn_iso_shared_1779862325258_3847634","tenant_id":63325,"size":22,"offset":10481664,"repl_ns":26352,"degraded":false,"transport":"rdma","async_repl":false,"tcp_data_ready":true,"qos":{"priority":"hi","qp_idx":2,"hi_qp_start":0,"hi_qp_count":16,"lo_qp_start":16,"lo_qp_count":13},"route":{"primary":"192.168.0.214","replica":"","local_is_primary":false}}
[14:12:05] rpc RPC_KV_GET body_len=42
[14:12:05] rpc RPC_KV_GET resp_len=66 resp={"ok":true,"hit":"local","size":22,"val":"tenant-a-private-value"}
[14:12:05] rpc RPC_KV_GET body_len=43
[14:12:05] rpc RPC_KV_GET resp_len=69 resp={"ok":false,"err":"tenant 163325 not allowed on pool default/slab1k"}
[14:12:05] rpc RPC_ISO_ALLOW body_len=21
[14:12:05] rpc RPC_ISO_ALLOW resp_len=71 resp={"ok":true,"action":"allow","tenant_id":163325,"pool":"default/slab1k"}
[14:12:05] rpc RPC_KV_GET body_len=43
[14:12:05] rpc RPC_KV_GET resp_len=30 resp={"ok":false,"err":"not found"}
[14:12:05] rpc RPC_KV_PUT body_len=66
[14:12:05] rpc RPC_KV_PUT resp_len=371 resp={"ok":true,"key":"fn_iso_shared_1779862325258_3847634","tenant_id":163325,"size":22,"offset":11530240,"repl_ns":16539,"degraded":false,"transport":"rdma","async_repl":false,"tcp_data_ready":true,"qos":{"priority":"hi","qp_idx":3,"hi_qp_start":0,"hi_qp_count":16,"lo_qp_start":16,"lo_qp_count":13},"route":{"primary":"192.168.0.214","replica":"","local_is_primary":false}}
[14:12:05] rpc RPC_KV_GET body_len=43
[14:12:05] rpc RPC_KV_GET resp_len=66 resp={"ok":true,"hit":"local","size":22,"val":"tenant-b-private-value"}
[14:12:05] rpc RPC_KV_GET body_len=42
[14:12:05] rpc RPC_KV_GET resp_len=66 resp={"ok":true,"hit":"local","size":22,"val":"tenant-a-private-value"}
[14:12:05] rpc RPC_ISO_DENY body_len=20
[14:12:05] rpc RPC_ISO_DENY resp_len=69 resp={"ok":true,"action":"deny","tenant_id":63325,"pool":"default/slab1k"}
[14:12:05] rpc RPC_KV_GET body_len=42
[14:12:05] rpc RPC_KV_GET resp_len=68 resp={"ok":false,"err":"tenant 63325 not allowed on pool default/slab1k"}
[14:12:05] rpc RPC_KV_PUT body_len=68
[14:12:05] rpc RPC_KV_PUT resp_len=68 resp={"ok":false,"err":"tenant 63325 not allowed on pool default/slab1k"}
[14:12:05] rpc RPC_KV_GET body_len=43
[14:12:05] rpc RPC_KV_GET resp_len=66 resp={"ok":true,"hit":"local","size":22,"val":"tenant-b-private-value"}
[14:12:05] rpc RPC_ISO_DENY body_len=21
[14:12:05] rpc RPC_ISO_DENY resp_len=70 resp={"ok":true,"action":"deny","tenant_id":163325,"pool":"default/slab1k"}
[14:12:05] rpc RPC_KV_PUT body_len=69
[14:12:05] rpc RPC_KV_PUT resp_len=69 resp={"ok":false,"err":"tenant 163325 not allowed on pool default/slab1k"}
[14:12:05] rpc RPC_ISO_LIST body_len=0
[14:12:05] rpc RPC_ISO_LIST resp_len=42 resp={"ok":true,"allowed":["0|default/slab1k"]}
[14:12:05] result=PASS completion=完成
