[13:06:33] start mempool/FN-5 任务级与用户级内存隔离
[13:06:33] repo_root=/home/wangshouxin/native-rdma-web
[13:06:33] uds=/tmp/native_rdma-dp.sock ctrl_url=http://127.0.0.1:5000
[13:06:33] rpc RPC_ISO_DENY body_len=20
[13:06:33] rpc RPC_ISO_DENY resp_len=69 resp={"ok":true,"action":"deny","tenant_id":59393,"pool":"default/slab1k"}
[13:06:33] rpc RPC_ISO_DENY body_len=21
[13:06:33] rpc RPC_ISO_DENY resp_len=70 resp={"ok":true,"action":"deny","tenant_id":159393,"pool":"default/slab1k"}
[13:06:33] rpc RPC_KV_PUT body_len=62
[13:06:33] rpc RPC_KV_PUT resp_len=68 resp={"ok":false,"err":"tenant 59393 not allowed on pool default/slab1k"}
[13:06:33] rpc RPC_KV_PUT body_len=63
[13:06:33] rpc RPC_KV_PUT resp_len=69 resp={"ok":false,"err":"tenant 159393 not allowed on pool default/slab1k"}
[13:06:33] rpc RPC_ISO_ALLOW body_len=20
[13:06:33] rpc RPC_ISO_ALLOW resp_len=70 resp={"ok":true,"action":"allow","tenant_id":59393,"pool":"default/slab1k"}
[13:06:33] rpc RPC_ISO_LIST body_len=0
[13:06:33] rpc RPC_ISO_LIST resp_len=65 resp={"ok":true,"allowed":["59393|default/slab1k","0|default/slab1k"]}
[13:06:33] rpc RPC_KV_PUT body_len=65
[13:06:33] rpc RPC_KV_PUT resp_len=369 resp={"ok":true,"key":"fn_iso_shared_1779858393921_3738217","tenant_id":59393,"size":22,"offset":10481664,"repl_ns":34257,"degraded":false,"transport":"rdma","async_repl":false,"tcp_data_ready":true,"qos":{"priority":"hi","qp_idx":2,"hi_qp_start":0,"hi_qp_count":16,"lo_qp_start":16,"lo_qp_count":13},"route":{"primary":"192.168.0.218","replica":"","local_is_primary":true}}
[13:06:33] rpc RPC_KV_GET body_len=42
[13:06:33] rpc RPC_KV_GET resp_len=66 resp={"ok":true,"hit":"local","size":22,"val":"tenant-a-private-value"}
[13:06:33] rpc RPC_KV_GET body_len=43
[13:06:33] rpc RPC_KV_GET resp_len=69 resp={"ok":false,"err":"tenant 159393 not allowed on pool default/slab1k"}
[13:06:33] rpc RPC_ISO_ALLOW body_len=21
[13:06:33] rpc RPC_ISO_ALLOW resp_len=71 resp={"ok":true,"action":"allow","tenant_id":159393,"pool":"default/slab1k"}
[13:06:33] rpc RPC_KV_GET body_len=43
[13:06:33] rpc RPC_KV_GET resp_len=30 resp={"ok":false,"err":"not found"}
[13:06:33] rpc RPC_KV_PUT body_len=66
[13:06:33] rpc RPC_KV_PUT resp_len=370 resp={"ok":true,"key":"fn_iso_shared_1779858393921_3738217","tenant_id":159393,"size":22,"offset":11530240,"repl_ns":15789,"degraded":false,"transport":"rdma","async_repl":false,"tcp_data_ready":true,"qos":{"priority":"hi","qp_idx":3,"hi_qp_start":0,"hi_qp_count":16,"lo_qp_start":16,"lo_qp_count":13},"route":{"primary":"192.168.0.218","replica":"","local_is_primary":true}}
[13:06:33] rpc RPC_KV_GET body_len=43
[13:06:33] rpc RPC_KV_GET resp_len=66 resp={"ok":true,"hit":"local","size":22,"val":"tenant-b-private-value"}
[13:06:33] rpc RPC_KV_GET body_len=42
[13:06:33] rpc RPC_KV_GET resp_len=66 resp={"ok":true,"hit":"local","size":22,"val":"tenant-a-private-value"}
[13:06:33] rpc RPC_ISO_DENY body_len=20
[13:06:33] rpc RPC_ISO_DENY resp_len=69 resp={"ok":true,"action":"deny","tenant_id":59393,"pool":"default/slab1k"}
[13:06:33] rpc RPC_KV_GET body_len=42
[13:06:33] rpc RPC_KV_GET resp_len=68 resp={"ok":false,"err":"tenant 59393 not allowed on pool default/slab1k"}
[13:06:33] rpc RPC_KV_PUT body_len=68
[13:06:33] rpc RPC_KV_PUT resp_len=68 resp={"ok":false,"err":"tenant 59393 not allowed on pool default/slab1k"}
[13:06:33] rpc RPC_KV_GET body_len=43
[13:06:33] rpc RPC_KV_GET resp_len=66 resp={"ok":true,"hit":"local","size":22,"val":"tenant-b-private-value"}
[13:06:33] rpc RPC_ISO_DENY body_len=21
[13:06:33] rpc RPC_ISO_DENY resp_len=70 resp={"ok":true,"action":"deny","tenant_id":159393,"pool":"default/slab1k"}
[13:06:33] rpc RPC_KV_PUT body_len=69
[13:06:33] rpc RPC_KV_PUT resp_len=69 resp={"ok":false,"err":"tenant 159393 not allowed on pool default/slab1k"}
[13:06:33] rpc RPC_ISO_LIST body_len=0
[13:06:33] rpc RPC_ISO_LIST resp_len=42 resp={"ok":true,"allowed":["0|default/slab1k"]}
[13:06:33] result=PASS completion=完成
