[12:32:49] start mempool/FN-5 任务级与用户级内存隔离
[12:32:49] repo_root=/home/wangshouxin/native-rdma-web
[12:32:49] uds=/tmp/native_rdma-dp.sock ctrl_url=http://127.0.0.1:5000
[12:32:49] rpc RPC_ISO_DENY body_len=20
[12:32:49] rpc RPC_ISO_DENY resp_len=69 resp={"ok":true,"action":"deny","tenant_id":57369,"pool":"default/slab1k"}
[12:32:49] rpc RPC_ISO_DENY body_len=21
[12:32:49] rpc RPC_ISO_DENY resp_len=70 resp={"ok":true,"action":"deny","tenant_id":157369,"pool":"default/slab1k"}
[12:32:49] rpc RPC_KV_PUT body_len=62
[12:32:49] rpc RPC_KV_PUT resp_len=68 resp={"ok":false,"err":"tenant 57369 not allowed on pool default/slab1k"}
[12:32:49] rpc RPC_KV_PUT body_len=63
[12:32:49] rpc RPC_KV_PUT resp_len=69 resp={"ok":false,"err":"tenant 157369 not allowed on pool default/slab1k"}
[12:32:49] rpc RPC_ISO_ALLOW body_len=20
[12:32:49] rpc RPC_ISO_ALLOW resp_len=70 resp={"ok":true,"action":"allow","tenant_id":57369,"pool":"default/slab1k"}
[12:32:49] rpc RPC_ISO_LIST body_len=0
[12:32:49] rpc RPC_ISO_LIST resp_len=65 resp={"ok":true,"allowed":["57369|default/slab1k","0|default/slab1k"]}
[12:32:49] rpc RPC_KV_PUT body_len=65
[12:32:49] rpc RPC_KV_PUT resp_len=382 resp={"ok":true,"key":"fn_iso_shared_1779856369273_3680028","tenant_id":57369,"size":22,"offset":10481664,"repl_ns":19750,"degraded":false,"transport":"rdma","async_repl":false,"tcp_data_ready":true,"qos":{"priority":"hi","qp_idx":2,"hi_qp_start":0,"hi_qp_count":16,"lo_qp_start":16,"lo_qp_count":13},"route":{"primary":"192.168.0.218","replica":"192.168.0.214","local_is_primary":true}}
[12:32:49] rpc RPC_KV_GET body_len=42
[12:32:49] rpc RPC_KV_GET resp_len=66 resp={"ok":true,"hit":"local","size":22,"val":"tenant-a-private-value"}
[12:32:49] rpc RPC_KV_GET body_len=43
[12:32:49] rpc RPC_KV_GET resp_len=69 resp={"ok":false,"err":"tenant 157369 not allowed on pool default/slab1k"}
[12:32:49] rpc RPC_ISO_ALLOW body_len=21
[12:32:49] rpc RPC_ISO_ALLOW resp_len=71 resp={"ok":true,"action":"allow","tenant_id":157369,"pool":"default/slab1k"}
[12:32:49] rpc RPC_KV_GET body_len=43
[12:32:49] rpc RPC_KV_GET resp_len=30 resp={"ok":false,"err":"not found"}
[12:32:49] rpc RPC_KV_PUT body_len=66
[12:32:49] rpc RPC_KV_PUT resp_len=370 resp={"ok":true,"key":"fn_iso_shared_1779856369273_3680028","tenant_id":157369,"size":22,"offset":11530240,"repl_ns":17196,"degraded":false,"transport":"rdma","async_repl":false,"tcp_data_ready":true,"qos":{"priority":"hi","qp_idx":3,"hi_qp_start":0,"hi_qp_count":16,"lo_qp_start":16,"lo_qp_count":13},"route":{"primary":"192.168.0.218","replica":"","local_is_primary":true}}
[12:32:49] rpc RPC_KV_GET body_len=43
[12:32:49] rpc RPC_KV_GET resp_len=66 resp={"ok":true,"hit":"local","size":22,"val":"tenant-b-private-value"}
[12:32:49] rpc RPC_KV_GET body_len=42
[12:32:49] rpc RPC_KV_GET resp_len=66 resp={"ok":true,"hit":"local","size":22,"val":"tenant-a-private-value"}
[12:32:49] rpc RPC_ISO_DENY body_len=20
[12:32:49] rpc RPC_ISO_DENY resp_len=69 resp={"ok":true,"action":"deny","tenant_id":57369,"pool":"default/slab1k"}
[12:32:49] rpc RPC_KV_GET body_len=42
[12:32:49] rpc RPC_KV_GET resp_len=68 resp={"ok":false,"err":"tenant 57369 not allowed on pool default/slab1k"}
[12:32:49] rpc RPC_KV_PUT body_len=68
[12:32:49] rpc RPC_KV_PUT resp_len=68 resp={"ok":false,"err":"tenant 57369 not allowed on pool default/slab1k"}
[12:32:49] rpc RPC_KV_GET body_len=43
[12:32:49] rpc RPC_KV_GET resp_len=66 resp={"ok":true,"hit":"local","size":22,"val":"tenant-b-private-value"}
[12:32:49] rpc RPC_ISO_DENY body_len=21
[12:32:49] rpc RPC_ISO_DENY resp_len=70 resp={"ok":true,"action":"deny","tenant_id":157369,"pool":"default/slab1k"}
[12:32:49] rpc RPC_KV_PUT body_len=69
[12:32:49] rpc RPC_KV_PUT resp_len=69 resp={"ok":false,"err":"tenant 157369 not allowed on pool default/slab1k"}
[12:32:49] rpc RPC_ISO_LIST body_len=0
[12:32:49] rpc RPC_ISO_LIST resp_len=42 resp={"ok":true,"allowed":["0|default/slab1k"]}
[12:32:49] result=PASS completion=完成
