[09:55:52] start rdma/FN-2 聚合数据传输
[09:55:52] repo_root=/home/wangshouxin/native-rdma-web
[09:55:52] uds=/tmp/native_rdma-dp.sock ctrl_url=http://127.0.0.1:5000
[09:55:52] rpc RPC_CLUSTER_STATUS body_len=0
[09:55:52] rpc RPC_CLUSTER_STATUS resp_len=573 resp={"ok":true,"self":"A","peer_alive":true,"local_slab_base":140284203241472,"local_slab_len":4294967296,"local_slab_lkey":96256,"local_slab_rkey":96256,"peer_slab_base":140034484236288,"peer_slab_len":4294967296,"peer_slab_rkey":71936,"peer_num_qp":32,"local_gpu_enabled":false,"local_gpu_len":0,"local_gpu_lkey":0,"local_gpu_rkey":0,"peer_gpu_enabled":false,"peer_gpu_base":0,"peer_gpu_len":0,"peer_gpu_rkey":0,"degraded_puts":0,"degraded_bytes":0,"transport":"rdma","async_repl":false,"tcp_data_ready
[09:55:52] read data-plane log /home/wangshouxin/native-rdma-web/native_rdma/logs/dp_A.log bytes=5047623
[09:55:52] rpc RPC_KV_PUT_BATCH body_len=412
[09:55:52] rpc RPC_KV_PUT_BATCH resp_len=192 resp={"ok":true,"n":8,"ok_n":8,"peer_alive":true,"replicated_n":8,"degraded_n":0,"repl_failed_n":0,"degraded":false,"transport":"rdma","async_repl":false,"aggregation":"batch_rpc","repl_ns":314277}
[09:55:52] rpc RPC_TCP_GET_PEER body_len=32
[09:55:52] rpc RPC_TCP_GET_PEER resp_len=118 resp={"ok":true,"transport":"tcp","key":"fn_batch_1779846952823_3430502_0","size":13,"tcp_ns":391910,"val":"batch-value-0"}
[09:55:52] rpc RPC_TCP_GET_PEER body_len=32
[09:55:52] rpc RPC_TCP_GET_PEER resp_len=118 resp={"ok":true,"transport":"tcp","key":"fn_batch_1779846952823_3430502_1","size":13,"tcp_ns":242630,"val":"batch-value-1"}
[09:55:52] rpc RPC_TCP_GET_PEER body_len=32
[09:55:52] rpc RPC_TCP_GET_PEER resp_len=118 resp={"ok":true,"transport":"tcp","key":"fn_batch_1779846952823_3430502_2","size":13,"tcp_ns":315144,"val":"batch-value-2"}
[09:55:52] rpc RPC_TCP_GET_PEER body_len=32
[09:55:52] rpc RPC_TCP_GET_PEER resp_len=118 resp={"ok":true,"transport":"tcp","key":"fn_batch_1779846952823_3430502_3","size":13,"tcp_ns":255704,"val":"batch-value-3"}
[09:55:52] rpc RPC_TCP_GET_PEER body_len=32
[09:55:52] rpc RPC_TCP_GET_PEER resp_len=118 resp={"ok":true,"transport":"tcp","key":"fn_batch_1779846952823_3430502_4","size":13,"tcp_ns":339918,"val":"batch-value-4"}
[09:55:52] rpc RPC_TCP_GET_PEER body_len=32
[09:55:52] rpc RPC_TCP_GET_PEER resp_len=118 resp={"ok":true,"transport":"tcp","key":"fn_batch_1779846952823_3430502_5","size":13,"tcp_ns":234717,"val":"batch-value-5"}
[09:55:52] rpc RPC_TCP_GET_PEER body_len=32
[09:55:52] rpc RPC_TCP_GET_PEER resp_len=118 resp={"ok":true,"transport":"tcp","key":"fn_batch_1779846952823_3430502_6","size":13,"tcp_ns":135214,"val":"batch-value-6"}
[09:55:52] rpc RPC_TCP_GET_PEER body_len=32
[09:55:52] rpc RPC_TCP_GET_PEER resp_len=118 resp={"ok":true,"transport":"tcp","key":"fn_batch_1779846952823_3430502_7","size":13,"tcp_ns":240434,"val":"batch-value-7"}
[09:55:52] result=PASS completion=完成
