[21:26:04] start storage/FN-2 多层感知、冷热分离与调度
[21:26:04] repo_root=/home/wangshouxin/native-rdma-web
[21:26:04] uds=/tmp/native_rdma-dp.sock ctrl_url=http://127.0.0.1:5000
[21:26:04] rpc RPC_ADMIN_FLUSH body_len=0
[21:26:04] rpc RPC_ADMIN_FLUSH resp_len=27 resp={"ok":true,"freed_slabs":0}
[21:26:04] rpc RPC_KV_PUT body_len=66
[21:26:04] rpc RPC_KV_PUT resp_len=385 resp={"ok":true,"key":"fn_storage_tier_manual_1778160364162_1893727","tenant_id":0,"size":21,"offset":11530240,"repl_ns":568,"degraded":true,"transport":"rdma","async_repl":false,"tcp_data_ready":true,"qos":{"priority":"hi","qp_idx":5,"hi_qp_start":0,"hi_qp_count":16,"lo_qp_start":16,"lo_qp_count":13},"route":{"primary":"192.168.0.214","replica":"192.168.0.218","local_is_primary":false}}
[21:26:04] rpc RPC_TIER_DEMOTE body_len=49
[21:26:04] rpc RPC_TIER_DEMOTE resp_len=76 resp={"ok":true,"key":"fn_storage_tier_manual_1778160364162_1893727","to":"nvme"}
[21:26:04] rpc RPC_KV_GET body_len=44
[21:26:04] rpc RPC_KV_GET resp_len=72 resp={"ok":true,"hit":"nvme_promote","size":21,"val":"tiering_probe_payload"}
[21:26:04] rpc RPC_KV_PUT body_len=68
[21:26:04] rpc RPC_KV_PUT resp_len=369 resp={"ok":true,"key":"fn_storage_tier_cold_1778160364162_1893727","tenant_id":0,"size":25,"offset":13627392,"repl_ns":541,"degraded":true,"transport":"rdma","async_repl":false,"tcp_data_ready":true,"qos":{"priority":"hi","qp_idx":6,"hi_qp_start":0,"hi_qp_count":16,"lo_qp_start":16,"lo_qp_count":13},"route":{"primary":"192.168.0.218","replica":"","local_is_primary":true}}
[21:26:04] rpc RPC_KV_PUT body_len=66
[21:26:04] rpc RPC_KV_PUT resp_len=381 resp={"ok":true,"key":"fn_storage_tier_hot_1778160364162_1893727","tenant_id":0,"size":24,"offset":14675968,"repl_ns":234,"degraded":true,"transport":"rdma","async_repl":false,"tcp_data_ready":true,"qos":{"priority":"hi","qp_idx":7,"hi_qp_start":0,"hi_qp_count":16,"lo_qp_start":16,"lo_qp_count":13},"route":{"primary":"192.168.0.218","replica":"192.168.0.214","local_is_primary":true}}
[21:26:04] rpc RPC_KV_GET body_len=41
[21:26:04] rpc RPC_KV_GET resp_len=68 resp={"ok":true,"hit":"local","size":24,"val":"auto-hot-tiering-payload"}
[21:26:04] rpc RPC_TIER_STATS body_len=0
[21:26:04] rpc RPC_TIER_STATS resp_len=314 resp={"ok":true,"dram":3,"nvme":0,"hdd":0,"demoted_d_n":1,"demoted_n_h":0,"events":[{"ts_ns":7790418352217085,"key":"fn_storage_tier_manual_1778160364162_1893727","from":"nvme","to":"dram","bytes":21},{"ts_ns":7790418352086858,"key":"fn_storage_tier_manual_1778160364162_1893727","from":"dram","to":"nvme","bytes":21}]}
[21:26:05] rpc RPC_KV_GET body_len=41
[21:26:05] rpc RPC_KV_GET resp_len=68 resp={"ok":true,"hit":"local","size":24,"val":"auto-hot-tiering-payload"}
[21:26:05] rpc RPC_TIER_STATS body_len=0
[21:26:05] rpc RPC_TIER_STATS resp_len=314 resp={"ok":true,"dram":3,"nvme":0,"hdd":0,"demoted_d_n":1,"demoted_n_h":0,"events":[{"ts_ns":7790418352217085,"key":"fn_storage_tier_manual_1778160364162_1893727","from":"nvme","to":"dram","bytes":21},{"ts_ns":7790418352086858,"key":"fn_storage_tier_manual_1778160364162_1893727","from":"dram","to":"nvme","bytes":21}]}
[21:26:06] rpc RPC_KV_GET body_len=41
[21:26:06] rpc RPC_KV_GET resp_len=68 resp={"ok":true,"hit":"local","size":24,"val":"auto-hot-tiering-payload"}
[21:26:06] rpc RPC_TIER_STATS body_len=0
[21:26:06] rpc RPC_TIER_STATS resp_len=314 resp={"ok":true,"dram":3,"nvme":0,"hdd":0,"demoted_d_n":1,"demoted_n_h":0,"events":[{"ts_ns":7790418352217085,"key":"fn_storage_tier_manual_1778160364162_1893727","from":"nvme","to":"dram","bytes":21},{"ts_ns":7790418352086858,"key":"fn_storage_tier_manual_1778160364162_1893727","from":"dram","to":"nvme","bytes":21}]}
[21:26:07] rpc RPC_KV_GET body_len=41
[21:26:07] rpc RPC_KV_GET resp_len=68 resp={"ok":true,"hit":"local","size":24,"val":"auto-hot-tiering-payload"}
[21:26:07] rpc RPC_TIER_STATS body_len=0
[21:26:07] rpc RPC_TIER_STATS resp_len=314 resp={"ok":true,"dram":3,"nvme":0,"hdd":0,"demoted_d_n":1,"demoted_n_h":0,"events":[{"ts_ns":7790418352217085,"key":"fn_storage_tier_manual_1778160364162_1893727","from":"nvme","to":"dram","bytes":21},{"ts_ns":7790418352086858,"key":"fn_storage_tier_manual_1778160364162_1893727","from":"dram","to":"nvme","bytes":21}]}
[21:26:08] rpc RPC_KV_GET body_len=41
[21:26:08] rpc RPC_KV_GET resp_len=68 resp={"ok":true,"hit":"local","size":24,"val":"auto-hot-tiering-payload"}
[21:26:08] rpc RPC_TIER_STATS body_len=0
[21:26:08] rpc RPC_TIER_STATS resp_len=429 resp={"ok":true,"dram":2,"nvme":1,"hdd":0,"demoted_d_n":2,"demoted_n_h":0,"events":[{"ts_ns":7790421648323277,"key":"fn_storage_tier_cold_1778160364162_1893727","from":"dram","to":"nvme","bytes":25},{"ts_ns":7790418352217085,"key":"fn_storage_tier_manual_1778160364162_1893727","from":"nvme","to":"dram","bytes":21},{"ts_ns":7790418352086858,"key":"fn_storage_tier_manual_1778160364162_1893727","from":"dram","to":"nvme","bytes":21}]}
[21:26:08] rpc RPC_TIER_STATS body_len=0
[21:26:08] rpc RPC_TIER_STATS resp_len=429 resp={"ok":true,"dram":2,"nvme":1,"hdd":0,"demoted_d_n":2,"demoted_n_h":0,"events":[{"ts_ns":7790421648323277,"key":"fn_storage_tier_cold_1778160364162_1893727","from":"dram","to":"nvme","bytes":25},{"ts_ns":7790418352217085,"key":"fn_storage_tier_manual_1778160364162_1893727","from":"nvme","to":"dram","bytes":21},{"ts_ns":7790418352086858,"key":"fn_storage_tier_manual_1778160364162_1893727","from":"dram","to":"nvme","bytes":21}]}
[21:26:08] rpc RPC_KV_GET body_len=42
[21:26:08] rpc RPC_KV_GET resp_len=76 resp={"ok":true,"hit":"nvme_promote","size":25,"val":"auto-cold-tiering-payload"}
[21:26:08] rpc RPC_KV_GET body_len=41
[21:26:08] rpc RPC_KV_GET resp_len=68 resp={"ok":true,"hit":"local","size":24,"val":"auto-hot-tiering-payload"}
[21:26:08] result=PASS completion=完成
