[23:42:28] start storage/FN-1 仿真引擎异构存储统一访问接口
[23:42:28] repo_root=/home/wangshouxin/native-rdma-web
[23:42:28] uds=/tmp/native_rdma-dp.sock ctrl_url=http://127.0.0.1:5000
[23:42:28] rpc RPC_TIER_STATS body_len=0
[23:42:28] rpc RPC_TIER_STATS resp_len=81 resp={"ok":true,"dram":0,"nvme":0,"hdd":0,"demoted_d_n":0,"demoted_n_h":0,"events":[]}
[23:42:28] rpc RPC_KV_PUT body_len=64
[23:42:28] rpc RPC_KV_PUT resp_len=373 resp={"ok":true,"key":"fn_storage_iface_nvme_1777909348052_2395786","tenant_id":0,"size":20,"offset":2093056,"repl_ns":51432,"degraded":false,"transport":"rdma","async_repl":false,"tcp_data_ready":true,"qos":{"priority":"hi","qp_idx":0,"hi_qp_start":0,"hi_qp_count":16,"lo_qp_start":16,"lo_qp_count":13},"route":{"primary":"192.168.0.214","replica":"","local_is_primary":false}}
[23:42:28] rpc RPC_TIER_DEMOTE body_len=48
[23:42:28] rpc RPC_TIER_DEMOTE resp_len=75 resp={"ok":true,"key":"fn_storage_iface_nvme_1777909348052_2395786","to":"nvme"}
[23:42:28] rpc RPC_TIER_STATS body_len=0
[23:42:28] rpc RPC_TIER_STATS resp_len=196 resp={"ok":true,"dram":0,"nvme":1,"hdd":0,"demoted_d_n":1,"demoted_n_h":0,"events":[{"ts_ns":7539402241975535,"key":"fn_storage_iface_nvme_1777909348052_2395786","from":"dram","to":"nvme","bytes":20}]}
[23:42:28] rpc RPC_KV_GET body_len=43
[23:42:28] rpc RPC_KV_GET resp_len=71 resp={"ok":true,"hit":"nvme_promote","size":20,"val":"nvme-interface-probe"}
[23:42:28] rpc RPC_KV_PUT body_len=62
[23:42:28] rpc RPC_KV_PUT resp_len=384 resp={"ok":true,"key":"fn_storage_iface_hdd_1777909348052_2395786","tenant_id":0,"size":19,"offset":4190208,"repl_ns":19452,"degraded":false,"transport":"rdma","async_repl":false,"tcp_data_ready":true,"qos":{"priority":"hi","qp_idx":1,"hi_qp_start":0,"hi_qp_count":16,"lo_qp_start":16,"lo_qp_count":13},"route":{"primary":"192.168.0.218","replica":"192.168.0.214","local_is_primary":true}}
[23:42:28] rpc RPC_TIER_DEMOTE body_len=46
[23:42:28] rpc RPC_TIER_DEMOTE resp_len=73 resp={"ok":true,"key":"fn_storage_iface_hdd_1777909348052_2395786","to":"hdd"}
[23:42:28] rpc RPC_TIER_STATS body_len=0
[23:42:28] rpc RPC_TIER_STATS resp_len=426 resp={"ok":true,"dram":1,"nvme":0,"hdd":1,"demoted_d_n":2,"demoted_n_h":0,"events":[{"ts_ns":7539402242416204,"key":"fn_storage_iface_hdd_1777909348052_2395786","from":"dram","to":"hdd","bytes":19},{"ts_ns":7539402242176605,"key":"fn_storage_iface_nvme_1777909348052_2395786","from":"nvme","to":"dram","bytes":20},{"ts_ns":7539402241975535,"key":"fn_storage_iface_nvme_1777909348052_2395786","from":"dram","to":"nvme","bytes":20}]}
[23:42:28] rpc RPC_KV_GET body_len=42
[23:42:28] rpc RPC_KV_GET resp_len=69 resp={"ok":true,"hit":"hdd_promote","size":19,"val":"hdd-interface-probe"}
[23:42:28] result=PASS completion=完成
