[warmup] $ /home/wangshouxin/native-rdma-web/native_rdma/build-current/bin/nr_bench --uds=/tmp/native_rdma-dp.sock --op=put --threads=8 --val-size=1024 --duration=3 --max-iops=300000
exit=0
[nr_bench] uds=/tmp/native_rdma-dp.sock op=put threads=8 duration=3s val_size=1024 keyspace=10000 prio=default require_peer=false batch=1 max_iops=300000

==== nr_bench result ====
  elapsed       : 3.00 s
  elapsed_ms    : 3000.68
  threads       : 8
  op            : put
  ops ok/fail   : 527312 / 0
  ops degraded  : 0
  ops/s         : 175731
  req_bytes     : 545178674 (181.69 MB/s)
  resp_bytes    : 183669044 (61.21 MB/s)
  latency us    : avg=44.89  p50=34.20  p90=46.94  p99=78.84  p99.9=1209.81  max=29390.28


[measured] $ /home/wangshouxin/native-rdma-web/native_rdma/build-current/bin/nr_bench --uds=/tmp/native_rdma-dp.sock --op=put --threads=8 --val-size=1024 --duration=10 --require-peer=1 --max-iops=300000
exit=0
[nr_bench] uds=/tmp/native_rdma-dp.sock op=put threads=8 duration=10s val_size=1024 keyspace=10000 prio=default require_peer=true batch=1 max_iops=300000

==== nr_bench result ====
  elapsed       : 10.00 s
  elapsed_ms    : 10000.79
  threads       : 8
  op            : put
  ops ok/fail   : 1949735 / 0
  ops degraded  : 0 (rejected)
  ops/s         : 194958
  req_bytes     : 2015804216 (201.56 MB/s)
  resp_bytes    : 679194541 (67.91 MB/s)
  latency us    : avg=40.47  p50=34.03  p90=44.80  p99=63.36  p99.9=155.10  max=38114.91

